Component: ARM Compiler 5.05 update 1 (build 106) Tool: armlink [4d0efa]

==============================================================================

Section Cross References

    main.o(.text) refers to _printf_percent.o(.ARM.Collect$$_printf_percent$$00000000) for _printf_percent
    main.o(.text) refers to _printf_d.o(.ARM.Collect$$_printf_percent$$00000009) for _printf_d
    main.o(.text) refers to _printf_dec.o(.text) for _printf_int_dec
    main.o(.text) refers to pid.o(.text) for PID_ParameterReckonL
    main.o(.text) refers to encoder.o(.text) for Read_Encoder
    main.o(.text) refers to stm32f10x_gpio.o(.text) for GPIO_ReadInputDataBit
    main.o(.text) refers to faddsub_clz.o(x$fpl$fadd) for __aeabi_fadd
    main.o(.text) refers to frleqf.o(x$fpl$frleqf) for __aeabi_cfrcmple
    main.o(.text) refers to fflt_clz.o(x$fpl$fflt) for __aeabi_i2f
    main.o(.text) refers to faddsub_clz.o(x$fpl$frsb) for __aeabi_frsub
    main.o(.text) refers to ffix.o(x$fpl$ffix) for __aeabi_f2iz
    main.o(.text) refers to noretval__2printf.o(.text) for __2printf
    main.o(.text) refers to delay.o(.text) for delay_ms
    main.o(.text) refers to main.o(.data) for setL
    main.o(.text) refers to uart3.o(.text) for UART3_Put_String
    main.o(.text) refers to misc.o(.text) for NVIC_PriorityGroupConfig
    main.o(.text) refers to usart.o(.text) for uart_init
    main.o(.text) refers to led.o(.text) for LED_Init
    main.o(.text) refers to key.o(.text) for KEY_Init
    main.o(.text) refers to motor.o(.text) for MiniBalance_PWM_Init
    main.o(.text) refers to timer.o(.text) for TIM3_Cap_Init
    main.o(.text) refers to stm32f10x_usart.o(.text) for USART_Cmd
    main.o(.data) refers to main.o(.conststring) for .conststring
    system_stm32f10x.o(.text) refers to system_stm32f10x.o(.data) for SystemCoreClock
    led.o(.text) refers to stm32f10x_rcc.o(.text) for RCC_APB2PeriphClockCmd
    led.o(.text) refers to stm32f10x_gpio.o(.text) for GPIO_Init
    motor.o(.text) refers to stm32f10x_rcc.o(.text) for RCC_APB2PeriphClockCmd
    motor.o(.text) refers to stm32f10x_gpio.o(.text) for GPIO_Init
    motor.o(.text) refers to stm32f10x_tim.o(.text) for TIM_TimeBaseInit
    key.o(.text) refers to stm32f10x_rcc.o(.text) for RCC_APB2PeriphClockCmd
    key.o(.text) refers to stm32f10x_gpio.o(.text) for GPIO_PinRemapConfig
    key.o(.text) refers to delay.o(.text) for delay_ms
    key.o(.text) refers to key.o(.data) for key_up
    encoder.o(.text) refers to stm32f10x_rcc.o(.text) for RCC_APB1PeriphClockCmd
    encoder.o(.text) refers to stm32f10x_gpio.o(.text) for GPIO_Init
    encoder.o(.text) refers to stm32f10x_tim.o(.text) for TIM_TimeBaseStructInit
    pid.o(.text) refers to fmul.o(x$fpl$fmul) for __aeabi_fmul
    pid.o(.text) refers to faddsub_clz.o(x$fpl$frsb) for __aeabi_frsub
    pid.o(.text) refers to faddsub_clz.o(x$fpl$fadd) for __aeabi_fadd
    pid.o(.text) refers to faddsub_clz.o(x$fpl$fsub) for __aeabi_fsub
    pid.o(.text) refers to frleqf.o(x$fpl$frleqf) for __aeabi_cfrcmple
    pid.o(.text) refers to fleqf.o(x$fpl$fleqf) for __aeabi_cfcmple
    pid.o(.text) refers to pid.o(.data) for KpL
    pid.o(.text) refers to pid.o(.bss) for ErrorL
    timer.o(.text) refers to stm32f10x_rcc.o(.text) for RCC_APB1PeriphClockCmd
    timer.o(.text) refers to stm32f10x_gpio.o(.text) for GPIO_Init
    timer.o(.text) refers to stm32f10x_tim.o(.text) for TIM_TimeBaseInit
    timer.o(.text) refers to misc.o(.text) for NVIC_Init
    timer.o(.text) refers to delay.o(.text) for delay_us
    timer.o(.text) refers to timer.o(.bss) for TIM3_ICInitStructure
    timer.o(.text) refers to timer.o(.data) for TIM3CH3_CAPTURE_STA
    uart3.o(.text) refers to stm32f10x_rcc.o(.text) for RCC_APB1PeriphClockCmd
    uart3.o(.text) refers to stm32f10x_gpio.o(.text) for GPIO_Init
    uart3.o(.text) refers to stm32f10x_usart.o(.text) for USART_Init
    uart3.o(.text) refers to misc.o(.text) for NVIC_Init
    uart3.o(.text) refers to uart3.o(.data) for TxCounter
    uart3.o(.text) refers to uart3.o(.bss) for TxBuffer
    delay.o(.text) refers to misc.o(.text) for SysTick_CLKSourceConfig
    delay.o(.text) refers to system_stm32f10x.o(.data) for SystemCoreClock
    delay.o(.text) refers to delay.o(.data) for fac_us
    usart.o(.text) refers (Special) to use_no_semi_2.o(.text) for __use_no_semihosting
    usart.o(.text) refers to stm32f10x_rcc.o(.text) for RCC_APB2PeriphClockCmd
    usart.o(.text) refers to stm32f10x_gpio.o(.text) for GPIO_Init
    usart.o(.text) refers to misc.o(.text) for NVIC_Init
    usart.o(.text) refers to stm32f10x_usart.o(.text) for USART_Init
    usart.o(.text) refers to usart.o(.data) for USART_RX_STA
    usart.o(.text) refers to usart.o(.bss) for USART_RX_BUF
    usart.o(.bss) refers (Special) to use_no_semi_2.o(.text) for __use_no_semihosting
    usart.o(.data) refers (Special) to use_no_semi_2.o(.text) for __use_no_semihosting
    startup_stm32f10x_hd.o(STACK) refers (Special) to heapauxi.o(.text) for __use_two_region_memory
[...]
    libinit.o(.ARM.Collect$$libinit$$00000000) refers (Special) to libinit2.o(.ARM.Collect$$libinit$$0000002C) for __rt_lib_init_argv_1
    libinit.o(.ARM.Collect$$libinit$$00000000) refers (Special) to libinit2.o(.ARM.Collect$$libinit$$0000001B) for __rt_lib_init_atexit_1
    libinit.o(.ARM.Collect$$libinit$$00000000) refers (Special) to libinit2.o(.ARM.Collect$$libinit$$00000021) for __rt_lib_init_clock_1
    libinit.o(.ARM.Collect$$libinit$$00000000) refers (Special) to libinit2.o(.ARM.Collect$$libinit$$00000032) for __rt_lib_init_cpp_1
    libinit.o(.ARM.Collect$$libinit$$00000000) refers (Special) to libinit2.o(.ARM.Collect$$libinit$$00000030) for __rt_lib_init_exceptions_1
    libinit.o(.ARM.Collect$$libinit$$00000000) refers (Special) to libinit2.o(.ARM.Collect$$libinit$$00000002) for __rt_lib_init_fp_1
    libinit.o(.ARM.Collect$$libinit$$00000000) refers (Special) to libinit2.o(.ARM.Collect$$libinit$$0000001F) for __rt_lib_init_fp_trap_1
    libinit.o(.ARM.Collect$$libinit$$00000000) refers (Special) to libinit2.o(.ARM.Collect$$libinit$$00000023) for __rt_lib_init_getenv_1
    libinit.o(.ARM.Collect$$libinit$$00000000) refers (Special) to libinit2.o(.ARM.Collect$$libinit$$0000000A) for __rt_lib_init_heap_1
    libinit.o(.ARM.Collect$$libinit$$00000000) refers (Special) to libinit2.o(.ARM.Collect$$libinit$$00000011) for __rt_lib_init_lc_collate_1
    libinit.o(.ARM.Collect$$libinit$$00000000) refers (Special) to libinit2.o(.ARM.Collect$$libinit$$00000013) for __rt_lib_init_lc_ctype_1
    libinit.o(.ARM.Collect$$libinit$$00000000) refers (Special) to libinit2.o(.ARM.Collect$$libinit$$00000015) for __rt_lib_init_lc_monetary_1
    libinit.o(.ARM.Collect$$libinit$$00000000) refers (Special) to libinit2.o(.ARM.Collect$$libinit$$00000017) for __rt_lib_init_lc_numeric_1
    libinit.o(.ARM.Collect$$libinit$$00000000) refers (Special) to libinit2.o(.ARM.Collect$$libinit$$00000019) for __rt_lib_init_lc_time_1
    libinit.o(.ARM.Collect$$libinit$$00000000) refers (Special) to libinit2.o(.ARM.Collect$$libinit$$00000004) for __rt_lib_init_preinit_1
    libinit.o(.ARM.Collect$$libinit$$00000000) refers (Special) to libinit2.o(.ARM.Collect$$libinit$$0000000E) for __rt_lib_init_rand_1
    libinit.o(.ARM.Collect$$libinit$$00000000) refers (Special) to libinit2.o(.ARM.Collect$$libinit$$00000033) for __rt_lib_init_return
    libinit.o(.ARM.Collect$$libinit$$00000000) refers (Special) to libinit2.o(.ARM.Collect$$libinit$$0000001D) for __rt_lib_init_signal_1
    libinit.o(.ARM.Collect$$libinit$$00000000) refers (Special) to libinit2.o(.ARM.Collect$$libinit$$00000025) for __rt_lib_init_stdio_1
    libinit.o(.ARM.Collect$$libinit$$00000000) refers (Special) to libinit2.o(.ARM.Collect$$libinit$$0000000C) for __rt_lib_init_user_alloc_1
    libspace.o(.text) refers to libspace.o(.bss) for __libspace_start
    rtexit.o(.ARM.Collect$$rtexit$$00000000) refers (Special) to rtexit2.o(.ARM.Collect$$rtexit$$00000004) for __rt_exit_exit
    rtexit.o(.ARM.Collect$$rtexit$$00000000) refers (Special) to rtexit2.o(.ARM.Collect$$rtexit$$00000003) for __rt_exit_ls
    rtexit.o(.ARM.Collect$$rtexit$$00000000) refers (Special) to rtexit2.o(.ARM.Collect$$rtexit$$00000002) for __rt_exit_prels_1
    rtexit.o(.ARM.exidx) refers (Special) to rtexit2.o(.ARM.Collect$$rtexit$$00000004) for __rt_exit_exit
    rtexit.o(.ARM.exidx) refers (Special) to rtexit2.o(.ARM.Collect$$rtexit$$00000003) for __rt_exit_ls
    rtexit.o(.ARM.exidx) refers (Special) to rtexit2.o(.ARM.Collect$$rtexit$$00000002) for __rt_exit_prels_1
    rtexit.o(.ARM.exidx) refers to rtexit.o(.ARM.Collect$$rtexit$$00000000) for .ARM.Collect$$rtexit$$00000000
    libinit2.o(.ARM.Collect$$libinit$$00000010) refers to libinit2.o(.ARM.Collect$$libinit$$0000000F) for .ARM.Collect$$libinit$$0000000F
    libinit2.o(.ARM.Collect$$libinit$$00000012) refers to libinit2.o(.ARM.Collect$$libinit$$0000000F) for .ARM.Collect$$libinit$$0000000F
    libinit2.o(.ARM.Collect$$libinit$$00000014) refers to libinit2.o(.ARM.Collect$$libinit$$0000000F) for .ARM.Collect$$libinit$$0000000F
    libinit2.o(.ARM.Collect$$libinit$$00000016) refers to libinit2.o(.ARM.Collect$$libinit$$0000000F) for .ARM.Collect$$libinit$$0000000F
    libinit2.o(.ARM.Collect$$libinit$$00000018) refers to libinit2.o(.ARM.Collect$$libinit$$0000000F) for .ARM.Collect$$libinit$$0000000F
    libinit2.o(.ARM.Collect$$libinit$$00000026) refers to argv_veneer.o(.emb_text) for __ARM_argv_veneer
    libinit2.o(.ARM.Collect$$libinit$$00000027) refers to argv_veneer.o(.emb_text) for __ARM_argv_veneer
    rtexit2.o(.ARM.Collect$$rtexit$$00000003) refers to libshutdown.o(.ARM.Collect$$libshutdown$$00000000) for __rt_lib_shutdown
    rtexit2.o(.ARM.Collect$$rtexit$$00000004) refers to usart.o(.text) for _sys_exit
    rtexit2.o(.ARM.exidx) refers to rtexit2.o(.ARM.Collect$$rtexit$$00000001) for .ARM.Collect$$rtexit$$00000001
    rtexit2.o(.ARM.exidx) refers to rtexit2.o(.ARM.Collect$$rtexit$$00000003) for .ARM.Collect$$rtexit$$00000003
    rtexit2.o(.ARM.exidx) refers to rtexit2.o(.ARM.Collect$$rtexit$$00000004) for .ARM.Collect$$rtexit$$00000004
    argv_veneer.o(.emb_text) refers to no_argv.o(.text) for __ARM_get_argv
    _get_argv_nomalloc.o(.text) refers (Special) to hrguard.o(.text) for __heap_region$guard
    _get_argv_nomalloc.o(.text) refers to defsig_rtmem_outer.o(.text) for __rt_SIGRTMEM
    _get_argv_nomalloc.o(.text) refers to sys_command.o(.text) for _sys_command_string
    libshutdown.o(.ARM.Collect$$libshutdown$$00000000) refers (Special) to libshutdown2.o(.ARM.Collect$$libshutdown$$00000006) for __rt_lib_shutdown_fp_trap_1
    libshutdown.o(.ARM.Collect$$libshutdown$$00000000) refers (Special) to libshutdown2.o(.ARM.Collect$$libshutdown$$0000000E) for __rt_lib_shutdown_heap_1
    libshutdown.o(.ARM.Collect$$libshutdown$$00000000) refers (Special) to libshutdown2.o(.ARM.Collect$$libshutdown$$0000000F) for __rt_lib_shutdown_return
    libshutdown.o(.ARM.Collect$$libshutdown$$00000000) refers (Special) to libshutdown2.o(.ARM.Collect$$libshutdown$$00000009) for __rt_lib_shutdown_signal_1
    libshutdown.o(.ARM.Collect$$libshutdown$$00000000) refers (Special) to libshutdown2.o(.ARM.Collect$$libshutdown$$00000003) for __rt_lib_shutdown_stdio_1
    libshutdown.o(.ARM.Collect$$libshutdown$$00000000) refers (Special) to libshutdown2.o(.ARM.Collect$$libshutdown$$0000000B) for __rt_lib_shutdown_user_alloc_1
    sys_command.o(.text) refers (Special) to use_no_semi.o(.text) for __I$use$semihosting
    sys_command.o(.text) refers (Special) to indicate_semi.o(.text) for __semihosting_library_function
    defsig_rtmem_outer.o(.text) refers to defsig_rtmem_inner.o(.text) for __rt_SIGRTMEM_inner
    defsig_rtmem_outer.o(.text) refers to defsig_exit.o(.text) for __sig_exit
    defsig_rtmem_formal.o(.text) refers to rt_raise.o(.text) for __rt_raise
    rt_raise.o(.text) refers to __raise.o(.text) for __raise
    rt_raise.o(.text) refers to usart.o(.text) for _sys_exit
    defsig_exit.o(.text) refers to usart.o(.text) for _sys_exit
    defsig_rtmem_inner.o(.text) refers to defsig_general.o(.text) for __default_signal_display
    __raise.o(.text) refers to defsig.o(CL$$defsig) for __default_signal_handler
    defsig_general.o(.text) refers to sys_wrch.o(.text) for _ttywrch
    sys_wrch.o(.text) refers (Special) to use_no_semi.o(.text) for __I$use$semihosting
    sys_wrch.o(.text) refers (Special) to indicate_semi.o(.text) for __semihosting_library_function
    defsig.o(CL$$defsig) refers to defsig_rtmem_inner.o(.text) for __rt_SIGRTMEM_inner
    defsig_abrt_inner.o(.text) refers to defsig_general.o(.text) for __default_signal_display
    defsig_fpe_inner.o(.text) refers to defsig_general.o(.text) for __default_signal_display
    defsig_rtred_inner.o(.text) refers to defsig_general.o(.text) for __default_signal_display
    defsig_stak_inner.o(.text) refers to defsig_general.o(.text) for __default_signal_display
    defsig_pvfn_inner.o(.text) refers to defsig_general.o(.text) for __default_signal_display
    defsig_cppl_inner.o(.text) refers to defsig_general.o(.text) for __default_signal_display
    defsig_segv_inner.o(.text) refers to defsig_general.o(.text) for __default_signal_display
    defsig_other.o(.text) refers to defsig_general.o(.text) for __default_signal_display


==============================================================================

Removing Unused input sections from the image.

    Removing sys.o(.emb_text), (6 bytes).
    Removing sys.o(.text), (12 bytes).
    Removing core_cm3.o(.emb_text), (32 bytes).

3 unused section(s) (total 50 bytes) removed from the image.

==============================================================================

Image Symbol Table

    Local Symbols

    Symbol Name                              Value     Ov Type        Size  Object(Section)

    ../clib/angel/boardlib.s                 0x00000000   Number         0  boardshut.o ABSOLUTE
    ../clib/angel/boardlib.s                 0x00000000   Number         0  boardinit3.o ABSOLUTE
    ../clib/angel/boardlib.s                 0x00000000   Number         0  boardinit1.o ABSOLUTE
    ../clib/angel/boardlib.s                 0x00000000   Number         0  boardinit2.o ABSOLUTE
    ../clib/angel/handlers.s                 0x00000000   Number         0  __scatter_zi.o ABSOLUTE
    ../clib/angel/handlers.s                 0x00000000   Number         0  __scatter_copy.o ABSOLUTE
    ../clib/angel/kernel.s                   0x00000000   Number         0  __rtentry.o ABSOLUTE
    ../clib/angel/kernel.s                   0x00000000   Number         0  rtexit2.o ABSOLUTE
    ../clib/angel/kernel.s                   0x00000000   Number         0  __rtentry2.o ABSOLUTE
    ../clib/angel/kernel.s                   0x00000000   Number         0  rtexit.o ABSOLUTE
    ../clib/angel/kernel.s                   0x00000000   Number         0  __rtentry4.o ABSOLUTE
    ../clib/angel/rt.s                       0x00000000   Number         0  rt_raise.o ABSOLUTE
    ../clib/angel/scatter.s                  0x00000000   Number         0  __scatter.o ABSOLUTE
    ../clib/angel/startup.s                  0x00000000   Number         0  __main.o ABSOLUTE
    ../clib/angel/sys.s                      0x00000000   Number         0  use_no_semi.o ABSOLUTE
    ../clib/angel/sys.s                      0x00000000   Number         0  indicate_semi.o ABSOLUTE
    ../clib/angel/sys.s                      0x00000000   Number         0  sys_stackheap_outer.o ABSOLUTE
    ../clib/angel/sys.s                      0x00000000   Number         0  use_no_semi_2.o ABSOLUTE
    ../clib/angel/sys.s                      0x00000000   Number         0  libspace.o ABSOLUTE
    ../clib/angel/sysapp.c                   0x00000000   Number         0  sys_wrch.o ABSOLUTE
    ../clib/angel/sysapp.c                   0x00000000   Number         0  sys_command.o ABSOLUTE
    ../clib/armsys.c                         0x00000000   Number         0  argv_veneer.o ABSOLUTE
    ../clib/armsys.c                         0x00000000   Number         0  argv_veneer.o ABSOLUTE
    ../clib/armsys.c                         0x00000000   Number         0  _get_argv_nomalloc.o ABSOLUTE
    ../clib/armsys.c                         0x00000000   Number         0  no_argv.o ABSOLUTE
    ../clib/heapalloc.c                      0x00000000   Number         0  hrguard.o ABSOLUTE
    ../clib/heapaux.c                        0x00000000   Number         0  heapauxi.o ABSOLUTE
    ../clib/libinit.s                        0x00000000   Number         0  libinit.o ABSOLUTE
    ../clib/libinit.s                        0x00000000   Number         0  libshutdown2.o ABSOLUTE
    ../clib/libinit.s                        0x00000000   Number         0  libshutdown.o ABSOLUTE
    ../clib/libinit.s                        0x00000000   Number         0  libinit2.o ABSOLUTE
    ../clib/printf.c                         0x00000000   Number         0  __printf_flags_wp.o ABSOLUTE
    ../clib/printf.c                         0x00000000   Number         0  __printf_nopercent.o ABSOLUTE
    ../clib/printf.c                         0x00000000   Number         0  noretval__2printf.o ABSOLUTE
    ../clib/printf.c                         0x00000000   Number         0  __2printf.o ABSOLUTE
    ../clib/printf.c                         0x00000000   Number         0  __printf_flags_ss_wp.o ABSOLUTE
    ../clib/printf.c                         0x00000000   Number         0  _printf_intcommon.o ABSOLUTE
    ../clib/printf.c                         0x00000000   Number         0  _printf_char_file.o ABSOLUTE
    ../clib/printf.c                         0x00000000   Number         0  __printf_ss_wp.o ABSOLUTE
    ../clib/printf.c                         0x00000000   Number         0  __printf_flags.o ABSOLUTE
    ../clib/printf.c                         0x00000000   Number         0  __printf_ss.o ABSOLUTE
    ../clib/printf.c                         0x00000000   Number         0  __printf_flags_ss.o ABSOLUTE
    ../clib/printf.c                         0x00000000   Number         0  __printf_wp.o ABSOLUTE
    ../clib/printf.c                         0x00000000   Number         0  __printf.o ABSOLUTE
    ../clib/printf.c                         0x00000000   Number         0  _printf_dec.o ABSOLUTE
    ../clib/printf.c                         0x00000000   Number         0  _printf_char_common.o ABSOLUTE
    ../clib/printf_percent.s                 0x00000000   Number         0  _printf_d.o ABSOLUTE
    ../clib/printf_percent.s                 0x00000000   Number         0  _printf_percent.o ABSOLUTE
    ../clib/printf_percent.s                 0x00000000   Number         0  _printf_percent_end.o ABSOLUTE
    ../clib/signal.c                         0x00000000   Number         0  defsig_rtmem_formal.o ABSOLUTE
    ../clib/signal.c                         0x00000000   Number         0  __raise.o ABSOLUTE
    ../clib/signal.c                         0x00000000   Number         0  defsig_rtmem_inner.o ABSOLUTE
    ../clib/signal.c                         0x00000000   Number         0  defsig_exit.o ABSOLUTE
    ../clib/signal.c                         0x00000000   Number         0  defsig_rtmem_outer.o ABSOLUTE
    ../clib/signal.c                         0x00000000   Number         0  defsig_other.o ABSOLUTE
    ../clib/signal.c                         0x00000000   Number         0  defsig_segv_inner.o ABSOLUTE
    ../clib/signal.c                         0x00000000   Number         0  defsig_cppl_inner.o ABSOLUTE
    ../clib/signal.c                         0x00000000   Number         0  defsig_pvfn_inner.o ABSOLUTE
    ../clib/signal.c                         0x00000000   Number         0  defsig_stak_inner.o ABSOLUTE
    ../clib/signal.c                         0x00000000   Number         0  defsig_rtred_inner.o ABSOLUTE
    ../clib/signal.c                         0x00000000   Number         0  defsig_fpe_inner.o ABSOLUTE
    ../clib/signal.c                         0x00000000   Number         0  defsig_abrt_inner.o ABSOLUTE
    ../clib/signal.c                         0x00000000   Number         0  defsig_general.o ABSOLUTE
    ../clib/signal.s                         0x00000000   Number         0  defsig.o ABSOLUTE
    ../clib/stdio.c                          0x00000000   Number         0  ferror.o ABSOLUTE
    ../clib/stdio.c                          0x00000000   Number         0  ferror_locked.o ABSOLUTE
    ../clib/stdlib.c                         0x00000000   Number         0  exit.o ABSOLUTE
    ../fplib/faddsub.s                       0x00000000   Number         0  faddsub_clz.o ABSOLUTE
    ../fplib/fcmpi.s                         0x00000000   Number         0  fcmpi.o ABSOLUTE
    ../fplib/ffix.s                          0x00000000   Number         0  ffix.o ABSOLUTE
    ../fplib/fflt.s                          0x00000000   Number         0  fflt_clz.o ABSOLUTE
    ../fplib/fleqf.s                         0x00000000   Number         0  fleqf.o ABSOLUTE
    ../fplib/fmul.s                          0x00000000   Number         0  fmul.o ABSOLUTE
    ../fplib/fnaninf.s                       0x00000000   Number         0  fnaninf.o ABSOLUTE
    ../fplib/fpinit.s                        0x00000000   Number         0  fpinit.o ABSOLUTE
    ../fplib/fretinf.s                       0x00000000   Number         0  fretinf.o ABSOLUTE
    ../fplib/frleqf.s                        0x00000000   Number         0  frleqf.o ABSOLUTE
    ../fplib/usenofp.s                       0x00000000   Number         0  usenofp.o ABSOLUTE
    ..\CORE\core_cm3.c                       0x00000000   Number         0  core_cm3.o ABSOLUTE
    ..\CORE\startup_stm32f10x_hd.s           0x00000000   Number         0  startup_stm32f10x_hd.o ABSOLUTE
    ..\HARDWARE\KEY\key.c                    0x00000000   Number         0  key.o ABSOLUTE
    ..\HARDWARE\KEY\timer.c                  0x00000000   Number         0  timer.o ABSOLUTE
    ..\HARDWARE\LED\UART3.c                  0x00000000   Number         0  uart3.o ABSOLUTE
    ..\HARDWARE\LED\encoder.c                0x00000000   Number         0  encoder.o ABSOLUTE
    ..\HARDWARE\LED\led.c                    0x00000000   Number         0  led.o ABSOLUTE
    ..\HARDWARE\LED\motor.c                  0x00000000   Number         0  motor.o ABSOLUTE
    ..\STM32F10x_FWLib\src\misc.c            0x00000000   Number         0  misc.o ABSOLUTE
    ..\STM32F10x_FWLib\src\stm32f10x_gpio.c  0x00000000   Number         0  stm32f10x_gpio.o ABSOLUTE
    ..\STM32F10x_FWLib\src\stm32f10x_rcc.c   0x00000000   Number         0  stm32f10x_rcc.o ABSOLUTE
    ..\STM32F10x_FWLib\src\stm32f10x_tim.c   0x00000000   Number         0  stm32f10x_tim.o ABSOLUTE
    ..\STM32F10x_FWLib\src\stm32f10x_usart.c 0x00000000   Number         0  stm32f10x_usart.o ABSOLUTE
    ..\SYSTEM\delay\delay.c                  0x00000000   Number         0  delay.o ABSOLUTE
    ..\SYSTEM\sys\sys.c                      0x00000000   Number         0  sys.o ABSOLUTE
    ..\SYSTEM\usart\usart.c                  0x00000000   Number         0  usart.o ABSOLUTE
    ..\\CORE\\core_cm3.c                     0x00000000   Number         0  core_cm3.o ABSOLUTE
    ..\\SYSTEM\\sys\\sys.c                   0x00000000   Number         0  sys.o ABSOLUTE
    PID.c                                    0x00000000   Number         0  pid.o ABSOLUTE
    dc.s                                     0x00000000   Number         0  dc.o ABSOLUTE
    main.c                                   0x00000000   Number         0  main.o ABSOLUTE
    stm32f10x_it.c                           0x00000000   Number         0  stm32f10x_it.o ABSOLUTE
    system_stm32f10x.c                       0x00000000   Number         0  system_stm32f10x.o ABSOLUTE
    RESET                                    0x08000000   Section      304  startup_stm32f10x_hd.o(RESET)
    !!!main                                  0x08000130   Section        8  __main.o(!!!main)
    !!!scatter                               0x08000138   Section       52  __scatter.o(!!!scatter)
    !!handler_copy                           0x0800016c   Section       26  __scatter_copy.o(!!handler_copy)
    !!handler_zi                             0x08000188   Section       28  __scatter_zi.o(!!handler_zi)
    .ARM.Collect$$_printf_percent$$00000000  0x080001a4   Section        0  _printf_percent.o(.ARM.Collect$$_printf_percent$$00000000)
    .ARM.Collect$$_printf_percent$$00000009  0x080001a4   Section        6  _printf_d.o(.ARM.Collect$$_printf_percent$$00000009)
    .ARM.Collect$$_printf_percent$$00000017  0x080001aa   Section        4  _printf_percent_end.o(.ARM.Collect$$_printf_percent$$00000017)
    .ARM.Collect$$libinit$$00000000          0x080001ae   Section        2  libinit.o(.ARM.Collect$$libinit$$00000000)
    .ARM.Collect$$libinit$$00000002          0x080001b0   Section        0  libinit2.o(.ARM.Collect$$libinit$$00000002)
    .ARM.Collect$$libinit$$00000004          0x080001b0   Section        0  libinit2.o(.ARM.Collect$$libinit$$00000004)
    .ARM.Collect$$libinit$$0000000A          0x080001b0   Section        0  libinit2.o(.ARM.Collect$$libinit$$0000000A)
    .ARM.Collect$$libinit$$0000000C          0x080001b0   Section        0  libinit2.o(.ARM.Collect$$libinit$$0000000C)
    .ARM.Collect$$libinit$$0000000E          0x080001b0   Section        0  libinit2.o(.ARM.Collect$$libinit$$0000000E)
    .ARM.Collect$$libinit$$00000011          0x080001b0   Section        0  libinit2.o(.ARM.Collect$$libinit$$00000011)
    .ARM.Collect$$libinit$$00000013          0x080001b0   Section        0  libinit2.o(.ARM.Collect$$libinit$$00000013)
    .ARM.Collect$$libinit$$00000015          0x080001b0   Section        0  libinit2.o(.ARM.Collect$$libinit$$00000015)
    .ARM.Collect$$libinit$$00000017          0x080001b0   Section        0  libinit2.o(.ARM.Collect$$libinit$$00000017)
    .ARM.Collect$$libinit$$00000019          0x080001b0   Section        0  libinit2.o(.ARM.Collect$$libinit$$00000019)
    .ARM.Collect$$libinit$$0000001B          0x080001b0   Section        0  libinit2.o(.ARM.Collect$$libinit$$0000001B)
    .ARM.Collect$$libinit$$0000001D          0x080001b0   Section        0  libinit2.o(.ARM.Collect$$libinit$$0000001D)
    .ARM.Collect$$libinit$$0000001F          0x080001b0   Section        0  libinit2.o(.ARM.Collect$$libinit$$0000001F)
    .ARM.Collect$$libinit$$00000021          0x080001b0   Section        0  libinit2.o(.ARM.Collect$$libinit$$00000021)
    .ARM.Collect$$libinit$$00000023          0x080001b0   Section        0  libinit2.o(.ARM.Collect$$libinit$$00000023)
    .ARM.Collect$$libinit$$00000025          0x080001b0   Section        0  libinit2.o(.ARM.Collect$$libinit$$00000025)
    .ARM.Collect$$libinit$$0000002C          0x080001b0   Section        0  libinit2.o(.ARM.Collect$$libinit$$0000002C)
    .ARM.Collect$$libinit$$0000002E          0x080001b0   Section        0  libinit2.o(.ARM.Collect$$libinit$$0000002E)
    .ARM.Collect$$libinit$$00000030          0x080001b0   Section        0  libinit2.o(.ARM.Collect$$libinit$$00000030)
    .ARM.Collect$$libinit$$00000032          0x080001b0   Section        0  libinit2.o(.ARM.Collect$$libinit$$00000032)
    .ARM.Collect$$libinit$$00000033          0x080001b0   Section        2  libinit2.o(.ARM.Collect$$libinit$$00000033)
    .ARM.Collect$$libshutdown$$00000000      0x080001b2   Section        2  libshutdown.o(.ARM.Collect$$libshutdown$$00000000)
    .ARM.Collect$$libshutdown$$00000003      0x080001b4   Section        0  libshutdown2.o(.ARM.Collect$$libshutdown$$00000003)
    .ARM.Collect$$libshutdown$$00000006      0x080001b4   Section        0  libshutdown2.o(.ARM.Collect$$libshutdown$$00000006)
    .ARM.Collect$$libshutdown$$00000009      0x080001b4   Section        0  libshutdown2.o(.ARM.Collect$$libshutdown$$00000009)
    .ARM.Collect$$libshutdown$$0000000B      0x080001b4   Section        0  libshutdown2.o(.ARM.Collect$$libshutdown$$0000000B)
    .ARM.Collect$$libshutdown$$0000000E      0x080001b4   Section        0  libshutdown2.o(.ARM.Collect$$libshutdown$$0000000E)
    .ARM.Collect$$libshutdown$$0000000F      0x080001b4   Section        2  libshutdown2.o(.ARM.Collect$$libshutdown$$0000000F)
    .ARM.Collect$$rtentry$$00000000          0x080001b6   Section        0  __rtentry.o(.ARM.Collect$$rtentry$$00000000)
    .ARM.Collect$$rtentry$$00000002          0x080001b6   Section        0  __rtentry2.o(.ARM.Collect$$rtentry$$00000002)
    .ARM.Collect$$rtentry$$00000004          0x080001b6   Section        6  __rtentry4.o(.ARM.Collect$$rtentry$$00000004)
    .ARM.Collect$$rtentry$$00000009          0x080001bc   Section        0  __rtentry2.o(.ARM.Collect$$rtentry$$00000009)
    .ARM.Collect$$rtentry$$0000000A          0x080001bc   Section        4  __rtentry2.o(.ARM.Collect$$rtentry$$0000000A)
    .ARM.Collect$$rtentry$$0000000C          0x080001c0   Section        0  __rtentry2.o(.ARM.Collect$$rtentry$$0000000C)
    .ARM.Collect$$rtentry$$0000000D          0x080001c0   Section        8  __rtentry2.o(.ARM.Collect$$rtentry$$0000000D)
    .ARM.Collect$$rtexit$$00000000           0x080001c8   Section        2  rtexit.o(.ARM.Collect$$rtexit$$00000000)
    .ARM.Collect$$rtexit$$00000002           0x080001ca   Section        0  rtexit2.o(.ARM.Collect$$rtexit$$00000002)
    .ARM.Collect$$rtexit$$00000003           0x080001ca   Section        4  rtexit2.o(.ARM.Collect$$rtexit$$00000003)
    .ARM.Collect$$rtexit$$00000004           0x080001ce   Section        6  rtexit2.o(.ARM.Collect$$rtexit$$00000004)
    .text                                    0x080001d4   Section        0  main.o(.text)
    .text                                    0x0800112c   Section        0  stm32f10x_it.o(.text)
    .text                                    0x08001148   Section        0  system_stm32f10x.o(.text)
    SetSysClockTo72                          0x08001149   Thumb Code   214  system_stm32f10x.o(.text)
    SetSysClock                              0x0800121f   Thumb Code     8  system_stm32f10x.o(.text)
    .text                                    0x08001328   Section        0  led.o(.text)
    .text                                    0x0800137c   Section        0  motor.o(.text)
    .text                                    0x08001454   Section        0  key.o(.text)
    .text                                    0x080015bc   Section        0  encoder.o(.text)
    .text                                    0x08001774   Section        0  pid.o(.text)
    .text                                    0x0800199c   Section        0  timer.o(.text)
    .text                                    0x08001b6c   Section        0  uart3.o(.text)
    .text                                    0x08001cec   Section        0  delay.o(.text)
    .text                                    0x08001dc0   Section        0  usart.o(.text)
    .text                                    0x08001f00   Section       64  startup_stm32f10x_hd.o(.text)
    .text                                    0x08001f40   Section        0  stm32f10x_tim.o(.text)
    TI4_Config                               0x080023e7   Thumb Code   130  stm32f10x_tim.o(.text)
    TI3_Config                               0x0800247b   Thumb Code   122  stm32f10x_tim.o(.text)
    TI2_Config                               0x0800250f   Thumb Code   130  stm32f10x_tim.o(.text)
    TI1_Config                               0x080025a3   Thumb Code   108  stm32f10x_tim.o(.text)
    .text                                    0x08002d5c   Section        0  stm32f10x_gpio.o(.text)
    .text                                    0x080030b8   Section        0  stm32f10x_rcc.o(.text)
    .text                                    0x0800345c   Section        0  stm32f10x_usart.o(.text)
    .text                                    0x08003864   Section        0  misc.o(.text)
    .text                                    0x08003940   Section        2  use_no_semi_2.o(.text)
    .text                                    0x08003944   Section        0  noretval__2printf.o(.text)
    .text                                    0x0800395c   Section        0  __printf.o(.text)
    .text                                    0x080039c4   Section        0  _printf_dec.o(.text)
    .text                                    0x08003a3c   Section        0  heapauxi.o(.text)
    .text                                    0x08003a42   Section        2  use_no_semi.o(.text)
    .text                                    0x08003a44   Section        0  _printf_intcommon.o(.text)
    .text                                    0x08003af8   Section        0  _printf_char_file.o(.text)
    .text                                    0x08003b1c   Section        0  _printf_char_common.o(.text)
    _printf_input_char                       0x08003b1d   Thumb Code    10  _printf_char_common.o(.text)
    .text                                    0x08003b4c   Section        0  ferror.o(.text)
    .text                                    0x08003b54   Section       74  sys_stackheap_outer.o(.text)
    .text                                    0x08003b9e   Section        0  exit.o(.text)
    .text                                    0x08003bac   Section        8  libspace.o(.text)
    x$fpl$fadd                               0x08003bb4   Section      196  faddsub_clz.o(x$fpl$fadd)
    _fadd1                                   0x08003bc3   Thumb Code     0  faddsub_clz.o(x$fpl$fadd)
    x$fpl$fcmpinf                            0x08003c78   Section       24  fcmpi.o(x$fpl$fcmpinf)
    x$fpl$ffix                               0x08003c90   Section       54  ffix.o(x$fpl$ffix)
    x$fpl$fflt                               0x08003cc8   Section       48  fflt_clz.o(x$fpl$fflt)
    x$fpl$fleqf                              0x08003cf8   Section      104  fleqf.o(x$fpl$fleqf)
    x$fpl$fmul                               0x08003d60   Section      258  fmul.o(x$fpl$fmul)
    x$fpl$fnaninf                            0x08003e62   Section      140  fnaninf.o(x$fpl$fnaninf)
    x$fpl$fretinf                            0x08003eee   Section       10  fretinf.o(x$fpl$fretinf)
    x$fpl$frleqf                             0x08003ef8   Section       98  frleqf.o(x$fpl$frleqf)
    x$fpl$frsb                               0x08003f5a   Section       20  faddsub_clz.o(x$fpl$frsb)
    x$fpl$fsub                               0x08003f70   Section      234  faddsub_clz.o(x$fpl$fsub)
    _fsub1                                   0x08003f7f   Thumb Code     0  faddsub_clz.o(x$fpl$fsub)
    x$fpl$usenofp                            0x0800405a   Section        0  usenofp.o(x$fpl$usenofp)
    .conststring                             0x0800405c   Section       53  main.o(.conststring)
    .data                                    0x20000000   Section       56  main.o(.data)
    .data                                    0x20000038   Section       20  system_stm32f10x.o(.data)
    .data                                    0x2000004c   Section        1  key.o(.data)
    key_up                                   0x2000004c   Data           1  key.o(.data)
    .data                                    0x20000050   Section       56  pid.o(.data)
    .data                                    0x20000088   Section        4  timer.o(.data)
    .data                                    0x2000008c   Section        2  uart3.o(.data)
    TxCounter                                0x2000008c   Data           1  uart3.o(.data)
    count                                    0x2000008d   Data           1  uart3.o(.data)
    .data                                    0x2000008e   Section        4  delay.o(.data)
    fac_us                                   0x2000008e   Data           1  delay.o(.data)
    fac_ms                                   0x20000090   Data           2  delay.o(.data)
    .data                                    0x20000094   Section        6  usart.o(.data)
    .data                                    0x2000009a   Section       20  stm32f10x_rcc.o(.data)
    APBAHBPrescTable                         0x2000009a   Data          16  stm32f10x_rcc.o(.data)
    ADCPrescTable                            0x200000aa   Data           4  stm32f10x_rcc.o(.data)
    .bss                                     0x200000b0   Section       24  pid.o(.bss)
    .bss                                     0x200000c8   Section       10  timer.o(.bss)
    .bss                                     0x200000d2   Section      256  uart3.o(.bss)
    TxBuffer                                 0x200000d2   Data         256  uart3.o(.bss)
    .bss                                     0x200001d2   Section      200  usart.o(.bss)
    .bss                                     0x2000029c   Section       96  libspace.o(.bss)
    HEAP                                     0x20000300   Section      512  startup_stm32f10x_hd.o(HEAP)
    Heap_Mem                                 0x20000300   Data         512  startup_stm32f10x_hd.o(HEAP)
    STACK                                    0x20000500   Section     1024  startup_stm32f10x_hd.o(STACK)
    Stack_Mem                                0x20000500   Data        1024  startup_stm32f10x_hd.o(STACK)
    __initial_sp                             0x20000900   Data           0  startup_stm32f10x_hd.o(STACK)

    Global Symbols

    Symbol Name                              Value     Ov Type        Size  Object(Section)

    BuildAttributes$$THM_ISAv4$P$D$K$B$S$PE$A:L22UL41UL21$X:L11$S22US41US21$IEEE1$IW$USESV6$~STKCKD$USESV7$~SHL$OSPACE$ROPI$EBA8$UX$STANDARDLIB$REQ8$PRES8$EABIv2 0x00000000   Number         0  anon$$obj.o ABSOLUTE
    __ARM_use_no_argv                        0x00000000   Number         0  main.o ABSOLUTE
    __ARM_exceptions_init                     - Undefined Weak Reference
    __alloca_initialize                       - Undefined Weak Reference
    __arm_preinit_                            - Undefined Weak Reference
    __cpp_initialize__aeabi_                  - Undefined Weak Reference
    __cxa_finalize                            - Undefined Weak Reference
    __rt_locale                               - Undefined Weak Reference
    __sigvec_lookup                           - Undefined Weak Reference
    _atexit_init                              - Undefined Weak Reference
    _call_atexit_fns                          - Undefined Weak Reference
    _clock_init                               - Undefined Weak Reference
    _fp_trap_init                             - Undefined Weak Reference
    _fp_trap_shutdown                         - Undefined Weak Reference
    _get_lc_collate                           - Undefined Weak Reference
    _get_lc_ctype                             - Undefined Weak Reference
    _get_lc_monetary                          - Undefined Weak Reference
    _get_lc_numeric                           - Undefined Weak Reference
    _get_lc_time                              - Undefined Weak Reference
    _getenv_init                              - Undefined Weak Reference
    _handle_redirection                       - Undefined Weak Reference
    _init_alloc                               - Undefined Weak Reference
    _init_user_alloc                          - Undefined Weak Reference
    _initio                                   - Undefined Weak Reference
    _mutex_acquire                            - Undefined Weak Reference
    _mutex_release                            - Undefined Weak Reference
    _printf_post_padding                      - Undefined Weak Reference
    _printf_pre_padding                       - Undefined Weak Reference
    _printf_truncate_signed                   - Undefined Weak Reference
    _printf_truncate_unsigned                 - Undefined Weak Reference
    _rand_init                                - Undefined Weak Reference
    _signal_finish                            - Undefined Weak Reference
    _signal_init                              - Undefined Weak Reference
    _terminate_alloc                          - Undefined Weak Reference
    _terminate_user_alloc                     - Undefined Weak Reference
    _terminateio                              - Undefined Weak Reference
    __Vectors_Size                           0x00000130   Number         0  startup_stm32f10x_hd.o ABSOLUTE
    __Vectors                                0x08000000   Data           4  startup_stm32f10x_hd.o(RESET)
    __Vectors_End                            0x08000130   Data           0  startup_stm32f10x_hd.o(RESET)
    __main                                   0x08000131   Thumb Code     8  __main.o(!!!main)
    __scatterload                            0x08000139   Thumb Code     0  __scatter.o(!!!scatter)
    __scatterload_rt2                        0x08000139   Thumb Code    44  __scatter.o(!!!scatter)
    __scatterload_rt2_thumb_only             0x08000139   Thumb Code     0  __scatter.o(!!!scatter)
    __scatterload_null                       0x08000147   Thumb Code     0  __scatter.o(!!!scatter)
    __scatterload_copy                       0x0800016d   Thumb Code    26  __scatter_copy.o(!!handler_copy)
    __scatterload_zeroinit                   0x08000189   Thumb Code    28  __scatter_zi.o(!!handler_zi)
    _printf_d                                0x080001a5   Thumb Code     0  _printf_d.o(.ARM.Collect$$_printf_percent$$00000009)
    _printf_percent                          0x080001a5   Thumb Code     0  _printf_percent.o(.ARM.Collect$$_printf_percent$$00000000)
    _printf_percent_end                      0x080001ab   Thumb Code     0  _printf_percent_end.o(.ARM.Collect$$_printf_percent$$00000017)
    __rt_lib_init                            0x080001af   Thumb Code     0  libinit.o(.ARM.Collect$$libinit$$00000000)
    __rt_lib_init_alloca_1                   0x080001b1   Thumb Code     0  libinit2.o(.ARM.Collect$$libinit$$0000002E)
    __rt_lib_init_argv_1                     0x080001b1   Thumb Code     0  libinit2.o(.ARM.Collect$$libinit$$0000002C)
    __rt_lib_init_atexit_1                   0x080001b1   Thumb Code     0  libinit2.o(.ARM.Collect$$libinit$$0000001B)
    __rt_lib_init_clock_1                    0x080001b1   Thumb Code     0  libinit2.o(.ARM.Collect$$libinit$$00000021)
    __rt_lib_init_cpp_1                      0x080001b1   Thumb Code     0  libinit2.o(.ARM.Collect$$libinit$$00000032)
    __rt_lib_init_exceptions_1               0x080001b1   Thumb Code     0  libinit2.o(.ARM.Collect$$libinit$$00000030)
    __rt_lib_init_fp_1                       0x080001b1   Thumb Code     0  libinit2.o(.ARM.Collect$$libinit$$00000002)
    __rt_lib_init_fp_trap_1                  0x080001b1   Thumb Code     0  libinit2.o(.ARM.Collect$$libinit$$0000001F)
    __rt_lib_init_getenv_1                   0x080001b1   Thumb Code     0  libinit2.o(.ARM.Collect$$libinit$$00000023)
    __rt_lib_init_heap_1                     0x080001b1   Thumb Code     0  libinit2.o(.ARM.Collect$$libinit$$0000000A)
    __rt_lib_init_lc_collate_1               0x080001b1   Thumb Code     0  libinit2.o(.ARM.Collect$$libinit$$00000011)
    __rt_lib_init_lc_ctype_1                 0x080001b1   Thumb Code     0  libinit2.o(.ARM.Collect$$libinit$$00000013)
    __rt_lib_init_lc_monetary_1              0x080001b1   Thumb Code     0  libinit2.o(.ARM.Collect$$libinit$$00000015)
    __rt_lib_init_lc_numeric_1               0x080001b1   Thumb Code     0  libinit2.o(.ARM.Collect$$libinit$$00000017)
    __rt_lib_init_lc_time_1                  0x080001b1   Thumb Code     0  libinit2.o(.ARM.Collect$$libinit$$00000019)
    __rt_lib_init_preinit_1                  0x080001b1   Thumb Code     0  libinit2.o(.ARM.Collect$$libinit$$00000004)
    __rt_lib_init_rand_1                     0x080001b1   Thumb Code     0  libinit2.o(.ARM.Collect$$libinit$$0000000E)
    __rt_lib_init_return                     0x080001b1   Thumb Code     0  libinit2.o(.ARM.Collect$$libinit$$00000033)
    __rt_lib_init_signal_1                   0x080001b1   Thumb Code     0  libinit2.o(.ARM.Collect$$libinit$$0000001D)
    __rt_lib_init_stdio_1                    0x080001b1   Thumb Code     0  libinit2.o(.ARM.Collect$$libinit$$00000025)
    __rt_lib_init_user_alloc_1               0x080001b1   Thumb Code     0  libinit2.o(.ARM.Collect$$libinit$$0000000C)
    __rt_lib_shutdown                        0x080001b3   Thumb Code     0  libshutdown.o(.ARM.Collect$$libshutdown$$00000000)
    __rt_lib_shutdown_fp_trap_1              0x080001b5   Thumb Code     0  libshutdown2.o(.ARM.Collect$$libshutdown$$00000006)
    __rt_lib_shutdown_heap_1                 0x080001b5   Thumb Code     0  libshutdown2.o(.ARM.Collect$$libshutdown$$0000000E)
    __rt_lib_shutdown_return                 0x080001b5   Thumb Code     0  libshutdown2.o(.ARM.Collect$$libshutdown$$0000000F)
    __rt_lib_shutdown_signal_1               0x080001b5   Thumb Code     0  libshutdown2.o(.ARM.Collect$$libshutdown$$00000009)
    __rt_lib_shutdown_stdio_1                0x080001b5   Thumb Code     0  libshutdown2.o(.ARM.Collect$$libshutdown$$00000003)
    __rt_lib_shutdown_user_alloc_1           0x080001b5   Thumb Code     0  libshutdown2.o(.ARM.Collect$$libshutdown$$0000000B)
    __rt_entry                               0x080001b7   Thumb Code     0  __rtentry.o(.ARM.Collect$$rtentry$$00000000)
    __rt_entry_presh_1                       0x080001b7   Thumb Code     0  __rtentry2.o(.ARM.Collect$$rtentry$$00000002)
    __rt_entry_sh                            0x080001b7   Thumb Code     0  __rtentry4.o(.ARM.Collect$$rtentry$$00000004)
    __rt_entry_li                            0x080001bd   Thumb Code     0  __rtentry2.o(.ARM.Collect$$rtentry$$0000000A)
    __rt_entry_postsh_1                      0x080001bd   Thumb Code     0  __rtentry2.o(.ARM.Collect$$rtentry$$00000009)
    __rt_entry_main                          0x080001c1   Thumb Code     0  __rtentry2.o(.ARM.Collect$$rtentry$$0000000D)
    __rt_entry_postli_1                      0x080001c1   Thumb Code     0  __rtentry2.o(.ARM.Collect$$rtentry$$0000000C)
    __rt_exit                                0x080001c9   Thumb Code     0  rtexit.o(.ARM.Collect$$rtexit$$00000000)
    __rt_exit_ls                             0x080001cb   Thumb Code     0  rtexit2.o(.ARM.Collect$$rtexit$$00000003)
    __rt_exit_prels_1                        0x080001cb   Thumb Code     0  rtexit2.o(.ARM.Collect$$rtexit$$00000002)
    __rt_exit_exit                           0x080001cf   Thumb Code     0  rtexit2.o(.ARM.Collect$$rtexit$$00000004)
    run                                      0x080001d5   Thumb Code    38  main.o(.text)
    back                                     0x080001fb   Thumb Code    38  main.o(.text)
    stop                                     0x08000221   Thumb Code    36  main.o(.text)
    left                                     0x08000245   Thumb Code    36  main.o(.text)
    right                                    0x08000269   Thumb Code    36  main.o(.text)
    diaotou                                  0x0800028d   Thumb Code    40  main.o(.text)
    linear                                   0x080002b5   Thumb Code   274  main.o(.text)
    rightturn                                0x080003c7   Thumb Code   330  main.o(.text)
    leftturn                                 0x08000511   Thumb Code   502  main.o(.text)
    turn_round                               0x08000707   Thumb Code   958  main.o(.text)
    rest                                     0x08000ac5   Thumb Code    84  main.o(.text)
    ignore                                   0x08000b19   Thumb Code   284  main.o(.text)
    main                                     0x08000c35   Thumb Code  1200  main.o(.text)
    NMI_Handler                              0x0800112d   Thumb Code     2  stm32f10x_it.o(.text)
    HardFault_Handler                        0x0800112f   Thumb Code     4  stm32f10x_it.o(.text)
    MemManage_Handler                        0x08001133   Thumb Code     4  stm32f10x_it.o(.text)
    BusFault_Handler                         0x08001137   Thumb Code     4  stm32f10x_it.o(.text)
    UsageFault_Handler                       0x0800113b   Thumb Code     4  stm32f10x_it.o(.text)
    SVC_Handler                              0x0800113f   Thumb Code     2  stm32f10x_it.o(.text)
    DebugMon_Handler                         0x08001141   Thumb Code     2  stm32f10x_it.o(.text)
    PendSV_Handler                           0x08001143   Thumb Code     2  stm32f10x_it.o(.text)
    SysTick_Handler                          0x08001145   Thumb Code     2  stm32f10x_it.o(.text)
    SystemInit                               0x08001227   Thumb Code    78  system_stm32f10x.o(.text)
    SystemCoreClockUpdate                    0x08001275   Thumb Code   142  system_stm32f10x.o(.text)
    LED_Init                                 0x08001329   Thumb Code    76  led.o(.text)
    MiniBalance_Motor_Init                   0x0800137d   Thumb Code    40  motor.o(.text)
    MiniBalance_PWM_Init                     0x080013a5   Thumb Code   162  motor.o(.text)
    KEY_Init                                 0x08001455   Thumb Code   190  key.o(.text)
    KEY_Scan                                 0x08001513   Thumb Code   154  key.o(.text)
    Encoder_Init_TIM2                        0x080015bd   Thumb Code   154  encoder.o(.text)
    Encoder_Init_TIM4                        0x08001657   Thumb Code   148  encoder.o(.text)
    Read_Encoder                             0x080016eb   Thumb Code    74  encoder.o(.text)
    TIM4_IRQHandler                          0x08001735   Thumb Code    24  encoder.o(.text)
    TIM2_IRQHandler                          0x0800174d   Thumb Code    24  encoder.o(.text)
    PID_ParameterReckonL                     0x08001775   Thumb Code    38  pid.o(.text)
    PID_ParameterReckonR                     0x0800179b   Thumb Code    38  pid.o(.text)
    PID_ControlL                             0x080017c1   Thumb Code   202  pid.o(.text)
    PID_ControlR                             0x0800188b   Thumb Code   202  pid.o(.text)
    TIM3_Cap_Init                            0x0800199d   Thumb Code   174  timer.o(.text)
    Read_Distane                             0x08001a4b   Thumb Code    74  timer.o(.text)
    TIM3_IRQHandler                          0x08001a95   Thumb Code   186  timer.o(.text)
    Initial_UART3                            0x08001b6d   Thumb Code   172  uart3.o(.text)
    USART3_IRQHandler                        0x08001c19   Thumb Code   106  uart3.o(.text)
    UART3_Put_Char                           0x08001c83   Thumb Code    34  uart3.o(.text)
    UART3_Put_String                         0x08001ca5   Thumb Code    46  uart3.o(.text)
    delay_init                               0x08001ced   Thumb Code    50  delay.o(.text)
    delay_us                                 0x08001d1f   Thumb Code    72  delay.o(.text)
    delay_ms                                 0x08001d67   Thumb Code    72  delay.o(.text)
    _sys_exit                                0x08001dc1   Thumb Code     6  usart.o(.text)
    fputc                                    0x08001dc7   Thumb Code    24  usart.o(.text)
    uart_init                                0x08001ddf   Thumb Code   152  usart.o(.text)
    USART1_IRQHandler                        0x08001e77   Thumb Code   122  usart.o(.text)
    Reset_Handler                            0x08001f01   Thumb Code     8  startup_stm32f10x_hd.o(.text)
    ADC1_2_IRQHandler                        0x08001f1b   Thumb Code     0  startup_stm32f10x_hd.o(.text)
    ADC3_IRQHandler                          0x08001f1b   Thumb Code     0  startup_stm32f10x_hd.o(.text)
    CAN1_RX1_IRQHandler                      0x08001f1b   Thumb Code     0  startup_stm32f10x_hd.o(.text)
    CAN1_SCE_IRQHandler                      0x08001f1b   Thumb Code     0  startup_stm32f10x_hd.o(.text)
    DMA1_Channel1_IRQHandler                 0x08001f1b   Thumb Code     0  startup_stm32f10x_hd.o(.text)
    DMA1_Channel2_IRQHandler                 0x08001f1b   Thumb Code     0  startup_stm32f10x_hd.o(.text)
    DMA1_Channel3_IRQHandler                 0x08001f1b   Thumb Code     0  startup_stm32f10x_hd.o(.text)
    DMA1_Channel4_IRQHandler                 0x08001f1b   Thumb Code     0  startup_stm32f10x_hd.o(.text)
    DMA1_Channel5_IRQHandler                 0x08001f1b   Thumb Code     0  startup_stm32f10x_hd.o(.text)
    DMA1_Channel6_IRQHandler                 0x08001f1b   Thumb Code     0  startup_stm32f10x_hd.o(.text)
    DMA1_Channel7_IRQHandler                 0x08001f1b   Thumb Code     0  startup_stm32f10x_hd.o(.text)
    DMA2_Channel1_IRQHandler                 0x08001f1b   Thumb Code     0  startup_stm32f10x_hd.o(.text)
    DMA2_Channel2_IRQHandler                 0x08001f1b   Thumb Code     0  startup_stm32f10x_hd.o(.text)
    DMA2_Channel3_IRQHandler                 0x08001f1b   Thumb Code     0  startup_stm32f10x_hd.o(.text)
    DMA2_Channel4_5_IRQHandler               0x08001f1b   Thumb Code     0  startup_stm32f10x_hd.o(.text)
    EXTI0_IRQHandler                         0x08001f1b   Thumb Code     0  startup_stm32f10x_hd.o(.text)
    EXTI15_10_IRQHandler                     0x08001f1b   Thumb Code     0  startup_stm32f10x_hd.o(.text)
    EXTI1_IRQHandler                         0x08001f1b   Thumb Code     0  startup_stm32f10x_hd.o(.text)
    EXTI2_IRQHandler                         0x08001f1b   Thumb Code     0  startup_stm32f10x_hd.o(.text)
    EXTI3_IRQHandler                         0x08001f1b   Thumb Code     0  startup_stm32f10x_hd.o(.text)
    EXTI4_IRQHandler                         0x08001f1b   Thumb Code     0  startup_stm32f10x_hd.o(.text)
    EXTI9_5_IRQHandler                       0x08001f1b   Thumb Code     0  startup_stm32f10x_hd.o(.text)
    FLASH_IRQHandler                         0x08001f1b   Thumb Code     0  startup_stm32f10x_hd.o(.text)
    FSMC_IRQHandler                          0x08001f1b   Thumb Code     0  startup_stm32f10x_hd.o(.text)
    I2C1_ER_IRQHandler                       0x08001f1b   Thumb Code     0  startup_stm32f10x_hd.o(.text)
    I2C1_EV_IRQHandler                       0x08001f1b   Thumb Code     0  startup_stm32f10x_hd.o(.text)
    I2C2_ER_IRQHandler                       0x08001f1b   Thumb Code     0  startup_stm32f10x_hd.o(.text)
    I2C2_EV_IRQHandler                       0x08001f1b   Thumb Code     0  startup_stm32f10x_hd.o(.text)
    PVD_IRQHandler                           0x08001f1b   Thumb Code     0  startup_stm32f10x_hd.o(.text)
    RCC_IRQHandler                           0x08001f1b   Thumb Code     0  startup_stm32f10x_hd.o(.text)
    RTCAlarm_IRQHandler                      0x08001f1b   Thumb Code     0  startup_stm32f10x_hd.o(.text)
    RTC_IRQHandler                           0x08001f1b   Thumb Code     0  startup_stm32f10x_hd.o(.text)
    SDIO_IRQHandler                          0x08001f1b   Thumb Code     0  startup_stm32f10x_hd.o(.text)
    SPI1_IRQHandler                          0x08001f1b   Thumb Code     0  startup_stm32f10x_hd.o(.text)
    SPI2_IRQHandler                          0x08001f1b   Thumb Code     0  startup_stm32f10x_hd.o(.text)
    SPI3_IRQHandler                          0x08001f1b   Thumb Code     0  startup_stm32f10x_hd.o(.text)
    TAMPER_IRQHandler                        0x08001f1b   Thumb Code     0  startup_stm32f10x_hd.o(.text)
    TIM1_BRK_IRQHandler                      0x08001f1b   Thumb Code     0  startup_stm32f10x_hd.o(.text)
    TIM1_CC_IRQHandler                       0x08001f1b   Thumb Code     0  startup_stm32f10x_hd.o(.text)
    TIM1_TRG_COM_IRQHandler                  0x08001f1b   Thumb Code     0  startup_stm32f10x_hd.o(.text)
    TIM1_UP_IRQHandler                       0x08001f1b   Thumb Code     0  startup_stm32f10x_hd.o(.text)
    TIM5_IRQHandler                          0x08001f1b   Thumb Code     0  startup_stm32f10x_hd.o(.text)
    TIM6_IRQHandler                          0x08001f1b   Thumb Code     0  startup_stm32f10x_hd.o(.text)
    TIM7_IRQHandler                          0x08001f1b   Thumb Code     0  startup_stm32f10x_hd.o(.text)
    TIM8_BRK_IRQHandler                      0x08001f1b   Thumb Code     0  startup_stm32f10x_hd.o(.text)
    TIM8_CC_IRQHandler                       0x08001f1b   Thumb Code     0  startup_stm32f10x_hd.o(.text)
    TIM8_TRG_COM_IRQHandler                  0x08001f1b   Thumb Code     0  startup_stm32f10x_hd.o(.text)
    TIM8_UP_IRQHandler                       0x08001f1b   Thumb Code     0  startup_stm32f10x_hd.o(.text)
    UART4_IRQHandler                         0x08001f1b   Thumb Code     0  startup_stm32f10x_hd.o(.text)
    UART5_IRQHandler                         0x08001f1b   Thumb Code     0  startup_stm32f10x_hd.o(.text)
    USART2_IRQHandler                        0x08001f1b   Thumb Code     0  startup_stm32f10x_hd.o(.text)
    USBWakeUp_IRQHandler                     0x08001f1b   Thumb Code     0  startup_stm32f10x_hd.o(.text)
    USB_HP_CAN1_TX_IRQHandler                0x08001f1b   Thumb Code     0  startup_stm32f10x_hd.o(.text)
    USB_LP_CAN1_RX0_IRQHandler               0x08001f1b   Thumb Code     0  startup_stm32f10x_hd.o(.text)
    WWDG_IRQHandler                          0x08001f1b   Thumb Code     0  startup_stm32f10x_hd.o(.text)
    __user_initial_stackheap                 0x08001f1d   Thumb Code     0  startup_stm32f10x_hd.o(.text)
    TIM_DeInit                               0x08001f41   Thumb Code   424  stm32f10x_tim.o(.text)
    TIM_TimeBaseInit                         0x080020e9   Thumb Code   122  stm32f10x_tim.o(.text)
    TIM_OC1Init                              0x08002163   Thumb Code   132  stm32f10x_tim.o(.text)
    TIM_OC2Init                              0x080021e7   Thumb Code   154  stm32f10x_tim.o(.text)
    TIM_OC3Init                              0x08002281   Thumb Code   150  stm32f10x_tim.o(.text)
    TIM_OC4Init                              0x08002317   Thumb Code   182  stm32f10x_tim.o(.text)
    TIM_SetIC4Prescaler                      0x080023cd   Thumb Code    26  stm32f10x_tim.o(.text)
    TIM_SetIC3Prescaler                      0x08002469   Thumb Code    18  stm32f10x_tim.o(.text)
    TIM_SetIC2Prescaler                      0x080024f5   Thumb Code    26  stm32f10x_tim.o(.text)
    TIM_SetIC1Prescaler                      0x08002591   Thumb Code    18  stm32f10x_tim.o(.text)
    TIM_ICInit                               0x0800260f   Thumb Code   150  stm32f10x_tim.o(.text)
    TIM_PWMIConfig                           0x080026a5   Thumb Code   124  stm32f10x_tim.o(.text)
    TIM_BDTRConfig                           0x08002721   Thumb Code    32  stm32f10x_tim.o(.text)
    TIM_TimeBaseStructInit                   0x08002741   Thumb Code    18  stm32f10x_tim.o(.text)
    TIM_OCStructInit                         0x08002753   Thumb Code    20  stm32f10x_tim.o(.text)
    TIM_ICStructInit                         0x08002767   Thumb Code    18  stm32f10x_tim.o(.text)
    TIM_BDTRStructInit                       0x08002779   Thumb Code    40  stm32f10x_tim.o(.text)
    TIM_Cmd                                  0x080027a1   Thumb Code    24  stm32f10x_tim.o(.text)
    TIM_CtrlPWMOutputs                       0x080027b9   Thumb Code    30  stm32f10x_tim.o(.text)
    TIM_ITConfig                             0x080027d7   Thumb Code    18  stm32f10x_tim.o(.text)
    TIM_GenerateEvent                        0x080027e9   Thumb Code     4  stm32f10x_tim.o(.text)
    TIM_DMAConfig                            0x080027ed   Thumb Code    10  stm32f10x_tim.o(.text)
    TIM_DMACmd                               0x080027f7   Thumb Code    18  stm32f10x_tim.o(.text)
    TIM_InternalClockConfig                  0x08002809   Thumb Code    12  stm32f10x_tim.o(.text)
    TIM_SelectInputTrigger                   0x08002815   Thumb Code    18  stm32f10x_tim.o(.text)
    TIM_ITRxExternalClockConfig              0x08002827   Thumb Code    24  stm32f10x_tim.o(.text)
    TIM_TIxExternalClockConfig               0x0800283f   Thumb Code    62  stm32f10x_tim.o(.text)
    TIM_ETRConfig                            0x0800287d   Thumb Code    28  stm32f10x_tim.o(.text)
    TIM_ETRClockMode1Config                  0x08002899   Thumb Code    54  stm32f10x_tim.o(.text)
    TIM_ETRClockMode2Config                  0x080028cf   Thumb Code    32  stm32f10x_tim.o(.text)
    TIM_PrescalerConfig                      0x080028ef   Thumb Code     6  stm32f10x_tim.o(.text)
    TIM_CounterModeConfig                    0x080028f5   Thumb Code    18  stm32f10x_tim.o(.text)
    TIM_EncoderInterfaceConfig               0x08002907   Thumb Code    66  stm32f10x_tim.o(.text)
    TIM_ForcedOC1Config                      0x08002949   Thumb Code    18  stm32f10x_tim.o(.text)
    TIM_ForcedOC2Config                      0x0800295b   Thumb Code    26  stm32f10x_tim.o(.text)
    TIM_ForcedOC3Config                      0x08002975   Thumb Code    18  stm32f10x_tim.o(.text)
    TIM_ForcedOC4Config                      0x08002987   Thumb Code    26  stm32f10x_tim.o(.text)
    TIM_ARRPreloadConfig                     0x080029a1   Thumb Code    24  stm32f10x_tim.o(.text)
    TIM_SelectCOM                            0x080029b9   Thumb Code    24  stm32f10x_tim.o(.text)
    TIM_SelectCCDMA                          0x080029d1   Thumb Code    24  stm32f10x_tim.o(.text)
    TIM_CCPreloadControl                     0x080029e9   Thumb Code    24  stm32f10x_tim.o(.text)
    TIM_OC1PreloadConfig                     0x08002a01   Thumb Code    18  stm32f10x_tim.o(.text)
    TIM_OC2PreloadConfig                     0x08002a13   Thumb Code    26  stm32f10x_tim.o(.text)
    TIM_OC3PreloadConfig                     0x08002a2d   Thumb Code    18  stm32f10x_tim.o(.text)
    TIM_OC4PreloadConfig                     0x08002a3f   Thumb Code    26  stm32f10x_tim.o(.text)
    TIM_OC1FastConfig                        0x08002a59   Thumb Code    18  stm32f10x_tim.o(.text)
    TIM_OC2FastConfig                        0x08002a6b   Thumb Code    26  stm32f10x_tim.o(.text)
    TIM_OC3FastConfig                        0x08002a85   Thumb Code    18  stm32f10x_tim.o(.text)
    TIM_OC4FastConfig                        0x08002a97   Thumb Code    26  stm32f10x_tim.o(.text)
    TIM_ClearOC1Ref                          0x08002ab1   Thumb Code    18  stm32f10x_tim.o(.text)
    TIM_ClearOC2Ref                          0x08002ac3   Thumb Code    24  stm32f10x_tim.o(.text)
    TIM_ClearOC3Ref                          0x08002adb   Thumb Code    18  stm32f10x_tim.o(.text)
    TIM_ClearOC4Ref                          0x08002aed   Thumb Code    24  stm32f10x_tim.o(.text)
    TIM_OC1PolarityConfig                    0x08002b05   Thumb Code    18  stm32f10x_tim.o(.text)
    TIM_OC1NPolarityConfig                   0x08002b17   Thumb Code    18  stm32f10x_tim.o(.text)
    TIM_OC2PolarityConfig                    0x08002b29   Thumb Code    26  stm32f10x_tim.o(.text)
    TIM_OC2NPolarityConfig                   0x08002b43   Thumb Code    26  stm32f10x_tim.o(.text)
    TIM_OC3PolarityConfig                    0x08002b5d   Thumb Code    26  stm32f10x_tim.o(.text)
    TIM_OC3NPolarityConfig                   0x08002b77   Thumb Code    26  stm32f10x_tim.o(.text)
    TIM_OC4PolarityConfig                    0x08002b91   Thumb Code    26  stm32f10x_tim.o(.text)
    TIM_CCxCmd                               0x08002bab   Thumb Code    30  stm32f10x_tim.o(.text)
    TIM_CCxNCmd                              0x08002bc9   Thumb Code    30  stm32f10x_tim.o(.text)
    TIM_SelectOCxM                           0x08002be7   Thumb Code    82  stm32f10x_tim.o(.text)
    TIM_UpdateDisableConfig                  0x08002c39   Thumb Code    24  stm32f10x_tim.o(.text)
    TIM_UpdateRequestConfig                  0x08002c51   Thumb Code    24  stm32f10x_tim.o(.text)
    TIM_SelectHallSensor                     0x08002c69   Thumb Code    24  stm32f10x_tim.o(.text)
    TIM_SelectOnePulseMode                   0x08002c81   Thumb Code    18  stm32f10x_tim.o(.text)
    TIM_SelectOutputTrigger                  0x08002c93   Thumb Code    18  stm32f10x_tim.o(.text)
    TIM_SelectSlaveMode                      0x08002ca5   Thumb Code    18  stm32f10x_tim.o(.text)
    TIM_SelectMasterSlaveMode                0x08002cb7   Thumb Code    18  stm32f10x_tim.o(.text)
    TIM_SetCounter                           0x08002cc9   Thumb Code     4  stm32f10x_tim.o(.text)
    TIM_SetAutoreload                        0x08002ccd   Thumb Code     4  stm32f10x_tim.o(.text)
    TIM_SetCompare1                          0x08002cd1   Thumb Code     4  stm32f10x_tim.o(.text)
    TIM_SetCompare2                          0x08002cd5   Thumb Code     4  stm32f10x_tim.o(.text)
    TIM_SetCompare3                          0x08002cd9   Thumb Code     4  stm32f10x_tim.o(.text)
    TIM_SetCompare4                          0x08002cdd   Thumb Code     6  stm32f10x_tim.o(.text)
    TIM_SetClockDivision                     0x08002ce3   Thumb Code    18  stm32f10x_tim.o(.text)
    TIM_GetCapture1                          0x08002cf5   Thumb Code     6  stm32f10x_tim.o(.text)
    TIM_GetCapture2                          0x08002cfb   Thumb Code     6  stm32f10x_tim.o(.text)
    TIM_GetCapture3                          0x08002d01   Thumb Code     6  stm32f10x_tim.o(.text)
    TIM_GetCapture4                          0x08002d07   Thumb Code     8  stm32f10x_tim.o(.text)
    TIM_GetCounter                           0x08002d0f   Thumb Code     6  stm32f10x_tim.o(.text)
    TIM_GetPrescaler                         0x08002d15   Thumb Code     6  stm32f10x_tim.o(.text)
    TIM_GetFlagStatus                        0x08002d1b   Thumb Code    18  stm32f10x_tim.o(.text)
    TIM_ClearFlag                            0x08002d2d   Thumb Code     6  stm32f10x_tim.o(.text)
    TIM_GetITStatus                          0x08002d33   Thumb Code    34  stm32f10x_tim.o(.text)
    TIM_ClearITPendingBit                    0x08002d55   Thumb Code     6  stm32f10x_tim.o(.text)
    GPIO_DeInit                              0x08002d5d   Thumb Code   172  stm32f10x_gpio.o(.text)
    GPIO_AFIODeInit                          0x08002e09   Thumb Code    20  stm32f10x_gpio.o(.text)
    GPIO_Init                                0x08002e1d   Thumb Code   278  stm32f10x_gpio.o(.text)
    GPIO_StructInit                          0x08002f33   Thumb Code    16  stm32f10x_gpio.o(.text)
    GPIO_ReadInputDataBit                    0x08002f43   Thumb Code    18  stm32f10x_gpio.o(.text)
    GPIO_ReadInputData                       0x08002f55   Thumb Code     8  stm32f10x_gpio.o(.text)
    GPIO_ReadOutputDataBit                   0x08002f5d   Thumb Code    18  stm32f10x_gpio.o(.text)
    GPIO_ReadOutputData                      0x08002f6f   Thumb Code     8  stm32f10x_gpio.o(.text)
    GPIO_SetBits                             0x08002f77   Thumb Code     4  stm32f10x_gpio.o(.text)
    GPIO_ResetBits                           0x08002f7b   Thumb Code     4  stm32f10x_gpio.o(.text)
    GPIO_WriteBit                            0x08002f7f   Thumb Code    10  stm32f10x_gpio.o(.text)
    GPIO_Write                               0x08002f89   Thumb Code     4  stm32f10x_gpio.o(.text)
    GPIO_PinLockConfig                       0x08002f8d   Thumb Code    18  stm32f10x_gpio.o(.text)
    GPIO_EventOutputConfig                   0x08002f9f   Thumb Code    26  stm32f10x_gpio.o(.text)
    GPIO_EventOutputCmd                      0x08002fb9   Thumb Code     6  stm32f10x_gpio.o(.text)
    GPIO_PinRemapConfig                      0x08002fbf   Thumb Code   138  stm32f10x_gpio.o(.text)
    GPIO_EXTILineConfig                      0x08003049   Thumb Code    66  stm32f10x_gpio.o(.text)
    GPIO_ETH_MediaInterfaceConfig            0x0800308b   Thumb Code     8  stm32f10x_gpio.o(.text)
    RCC_DeInit                               0x080030b9   Thumb Code    64  stm32f10x_rcc.o(.text)
    RCC_HSEConfig                            0x080030f9   Thumb Code    70  stm32f10x_rcc.o(.text)
    RCC_GetFlagStatus                        0x0800313f   Thumb Code    56  stm32f10x_rcc.o(.text)
    RCC_WaitForHSEStartUp                    0x08003177   Thumb Code    56  stm32f10x_rcc.o(.text)
    RCC_AdjustHSICalibrationValue            0x080031af   Thumb Code    20  stm32f10x_rcc.o(.text)
    RCC_HSICmd                               0x080031c3   Thumb Code     6  stm32f10x_rcc.o(.text)
    RCC_PLLConfig                            0x080031c9   Thumb Code    24  stm32f10x_rcc.o(.text)
    RCC_PLLCmd                               0x080031e1   Thumb Code     6  stm32f10x_rcc.o(.text)
    RCC_SYSCLKConfig                         0x080031e7   Thumb Code    18  stm32f10x_rcc.o(.text)
    RCC_GetSYSCLKSource                      0x080031f9   Thumb Code    10  stm32f10x_rcc.o(.text)
    RCC_HCLKConfig                           0x08003203   Thumb Code    18  stm32f10x_rcc.o(.text)
    RCC_PCLK1Config                          0x08003215   Thumb Code    18  stm32f10x_rcc.o(.text)
    RCC_PCLK2Config                          0x08003227   Thumb Code    20  stm32f10x_rcc.o(.text)
    RCC_ITConfig                             0x0800323b   Thumb Code    26  stm32f10x_rcc.o(.text)
    RCC_USBCLKConfig                         0x08003255   Thumb Code     8  stm32f10x_rcc.o(.text)
    RCC_ADCCLKConfig                         0x0800325d   Thumb Code    18  stm32f10x_rcc.o(.text)
    RCC_LSEConfig                            0x0800326f   Thumb Code    50  stm32f10x_rcc.o(.text)
    RCC_LSICmd                               0x080032a1   Thumb Code     6  stm32f10x_rcc.o(.text)
    RCC_RTCCLKConfig                         0x080032a7   Thumb Code    12  stm32f10x_rcc.o(.text)
    RCC_RTCCLKCmd                            0x080032b3   Thumb Code     8  stm32f10x_rcc.o(.text)
    RCC_GetClocksFreq                        0x080032bb   Thumb Code   192  stm32f10x_rcc.o(.text)
    RCC_AHBPeriphClockCmd                    0x0800337b   Thumb Code    26  stm32f10x_rcc.o(.text)
    RCC_APB2PeriphClockCmd                   0x08003395   Thumb Code    26  stm32f10x_rcc.o(.text)
    RCC_APB1PeriphClockCmd                   0x080033af   Thumb Code    26  stm32f10x_rcc.o(.text)
    RCC_APB2PeriphResetCmd                   0x080033c9   Thumb Code    26  stm32f10x_rcc.o(.text)
    RCC_APB1PeriphResetCmd                   0x080033e3   Thumb Code    26  stm32f10x_rcc.o(.text)
    RCC_BackupResetCmd                       0x080033fd   Thumb Code     8  stm32f10x_rcc.o(.text)
    RCC_ClockSecuritySystemCmd               0x08003405   Thumb Code     6  stm32f10x_rcc.o(.text)
    RCC_MCOConfig                            0x0800340b   Thumb Code     6  stm32f10x_rcc.o(.text)
    RCC_ClearFlag                            0x08003411   Thumb Code    14  stm32f10x_rcc.o(.text)
    RCC_GetITStatus                          0x0800341f   Thumb Code    20  stm32f10x_rcc.o(.text)
    RCC_ClearITPendingBit                    0x08003433   Thumb Code     6  stm32f10x_rcc.o(.text)
    USART_DeInit                             0x0800345d   Thumb Code   134  stm32f10x_usart.o(.text)
    USART_Init                               0x080034e3   Thumb Code   210  stm32f10x_usart.o(.text)
    USART_StructInit                         0x080035b5   Thumb Code    24  stm32f10x_usart.o(.text)
    USART_ClockInit                          0x080035cd   Thumb Code    34  stm32f10x_usart.o(.text)
    USART_ClockStructInit                    0x080035ef   Thumb Code    12  stm32f10x_usart.o(.text)
    USART_Cmd                                0x080035fb   Thumb Code    24  stm32f10x_usart.o(.text)
    USART_ITConfig                           0x08003613   Thumb Code    74  stm32f10x_usart.o(.text)
    USART_DMACmd                             0x0800365d   Thumb Code    18  stm32f10x_usart.o(.text)
    USART_SetAddress                         0x0800366f   Thumb Code    18  stm32f10x_usart.o(.text)
    USART_WakeUpConfig                       0x08003681   Thumb Code    18  stm32f10x_usart.o(.text)
    USART_ReceiverWakeUpCmd                  0x08003693   Thumb Code    24  stm32f10x_usart.o(.text)
    USART_LINBreakDetectLengthConfig         0x080036ab   Thumb Code    18  stm32f10x_usart.o(.text)
    USART_LINCmd                             0x080036bd   Thumb Code    24  stm32f10x_usart.o(.text)
    USART_SendData                           0x080036d5   Thumb Code     8  stm32f10x_usart.o(.text)
    USART_ReceiveData                        0x080036dd   Thumb Code    10  stm32f10x_usart.o(.text)
    USART_SendBreak                          0x080036e7   Thumb Code    10  stm32f10x_usart.o(.text)
    USART_SetGuardTime                       0x080036f1   Thumb Code    16  stm32f10x_usart.o(.text)
    USART_SetPrescaler                       0x08003701   Thumb Code    16  stm32f10x_usart.o(.text)
    USART_SmartCardCmd                       0x08003711   Thumb Code    24  stm32f10x_usart.o(.text)
    USART_SmartCardNACKCmd                   0x08003729   Thumb Code    24  stm32f10x_usart.o(.text)
    USART_HalfDuplexCmd                      0x08003741   Thumb Code    24  stm32f10x_usart.o(.text)
    USART_OverSampling8Cmd                   0x08003759   Thumb Code    22  stm32f10x_usart.o(.text)
    USART_OneBitMethodCmd                    0x0800376f   Thumb Code    24  stm32f10x_usart.o(.text)
    USART_IrDAConfig                         0x08003787   Thumb Code    18  stm32f10x_usart.o(.text)
    USART_IrDACmd                            0x08003799   Thumb Code    24  stm32f10x_usart.o(.text)
    USART_GetFlagStatus                      0x080037b1   Thumb Code    26  stm32f10x_usart.o(.text)
    USART_ClearFlag                          0x080037cb   Thumb Code    18  stm32f10x_usart.o(.text)
    USART_GetITStatus                        0x080037dd   Thumb Code    84  stm32f10x_usart.o(.text)
    USART_ClearITPendingBit                  0x08003831   Thumb Code    52  stm32f10x_usart.o(.text)
    NVIC_PriorityGroupConfig                 0x08003865   Thumb Code    10  misc.o(.text)
    NVIC_Init                                0x0800386f   Thumb Code   100  misc.o(.text)
    NVIC_SetVectorTable                      0x080038d3   Thumb Code    14  misc.o(.text)
    NVIC_SystemLPConfig                      0x080038e1   Thumb Code    34  misc.o(.text)
    SysTick_CLKSourceConfig                  0x08003903   Thumb Code    40  misc.o(.text)
    __use_no_semihosting                     0x08003941   Thumb Code     2  use_no_semi_2.o(.text)
    __2printf                                0x08003945   Thumb Code    20  noretval__2printf.o(.text)
    __printf                                 0x0800395d   Thumb Code   104  __printf.o(.text)
    _printf_int_dec                          0x080039c5   Thumb Code   104  _printf_dec.o(.text)
    __use_two_region_memory                  0x08003a3d   Thumb Code     2  heapauxi.o(.text)
    __rt_heap_escrow$2region                 0x08003a3f   Thumb Code     2  heapauxi.o(.text)
    __rt_heap_expand$2region                 0x08003a41   Thumb Code     2  heapauxi.o(.text)
    __I$use$semihosting                      0x08003a43   Thumb Code     0  use_no_semi.o(.text)
    __use_no_semihosting_swi                 0x08003a43   Thumb Code     2  use_no_semi.o(.text)
    _printf_int_common                       0x08003a45   Thumb Code   178  _printf_intcommon.o(.text)
    _printf_char_file                        0x08003af9   Thumb Code    32  _printf_char_file.o(.text)
    _printf_char_common                      0x08003b27   Thumb Code    32  _printf_char_common.o(.text)
    ferror                                   0x08003b4d   Thumb Code     8  ferror.o(.text)
    __user_setup_stackheap                   0x08003b55   Thumb Code    74  sys_stackheap_outer.o(.text)
    exit                                     0x08003b9f   Thumb Code    12  exit.o(.text)
    __user_libspace                          0x08003bad   Thumb Code     8  libspace.o(.text)
    __user_perproc_libspace                  0x08003bad   Thumb Code     0  libspace.o(.text)
    __user_perthread_libspace                0x08003bad   Thumb Code     0  libspace.o(.text)
    __aeabi_fadd                             0x08003bb5   Thumb Code     0  faddsub_clz.o(x$fpl$fadd)
    _fadd                                    0x08003bb5   Thumb Code   196  faddsub_clz.o(x$fpl$fadd)
    __fpl_fcmp_Inf                           0x08003c79   Thumb Code    24  fcmpi.o(x$fpl$fcmpinf)
    __aeabi_f2iz                             0x08003c91   Thumb Code     0  ffix.o(x$fpl$ffix)
    _ffix                                    0x08003c91   Thumb Code    54  ffix.o(x$fpl$ffix)
    __aeabi_i2f                              0x08003cc9   Thumb Code     0  fflt_clz.o(x$fpl$fflt)
    _fflt                                    0x08003cc9   Thumb Code    48  fflt_clz.o(x$fpl$fflt)
    __aeabi_cfcmple                          0x08003cf9   Thumb Code     0  fleqf.o(x$fpl$fleqf)
    _fcmple                                  0x08003cf9   Thumb Code   104  fleqf.o(x$fpl$fleqf)
    __fpl_fcmple_InfNaN                      0x08003d4b   Thumb Code     0  fleqf.o(x$fpl$fleqf)
    __aeabi_fmul                             0x08003d61   Thumb Code     0  fmul.o(x$fpl$fmul)
    _fmul                                    0x08003d61   Thumb Code   258  fmul.o(x$fpl$fmul)
    __fpl_fnaninf                            0x08003e63   Thumb Code   140  fnaninf.o(x$fpl$fnaninf)
    __fpl_fretinf                            0x08003eef   Thumb Code    10  fretinf.o(x$fpl$fretinf)
    __aeabi_cfrcmple                         0x08003ef9   Thumb Code     0  frleqf.o(x$fpl$frleqf)
    _frcmple                                 0x08003ef9   Thumb Code    98  frleqf.o(x$fpl$frleqf)
    __aeabi_frsub                            0x08003f5b   Thumb Code     0  faddsub_clz.o(x$fpl$frsb)
    _frsb                                    0x08003f5b   Thumb Code    20  faddsub_clz.o(x$fpl$frsb)
    __aeabi_fsub                             0x08003f71   Thumb Code     0  faddsub_clz.o(x$fpl$fsub)
    _fsub                                    0x08003f71   Thumb Code   234  faddsub_clz.o(x$fpl$fsub)
    __I$use$fp                               0x0800405a   Number         0  usenofp.o(x$fpl$usenofp)
    Region$$Table$$Base                      0x08004094   Number         0  anon$$obj.o(Region$$Table)
    Region$$Table$$Limit                     0x080040b4   Number         0  anon$$obj.o(Region$$Table)
    setL                                     0x20000000   Data           4  main.o(.data)
    setR                                     0x20000004   Data           4  main.o(.data)
    dis                                      0x20000008   Data           4  main.o(.data)
    sl                                       0x2000000c   Data           4  main.o(.data)
    sr                                       0x20000010   Data           4  main.o(.data)
    str                                      0x20000014   Data          28  main.o(.data)
    Encoder_Left                             0x20000030   Data           4  main.o(.data)
    Encoder_Right                            0x20000034   Data           4  main.o(.data)
    SystemCoreClock                          0x20000038   Data           4  system_stm32f10x.o(.data)
    AHBPrescTable                            0x2000003c   Data          16  system_stm32f10x.o(.data)
    U_OutMAX                                 0x20000050   Data           4  pid.o(.data)
    U_OutMIN                                 0x20000054   Data           4  pid.o(.data)
    KpL                                      0x20000058   Data           4  pid.o(.data)
    KiL                                      0x2000005c   Data           4  pid.o(.data)
    KdL                                      0x20000060   Data           4  pid.o(.data)
    U_OutL                                   0x20000064   Data           8  pid.o(.data)
    U_AddL                                   0x2000006c   Data           4  pid.o(.data)
    KpR                                      0x20000070   Data           4  pid.o(.data)
    KiR                                      0x20000074   Data           4  pid.o(.data)
    KdR                                      0x20000078   Data           4  pid.o(.data)
    U_OutR                                   0x2000007c   Data           8  pid.o(.data)
    U_AddR                                   0x20000084   Data           4  pid.o(.data)
    TIM3CH3_CAPTURE_STA                      0x20000088   Data           2  timer.o(.data)
    TIM3CH3_CAPTURE_VAL                      0x2000008a   Data           2  timer.o(.data)
    __stdout                                 0x20000094   Data           4  usart.o(.data)
    USART_RX_STA                             0x20000098   Data           2  usart.o(.data)
    ErrorL                                   0x200000b0   Data          12  pid.o(.bss)
    ErrorR                                   0x200000bc   Data          12  pid.o(.bss)
    TIM3_ICInitStructure                     0x200000c8   Data          10  timer.o(.bss)
    USART_RX_BUF                             0x200001d2   Data         200  usart.o(.bss)
    __libspace_start                         0x2000029c   Data          96  libspace.o(.bss)
    __temporary_stack_top$libspace           0x200002fc   Data           0  libspace.o(.bss)



==============================================================================

Memory Map of the image

  Image Entry point : 0x08000131

  Load Region LR_IROM1 (Base: 0x08000000, Size: 0x00004164, Max: 0x00040000, ABSOLUTE)

    Execution Region ER_IROM1 (Base: 0x08000000, Size: 0x000040b4, Max: 0x00040000, ABSOLUTE)

    Base Addr    Size         Type   Attr      Idx    E Section Name        Object

    0x08000000   0x00000130   Data   RO          361    RESET               startup_stm32f10x_hd.o
    0x08000130   0x00000008   Code   RO          464  * !!!main             c_w.l(__main.o)
    0x08000138   0x00000034   Code   RO          660    !!!scatter          c_w.l(__scatter.o)
    0x0800016c   0x0000001a   Code   RO          662    !!handler_copy      c_w.l(__scatter_copy.o)
    0x08000186   0x00000002   PAD
    0x08000188   0x0000001c   Code   RO          664    !!handler_zi        c_w.l(__scatter_zi.o)
    0x080001a4   0x00000000   Code   RO          461    .ARM.Collect$$_printf_percent$$00000000  c_w.l(_printf_percent.o)
    0x080001a4   0x00000006   Code   RO          460    .ARM.Collect$$_printf_percent$$00000009  c_w.l(_printf_d.o)
    0x080001aa   0x00000004   Code   RO          495    .ARM.Collect$$_printf_percent$$00000017  c_w.l(_printf_percent_end.o)
    0x080001ae   0x00000002   Code   RO          535    .ARM.Collect$$libinit$$00000000  c_w.l(libinit.o)
    0x080001b0   0x00000000   Code   RO          542    .ARM.Collect$$libinit$$00000002  c_w.l(libinit2.o)
    0x080001b0   0x00000000   Code   RO          544    .ARM.Collect$$libinit$$00000004  c_w.l(libinit2.o)
    0x080001b0   0x00000000   Code   RO          547    .ARM.Collect$$libinit$$0000000A  c_w.l(libinit2.o)
    0x080001b0   0x00000000   Code   RO          549    .ARM.Collect$$libinit$$0000000C  c_w.l(libinit2.o)
    0x080001b0   0x00000000   Code   RO          551    .ARM.Collect$$libinit$$0000000E  c_w.l(libinit2.o)
    0x080001b0   0x00000000   Code   RO          554    .ARM.Collect$$libinit$$00000011  c_w.l(libinit2.o)
    0x080001b0   0x00000000   Code   RO          556    .ARM.Collect$$libinit$$00000013  c_w.l(libinit2.o)
    0x080001b0   0x00000000   Code   RO          558    .ARM.Collect$$libinit$$00000015  c_w.l(libinit2.o)
    0x080001b0   0x00000000   Code   RO          560    .ARM.Collect$$libinit$$00000017  c_w.l(libinit2.o)
    0x080001b0   0x00000000   Code   RO          562    .ARM.Collect$$libinit$$00000019  c_w.l(libinit2.o)
    0x080001b0   0x00000000   Code   RO          564    .ARM.Collect$$libinit$$0000001B  c_w.l(libinit2.o)
    0x080001b0   0x00000000   Code   RO          566    .ARM.Collect$$libinit$$0000001D  c_w.l(libinit2.o)
    0x080001b0   0x00000000   Code   RO          568    .ARM.Collect$$libinit$$0000001F  c_w.l(libinit2.o)
    0x080001b0   0x00000000   Code   RO          570    .ARM.Collect$$libinit$$00000021  c_w.l(libinit2.o)
    0x080001b0   0x00000000   Code   RO          572    .ARM.Collect$$libinit$$00000023  c_w.l(libinit2.o)
    0x080001b0   0x00000000   Code   RO          574    .ARM.Collect$$libinit$$00000025  c_w.l(libinit2.o)
    0x080001b0   0x00000000   Code   RO          578    .ARM.Collect$$libinit$$0000002C  c_w.l(libinit2.o)
    0x080001b0   0x00000000   Code   RO          580    .ARM.Collect$$libinit$$0000002E  c_w.l(libinit2.o)
    0x080001b0   0x00000000   Code   RO          582    .ARM.Collect$$libinit$$00000030  c_w.l(libinit2.o)
    0x080001b0   0x00000000   Code   RO          584    .ARM.Collect$$libinit$$00000032  c_w.l(libinit2.o)
    0x080001b0   0x00000002   Code   RO          585    .ARM.Collect$$libinit$$00000033  c_w.l(libinit2.o)
    0x080001b2   0x00000002   Code   RO          603    .ARM.Collect$$libshutdown$$00000000  c_w.l(libshutdown.o)
    0x080001b4   0x00000000   Code   RO          614    .ARM.Collect$$libshutdown$$00000003  c_w.l(libshutdown2.o)
    0x080001b4   0x00000000   Code   RO          617    .ARM.Collect$$libshutdown$$00000006  c_w.l(libshutdown2.o)
    0x080001b4   0x00000000   Code   RO          620    .ARM.Collect$$libshutdown$$00000009  c_w.l(libshutdown2.o)
    0x080001b4   0x00000000   Code   RO          622    .ARM.Collect$$libshutdown$$0000000B  c_w.l(libshutdown2.o)
    0x080001b4   0x00000000   Code   RO          625    .ARM.Collect$$libshutdown$$0000000E  c_w.l(libshutdown2.o)
    0x080001b4   0x00000002   Code   RO          626    .ARM.Collect$$libshutdown$$0000000F  c_w.l(libshutdown2.o)
    0x080001b6   0x00000000   Code   RO          490    .ARM.Collect$$rtentry$$00000000  c_w.l(__rtentry.o)
    0x080001b6   0x00000000   Code   RO          504    .ARM.Collect$$rtentry$$00000002  c_w.l(__rtentry2.o)
    0x080001b6   0x00000006   Code   RO          516    .ARM.Collect$$rtentry$$00000004  c_w.l(__rtentry4.o)
    0x080001bc   0x00000000   Code   RO          506    .ARM.Collect$$rtentry$$00000009  c_w.l(__rtentry2.o)
    0x080001bc   0x00000004   Code   RO          507    .ARM.Collect$$rtentry$$0000000A  c_w.l(__rtentry2.o)
    0x080001c0   0x00000000   Code   RO          509    .ARM.Collect$$rtentry$$0000000C  c_w.l(__rtentry2.o)
    0x080001c0   0x00000008   Code   RO          510    .ARM.Collect$$rtentry$$0000000D  c_w.l(__rtentry2.o)
    0x080001c8   0x00000002   Code   RO          539    .ARM.Collect$$rtexit$$00000000  c_w.l(rtexit.o)
    0x080001ca   0x00000000   Code   RO          587    .ARM.Collect$$rtexit$$00000002  c_w.l(rtexit2.o)
    0x080001ca   0x00000004   Code   RO          588    .ARM.Collect$$rtexit$$00000003  c_w.l(rtexit2.o)
    0x080001ce   0x00000006   Code   RO          589    .ARM.Collect$$rtexit$$00000004  c_w.l(rtexit2.o)
    0x080001d4   0x00000f58   Code   RO            1    .text               main.o
    0x0800112c   0x0000001a   Code   RO          140    .text               stm32f10x_it.o
    0x08001146   0x00000002   PAD
    0x08001148   0x000001e0   Code   RO          181    .text               system_stm32f10x.o
    0x08001328   0x00000054   Code   RO          199    .text               led.o
    0x0800137c   0x000000d8   Code   RO          211    .text               motor.o
    0x08001454   0x00000168   Code   RO          223    .text               key.o
    0x080015bc   0x000001b8   Code   RO          236    .text               encoder.o
    0x08001774   0x00000228   Code   RO          248    .text               pid.o
    0x0800199c   0x000001d0   Code   RO          264    .text               timer.o
    0x08001b6c   0x00000180   Code   RO          280    .text               uart3.o
    0x08001cec   0x000000d4   Code   RO          295    .text               delay.o
    0x08001dc0   0x00000140   Code   RO          326    .text               usart.o
    0x08001f00   0x00000040   Code   RO          362    .text               startup_stm32f10x_hd.o
    0x08001f40   0x00000e1a   Code   RO          366    .text               stm32f10x_tim.o
    0x08002d5a   0x00000002   PAD
    0x08002d5c   0x0000035c   Code   RO          378    .text               stm32f10x_gpio.o
    0x080030b8   0x000003a4   Code   RO          390    .text               stm32f10x_rcc.o
    0x0800345c   0x00000408   Code   RO          404    .text               stm32f10x_usart.o
    0x08003864   0x000000dc   Code   RO          416    .text               misc.o
    0x08003940   0x00000002   Code   RO          430    .text               c_w.l(use_no_semi_2.o)
    0x08003942   0x00000002   PAD
    0x08003944   0x00000018   Code   RO          434    .text               c_w.l(noretval__2printf.o)
    0x0800395c   0x00000068   Code   RO          436    .text               c_w.l(__printf.o)
    0x080039c4   0x00000078   Code   RO          438    .text               c_w.l(_printf_dec.o)
    0x08003a3c   0x00000006   Code   RO          462    .text               c_w.l(heapauxi.o)
    0x08003a42   0x00000002   Code   RO          488    .text               c_w.l(use_no_semi.o)
    0x08003a44   0x000000b2   Code   RO          491    .text               c_w.l(_printf_intcommon.o)
    0x08003af6   0x00000002   PAD
    0x08003af8   0x00000024   Code   RO          493    .text               c_w.l(_printf_char_file.o)
    0x08003b1c   0x00000030   Code   RO          518    .text               c_w.l(_printf_char_common.o)
    0x08003b4c   0x00000008   Code   RO          520    .text               c_w.l(ferror.o)
    0x08003b54   0x0000004a   Code   RO          524    .text               c_w.l(sys_stackheap_outer.o)
    0x08003b9e   0x0000000c   Code   RO          528    .text               c_w.l(exit.o)
    0x08003baa   0x00000002   PAD
    0x08003bac   0x00000008   Code   RO          536    .text               c_w.l(libspace.o)
    0x08003bb4   0x000000c4   Code   RO          466    x$fpl$fadd          fz_ws.l(faddsub_clz.o)
    0x08003c78   0x00000018   Code   RO          496    x$fpl$fcmpinf       fz_ws.l(fcmpi.o)
    0x08003c90   0x00000036   Code   RO          472    x$fpl$ffix          fz_ws.l(ffix.o)
    0x08003cc6   0x00000002   PAD
    0x08003cc8   0x00000030   Code   RO          477    x$fpl$fflt          fz_ws.l(fflt_clz.o)
    0x08003cf8   0x00000068   Code   RO          482    x$fpl$fleqf         fz_ws.l(fleqf.o)
    0x08003d60   0x00000102   Code   RO          484    x$fpl$fmul          fz_ws.l(fmul.o)
    0x08003e62   0x0000008c   Code   RO          498    x$fpl$fnaninf       fz_ws.l(fnaninf.o)
    0x08003eee   0x0000000a   Code   RO          500    x$fpl$fretinf       fz_ws.l(fretinf.o)
    0x08003ef8   0x00000062   Code   RO          486    x$fpl$frleqf        fz_ws.l(frleqf.o)
    0x08003f5a   0x00000014   Code   RO          467    x$fpl$frsb          fz_ws.l(faddsub_clz.o)
    0x08003f6e   0x00000002   PAD
    0x08003f70   0x000000ea   Code   RO          468    x$fpl$fsub          fz_ws.l(faddsub_clz.o)
    0x0800405a   0x00000000   Code   RO          502    x$fpl$usenofp       fz_ws.l(usenofp.o)
    0x0800405a   0x00000002   PAD
    0x0800405c   0x00000035   Data   RO            2    .conststring        main.o
    0x08004091   0x00000003   PAD
    0x08004094   0x00000020   Data   RO          658    Region$$Table       anon$$obj.o


    Execution Region RW_IRAM1 (Base: 0x20000000, Size: 0x00000900, Max: 0x0000c000, ABSOLUTE)

    Base Addr    Size         Type   Attr      Idx    E Section Name        Object

    0x20000000   0x00000038   Data   RW            3    .data               main.o
    0x20000038   0x00000014   Data   RW          182    .data               system_stm32f10x.o
    0x2000004c   0x00000001   Data   RW          224    .data               key.o
    0x2000004d   0x00000003   PAD
    0x20000050   0x00000038   Data   RW          250    .data               pid.o
    0x20000088   0x00000004   Data   RW          266    .data               timer.o
    0x2000008c   0x00000002   Data   RW          282    .data               uart3.o
    0x2000008e   0x00000004   Data   RW          296    .data               delay.o
    0x20000092   0x00000002   PAD
    0x20000094   0x00000006   Data   RW          328    .data               usart.o
    0x2000009a   0x00000014   Data   RW          391    .data               stm32f10x_rcc.o
    0x200000ae   0x00000002   PAD
    0x200000b0   0x00000018   Zero   RW          249    .bss                pid.o
    0x200000c8   0x0000000a   Zero   RW          265    .bss                timer.o
    0x200000d2   0x00000100   Zero   RW          281    .bss                uart3.o
    0x200001d2   0x000000c8   Zero   RW          327    .bss                usart.o
    0x2000029a   0x00000002   PAD
    0x2000029c   0x00000060   Zero   RW          537    .bss                c_w.l(libspace.o)
    0x200002fc   0x00000004   PAD
    0x20000300   0x00000200   Zero   RW          360    HEAP                startup_stm32f10x_hd.o
    0x20000500   0x00000400   Zero   RW          359    STACK               startup_stm32f10x_hd.o


==============================================================================

Image component sizes


      Code (inc. data)   RO Data    RW Data    ZI Data      Debug   Object Name

       212         18          0          4          0       1003   delay.o
       440         16          0          0          0       1507   encoder.o
       360         16          0          1          0        876   key.o
        84          8          0          0          0        487   led.o
      3928        268         53         56          0     257658   main.o
       220         22          0          0          0       1781   misc.o
       216         14          0          0          0        926   motor.o
       552         72          0         56         24       1916   pid.o
        64         26        304          0       1536        788   startup_stm32f10x_hd.o
       860         38          0          0          0       5625   stm32f10x_gpio.o
        26          0          0          0          0       1170   stm32f10x_it.o
       932         36          0         20          0       8788   stm32f10x_rcc.o
      3610         88          0          0          0      22112   stm32f10x_tim.o
      1032         22          0          0          0       8352   stm32f10x_usart.o
         0          0          0          0          0         32   sys.o
       480         38          0         20          0       1707   system_stm32f10x.o
       464         30          0          4         10       1588   timer.o
       384         26          0          2        256       2006   uart3.o
       320         16          0          6        200       3122   usart.o

    ----------------------------------------------------------------------
     14188        754        392        176       2028     321444   Object Totals
         0          0         32          0          0          0   (incl. Generated)
         4          0          3          7          2          0   (incl. Padding)

    ----------------------------------------------------------------------

      Code (inc. data)   RO Data    RW Data    ZI Data      Debug   Library Member Name

         8          0          0          0          0         68   __main.o
       104          0          0          0          0         84   __printf.o
         0          0          0          0          0          0   __rtentry.o
        12          0          0          0          0          0   __rtentry2.o
         6          0          0          0          0          0   __rtentry4.o
        52          8          0          0          0          0   __scatter.o
        26          0          0          0          0          0   __scatter_copy.o
        28          0          0          0          0          0   __scatter_zi.o
        48          6          0          0          0         96   _printf_char_common.o
        36          4          0          0          0         80   _printf_char_file.o
         6          0          0          0          0          0   _printf_d.o
       120         16          0          0          0         92   _printf_dec.o
       178          0          0          0          0         88   _printf_intcommon.o
         0          0          0          0          0          0   _printf_percent.o
         4          0          0          0          0          0   _printf_percent_end.o
        12          0          0          0          0         72   exit.o
         8          0          0          0          0         68   ferror.o
         6          0          0          0          0        152   heapauxi.o
         2          0          0          0          0          0   libinit.o
         2          0          0          0          0          0   libinit2.o
         2          0          0          0          0          0   libshutdown.o
         2          0          0          0          0          0   libshutdown2.o
         8          4          0          0         96         68   libspace.o
        24          4          0          0          0         84   noretval__2printf.o
         2          0          0          0          0          0   rtexit.o
        10          0          0          0          0          0   rtexit2.o
        74          0          0          0          0         80   sys_stackheap_outer.o
         2          0          0          0          0         68   use_no_semi.o
         2          0          0          0          0         68   use_no_semi_2.o
       450          8          0          0          0        236   faddsub_clz.o
        24          0          0          0          0         68   fcmpi.o
        54          4          0          0          0         84   ffix.o
        48          0          0          0          0         68   fflt_clz.o
       104          4          0          0          0         84   fleqf.o
       258          4          0          0          0         84   fmul.o
       140          4          0          0          0         84   fnaninf.o
        10          0          0          0          0         68   fretinf.o
        98          0          0          0          0         68   frleqf.o
         0          0          0          0          0          0   usenofp.o

    ----------------------------------------------------------------------
      1984         66          0          0        100       2012   Library Totals
        14          0          0          0          4          0   (incl. Padding)

    ----------------------------------------------------------------------

      Code (inc. data)   RO Data    RW Data    ZI Data      Debug   Library Name

       784         42          0          0         96       1168   c_w.l
      1186         24          0          0          0        844   fz_ws.l

    ----------------------------------------------------------------------
      1984         66          0          0        100       2012   Library Totals

    ----------------------------------------------------------------------

==============================================================================


      Code (inc. data)   RO Data    RW Data    ZI Data      Debug   

     16172        820        392        176       2128     321008   Grand Totals
     16172        820        392        176       2128     321008   ELF Image Totals
     16172        820        392        176          0          0   ROM Totals

==============================================================================

    Total RO  Size (Code + RO Data)                16564 (  16.18kB)
    Total RW  Size (RW Data + ZI Data)              2304 (   2.25kB)
    Total ROM Size (Code + RO Data + RW Data)      16740 (  16.35kB)

==============================================================================

