<html>
<body>
<pre>
<h1>礦ision Build Log</h1>
<h2>Tool Versions:</h2>
IDE-Version: μVision V5.14.0.0
Copyright (C) 2015 ARM Ltd and ARM Germany GmbH. All rights reserved.
License Information: 1 1, 1, LIC=UB430-BP6G2-GNVA5-G7R0S-GI9FH-PX58R
 
Tool Versions:
Toolchain:       MDK-ARM Professional  Version: 5.14.0.0
Toolchain Path:  C:\Keil_v5\ARM\ARMCC\Bin
C Compiler:      Armcc.exe V5.05 update 1 (build 106)
Assembler:       Armasm.exe V5.05 update 1 (build 106)
Linker/Locator:  ArmLink.exe V5.05 update 1 (build 106)
Library Manager: ArmAr.exe V5.05 update 1 (build 106)
Hex Converter:   FromElf.exe V5.05 update 1 (build 106)
CPU DLL:         SARMCM3.DLL V5.14.0.0
Dialog DLL:      DARMSTM.DLL V1.65.0.0
Target DLL:      Segger\JL2CM3.dll V2.99.13.0
Dialog DLL:        TARMSTM.DLL   
 
<h2>Project:</h2>
E:\Desktop\小车车\小车车 +蓝牙\USER\USART.uvprojx
Project File Date:  12/15/2018

<h2>Output:</h2>
Rebuild target 'Target 1'
compiling main.c...
main.c(62): warning:  #177-D: variable "key" was declared but never referenced
    u8 key,kb;
main.c(62): warning:  #177-D: variable "kb" was declared but never referenced
    u8 key,kb;
main.c: 2 warnings, 0 errors
compiling stm32f10x_it.c...
compiling system_stm32f10x.c...
compiling led.c...
compiling motor.c...
compiling key.c...
compiling hc05.c...
..\HARDWARE\LED\hc05.c(160): warning:  #167-D: argument of type "u8 *" is incompatible with parameter of type "const char *restrict"
                sprintf("\r\n%s",USART2_RX_BUF);//发送回应数据到串口1
..\HARDWARE\LED\hc05.c: 1 warning, 0 errors
compiling usart2.c...
compiling delay.c...
compiling sys.c...
compiling usart.c...
compiling core_cm3.c...
assembling startup_stm32f10x_hd.s...
compiling stm32f10x_tim.c...
compiling stm32f10x_gpio.c...
compiling stm32f10x_rcc.c...
compiling stm32f10x_usart.c...
compiling misc.c...
compiling stm32f10x_dma.c...
linking...
Program Size: Code=17176 RO-data=852 RW-data=56 ZI-data=2232  
FromELF: creating hex file...
"..\OBJ\USART.axf" - 0 Error(s), 3 Warning(s).

<h2>Collection of Component include folders:</h2>
  E:\Desktop\小车车\小车车 +蓝牙\USER\RTE
  C:\Keil_v5\ARM\PACK\Keil\STM32F1xx_DFP\1.0.5\Device\Include

<h2>Collection of Component Files used:</h2>
</pre>
</body>
</html>
