Component: ARM Compiler 5.05 update 1 (build 106) Tool: armlink [4d0efa]

==============================================================================

Section Cross References

    main.o(.text) refers to delay.o(.text) for delay_init
    main.o(.text) refers to misc.o(.text) for NVIC_PriorityGroupConfig
    main.o(.text) refers to usart.o(.text) for uart_init
    main.o(.text) refers to led.o(.text) for LED_Init
    main.o(.text) refers to key.o(.text) for KEY_Init
    main.o(.text) refers to motor.o(.text) for MiniBalance_PWM_Init
    main.o(.text) refers to hc05.o(.text) for HC05_Init
    main.o(.text) refers to strcmpv7m.o(.text) for strcmp
    main.o(.text) refers to stm32f10x_gpio.o(.text) for GPIO_ReadInputDataBit
    main.o(.text) refers to usart2.o(.data) for USART2_RX_STA
    main.o(.text) refers to usart2.o(.bss) for USART2_RX_BUF
    system_stm32f10x.o(.text) refers to system_stm32f10x.o(.data) for SystemCoreClock
    led.o(.text) refers to stm32f10x_rcc.o(.text) for RCC_APB2PeriphClockCmd
    led.o(.text) refers to stm32f10x_gpio.o(.text) for GPIO_Init
    motor.o(.text) refers to stm32f10x_rcc.o(.text) for RCC_APB2PeriphClockCmd
    motor.o(.text) refers to stm32f10x_gpio.o(.text) for GPIO_Init
    motor.o(.text) refers to stm32f10x_tim.o(.text) for TIM_TimeBaseInit
    key.o(.text) refers to stm32f10x_rcc.o(.text) for RCC_APB2PeriphClockCmd
    key.o(.text) refers to stm32f10x_gpio.o(.text) for GPIO_PinRemapConfig
    key.o(.text) refers to delay.o(.text) for delay_ms
    key.o(.text) refers to key.o(.data) for key_up
    hc05.o(.text) refers to stm32f10x_rcc.o(.text) for RCC_APB2PeriphClockCmd
    hc05.o(.text) refers to stm32f10x_gpio.o(.text) for GPIO_Init
    hc05.o(.text) refers to usart2.o(.text) for USART2_Init
    hc05.o(.text) refers to delay.o(.text) for delay_ms
    hc05.o(.text) refers to c89sprintf.o(.text) for __c89sprintf
    hc05.o(.text) refers to usart2.o(.data) for USART2_RX_STA
    hc05.o(.text) refers to usart2.o(.bss) for USART2_RX_BUF
    usart2.o(.text) refers to stm32f10x_tim.o(.text) for TIM_SetCounter
    usart2.o(.text) refers to stm32f10x_usart.o(.text) for USART_GetITStatus
    usart2.o(.text) refers to stm32f10x_rcc.o(.text) for RCC_APB1PeriphClockCmd
    usart2.o(.text) refers to misc.o(.text) for NVIC_Init
    usart2.o(.text) refers to stm32f10x_dma.o(.text) for DMA_DeInit
    usart2.o(.text) refers to stm32f10x_gpio.o(.text) for GPIO_Init
    usart2.o(.text) refers to c89vsprintf.o(.text) for __c89vsprintf
    usart2.o(.text) refers to strlen.o(.text) for strlen
    usart2.o(.text) refers to usart2.o(.data) for USART2_RX_STA
    usart2.o(.text) refers to usart2.o(.bss) for USART2_RX_BUF
    delay.o(.text) refers to misc.o(.text) for SysTick_CLKSourceConfig
    delay.o(.text) refers to system_stm32f10x.o(.data) for SystemCoreClock
    delay.o(.text) refers to delay.o(.data) for fac_us
    usart.o(.text) refers (Special) to use_no_semi_2.o(.text) for __use_no_semihosting
    usart.o(.text) refers to stm32f10x_rcc.o(.text) for RCC_APB2PeriphClockCmd
    usart.o(.text) refers to stm32f10x_gpio.o(.text) for GPIO_Init
    usart.o(.text) refers to misc.o(.text) for NVIC_Init
    usart.o(.text) refers to stm32f10x_usart.o(.text) for USART_Init
    usart.o(.text) refers to usart.o(.data) for USART_RX_STA
    usart.o(.text) refers to usart.o(.bss) for USART_RX_BUF
    usart.o(.bss) refers (Special) to use_no_semi_2.o(.text) for __use_no_semihosting
    usart.o(.data) refers (Special) to use_no_semi_2.o(.text) for __use_no_semihosting
    startup_stm32f10x_hd.o(STACK) refers (Special) to heapauxi.o(.text) for __use_two_region_memory
    startup_stm32f10x_hd.o(HEAP) refers (Special) to heapauxi.o(.text) for __use_two_region_memory
    startup_stm32f10x_hd.o(RESET) refers (Special) to heapauxi.o(.text) for __use_two_region_memory
    startup_stm32f10x_hd.o(RESET) refers to startup_stm32f10x_hd.o(STACK) for __initial_sp
    startup_stm32f10x_hd.o(RESET) refers to startup_stm32f10x_hd.o(.text) for Reset_Handler
    startup_stm32f10x_hd.o(RESET) refers to stm32f10x_it.o(.text) for NMI_Handler
    startup_stm32f10x_hd.o(RESET) refers to usart2.o(.text) for TIM4_IRQHandler
    startup_stm32f10x_hd.o(RESET) refers to usart.o(.text) for USART1_IRQHandler
    startup_stm32f10x_hd.o(.text) refers (Special) to heapauxi.o(.text) for __use_two_region_memory
    startup_stm32f10x_hd.o(.text) refers to system_stm32f10x.o(.text) for SystemInit
    startup_stm32f10x_hd.o(.text) refers to __main.o(!!!main) for __main
    startup_stm32f10x_hd.o(.text) refers to startup_stm32f10x_hd.o(HEAP) for Heap_Mem
    startup_stm32f10x_hd.o(.text) refers to startup_stm32f10x_hd.o(STACK) for Stack_Mem
    stm32f10x_tim.o(.text) refers to stm32f10x_rcc.o(.text) for RCC_APB2PeriphResetCmd
    stm32f10x_gpio.o(.text) refers to stm32f10x_rcc.o(.text) for RCC_APB2PeriphResetCmd
    stm32f10x_rcc.o(.text) refers to stm32f10x_rcc.o(.data) for APBAHBPrescTable
[...]
    dc.s                                     0x00000000   Number         0  dc.o ABSOLUTE
    main.c                                   0x00000000   Number         0  main.o ABSOLUTE
    stm32f10x_it.c                           0x00000000   Number         0  stm32f10x_it.o ABSOLUTE
    system_stm32f10x.c                       0x00000000   Number         0  system_stm32f10x.o ABSOLUTE
    RESET                                    0x08000000   Section      304  startup_stm32f10x_hd.o(RESET)
    !!!main                                  0x08000130   Section        8  __main.o(!!!main)
    !!!scatter                               0x08000138   Section       52  __scatter.o(!!!scatter)
    !!handler_copy                           0x0800016c   Section       26  __scatter_copy.o(!!handler_copy)
    !!handler_zi                             0x08000188   Section       28  __scatter_zi.o(!!handler_zi)
    .ARM.Collect$$_printf_percent$$00000000  0x080001a4   Section        0  _printf_percent.o(.ARM.Collect$$_printf_percent$$00000000)
    .ARM.Collect$$_printf_percent$$00000001  0x080001a4   Section        6  _printf_n.o(.ARM.Collect$$_printf_percent$$00000001)
    .ARM.Collect$$_printf_percent$$00000002  0x080001aa   Section        6  _printf_p.o(.ARM.Collect$$_printf_percent$$00000002)
    .ARM.Collect$$_printf_percent$$00000003  0x080001b0   Section        6  _printf_f.o(.ARM.Collect$$_printf_percent$$00000003)
    .ARM.Collect$$_printf_percent$$00000004  0x080001b6   Section        6  _printf_e.o(.ARM.Collect$$_printf_percent$$00000004)
    .ARM.Collect$$_printf_percent$$00000005  0x080001bc   Section        6  _printf_g.o(.ARM.Collect$$_printf_percent$$00000005)
    .ARM.Collect$$_printf_percent$$00000006  0x080001c2   Section        6  _printf_a.o(.ARM.Collect$$_printf_percent$$00000006)
    .ARM.Collect$$_printf_percent$$00000007  0x080001c8   Section       10  _printf_ll.o(.ARM.Collect$$_printf_percent$$00000007)
    .ARM.Collect$$_printf_percent$$00000008  0x080001d2   Section        6  _printf_i.o(.ARM.Collect$$_printf_percent$$00000008)
    .ARM.Collect$$_printf_percent$$00000009  0x080001d8   Section        6  _printf_d.o(.ARM.Collect$$_printf_percent$$00000009)
    .ARM.Collect$$_printf_percent$$0000000A  0x080001de   Section        6  _printf_u.o(.ARM.Collect$$_printf_percent$$0000000A)
    .ARM.Collect$$_printf_percent$$0000000B  0x080001e4   Section        6  _printf_o.o(.ARM.Collect$$_printf_percent$$0000000B)
    .ARM.Collect$$_printf_percent$$0000000C  0x080001ea   Section        6  _printf_x.o(.ARM.Collect$$_printf_percent$$0000000C)
    .ARM.Collect$$_printf_percent$$0000000D  0x080001f0   Section        6  _printf_lli.o(.ARM.Collect$$_printf_percent$$0000000D)
    .ARM.Collect$$_printf_percent$$0000000E  0x080001f6   Section        6  _printf_lld.o(.ARM.Collect$$_printf_percent$$0000000E)
    .ARM.Collect$$_printf_percent$$0000000F  0x080001fc   Section        6  _printf_llu.o(.ARM.Collect$$_printf_percent$$0000000F)
    .ARM.Collect$$_printf_percent$$00000010  0x08000202   Section        6  _printf_llo.o(.ARM.Collect$$_printf_percent$$00000010)
    .ARM.Collect$$_printf_percent$$00000011  0x08000208   Section        6  _printf_llx.o(.ARM.Collect$$_printf_percent$$00000011)
    .ARM.Collect$$_printf_percent$$00000012  0x0800020e   Section       10  _printf_l.o(.ARM.Collect$$_printf_percent$$00000012)
    .ARM.Collect$$_printf_percent$$00000013  0x08000218   Section        6  _printf_c.o(.ARM.Collect$$_printf_percent$$00000013)
    .ARM.Collect$$_printf_percent$$00000014  0x0800021e   Section        6  _printf_s.o(.ARM.Collect$$_printf_percent$$00000014)
    .ARM.Collect$$_printf_percent$$00000015  0x08000224   Section        6  _printf_lc.o(.ARM.Collect$$_printf_percent$$00000015)
    .ARM.Collect$$_printf_percent$$00000016  0x0800022a   Section        6  _printf_ls.o(.ARM.Collect$$_printf_percent$$00000016)
    .ARM.Collect$$_printf_percent$$00000017  0x08000230   Section        4  _printf_percent_end.o(.ARM.Collect$$_printf_percent$$00000017)
    .ARM.Collect$$libinit$$00000000          0x08000234   Section        2  libinit.o(.ARM.Collect$$libinit$$00000000)
    .ARM.Collect$$libinit$$00000002          0x08000236   Section        0  libinit2.o(.ARM.Collect$$libinit$$00000002)
    .ARM.Collect$$libinit$$00000004          0x08000236   Section        0  libinit2.o(.ARM.Collect$$libinit$$00000004)
    .ARM.Collect$$libinit$$0000000A          0x08000236   Section        0  libinit2.o(.ARM.Collect$$libinit$$0000000A)
    .ARM.Collect$$libinit$$0000000C          0x08000236   Section        0  libinit2.o(.ARM.Collect$$libinit$$0000000C)
    .ARM.Collect$$libinit$$0000000E          0x08000236   Section        0  libinit2.o(.ARM.Collect$$libinit$$0000000E)
    .ARM.Collect$$libinit$$0000000F          0x08000236   Section        6  libinit2.o(.ARM.Collect$$libinit$$0000000F)
    .ARM.Collect$$libinit$$00000011          0x0800023c   Section        0  libinit2.o(.ARM.Collect$$libinit$$00000011)
    .ARM.Collect$$libinit$$00000012          0x0800023c   Section       12  libinit2.o(.ARM.Collect$$libinit$$00000012)
    .ARM.Collect$$libinit$$00000013          0x08000248   Section        0  libinit2.o(.ARM.Collect$$libinit$$00000013)
    .ARM.Collect$$libinit$$00000015          0x08000248   Section        0  libinit2.o(.ARM.Collect$$libinit$$00000015)
    .ARM.Collect$$libinit$$00000016          0x08000248   Section       10  libinit2.o(.ARM.Collect$$libinit$$00000016)
    .ARM.Collect$$libinit$$00000017          0x08000252   Section        0  libinit2.o(.ARM.Collect$$libinit$$00000017)
    .ARM.Collect$$libinit$$00000019          0x08000252   Section        0  libinit2.o(.ARM.Collect$$libinit$$00000019)
    .ARM.Collect$$libinit$$0000001B          0x08000252   Section        0  libinit2.o(.ARM.Collect$$libinit$$0000001B)
    .ARM.Collect$$libinit$$0000001D          0x08000252   Section        0  libinit2.o(.ARM.Collect$$libinit$$0000001D)
    .ARM.Collect$$libinit$$0000001F          0x08000252   Section        0  libinit2.o(.ARM.Collect$$libinit$$0000001F)
    .ARM.Collect$$libinit$$00000021          0x08000252   Section        0  libinit2.o(.ARM.Collect$$libinit$$00000021)
    .ARM.Collect$$libinit$$00000023          0x08000252   Section        0  libinit2.o(.ARM.Collect$$libinit$$00000023)
    .ARM.Collect$$libinit$$00000025          0x08000252   Section        0  libinit2.o(.ARM.Collect$$libinit$$00000025)
    .ARM.Collect$$libinit$$0000002C          0x08000252   Section        0  libinit2.o(.ARM.Collect$$libinit$$0000002C)
    .ARM.Collect$$libinit$$0000002E          0x08000252   Section        0  libinit2.o(.ARM.Collect$$libinit$$0000002E)
    .ARM.Collect$$libinit$$00000030          0x08000252   Section        0  libinit2.o(.ARM.Collect$$libinit$$00000030)
    .ARM.Collect$$libinit$$00000032          0x08000252   Section        0  libinit2.o(.ARM.Collect$$libinit$$00000032)
    .ARM.Collect$$libinit$$00000033          0x08000252   Section        2  libinit2.o(.ARM.Collect$$libinit$$00000033)
    .ARM.Collect$$libshutdown$$00000000      0x08000254   Section        2  libshutdown.o(.ARM.Collect$$libshutdown$$00000000)
    .ARM.Collect$$libshutdown$$00000003      0x08000256   Section        0  libshutdown2.o(.ARM.Collect$$libshutdown$$00000003)
    .ARM.Collect$$libshutdown$$00000006      0x08000256   Section        0  libshutdown2.o(.ARM.Collect$$libshutdown$$00000006)
    .ARM.Collect$$libshutdown$$00000009      0x08000256   Section        0  libshutdown2.o(.ARM.Collect$$libshutdown$$00000009)
    .ARM.Collect$$libshutdown$$0000000B      0x08000256   Section        0  libshutdown2.o(.ARM.Collect$$libshutdown$$0000000B)
    .ARM.Collect$$libshutdown$$0000000E      0x08000256   Section        0  libshutdown2.o(.ARM.Collect$$libshutdown$$0000000E)
    .ARM.Collect$$libshutdown$$0000000F      0x08000256   Section        2  libshutdown2.o(.ARM.Collect$$libshutdown$$0000000F)
    .ARM.Collect$$rtentry$$00000000          0x08000258   Section        0  __rtentry.o(.ARM.Collect$$rtentry$$00000000)
    .ARM.Collect$$rtentry$$00000002          0x08000258   Section        0  __rtentry2.o(.ARM.Collect$$rtentry$$00000002)
    .ARM.Collect$$rtentry$$00000004          0x08000258   Section        6  __rtentry4.o(.ARM.Collect$$rtentry$$00000004)
    .ARM.Collect$$rtentry$$00000009          0x0800025e   Section        0  __rtentry2.o(.ARM.Collect$$rtentry$$00000009)
    .ARM.Collect$$rtentry$$0000000A          0x0800025e   Section        4  __rtentry2.o(.ARM.Collect$$rtentry$$0000000A)
    .ARM.Collect$$rtentry$$0000000C          0x08000262   Section        0  __rtentry2.o(.ARM.Collect$$rtentry$$0000000C)
    .ARM.Collect$$rtentry$$0000000D          0x08000262   Section        8  __rtentry2.o(.ARM.Collect$$rtentry$$0000000D)
    .ARM.Collect$$rtexit$$00000000           0x0800026a   Section        2  rtexit.o(.ARM.Collect$$rtexit$$00000000)
    .ARM.Collect$$rtexit$$00000002           0x0800026c   Section        0  rtexit2.o(.ARM.Collect$$rtexit$$00000002)
    .ARM.Collect$$rtexit$$00000003           0x0800026c   Section        4  rtexit2.o(.ARM.Collect$$rtexit$$00000003)
    .ARM.Collect$$rtexit$$00000004           0x08000270   Section        6  rtexit2.o(.ARM.Collect$$rtexit$$00000004)
    .text                                    0x08000278   Section        0  main.o(.text)
    .text                                    0x08000640   Section        0  stm32f10x_it.o(.text)
    .text                                    0x0800065c   Section        0  system_stm32f10x.o(.text)
    SetSysClockTo72                          0x0800065d   Thumb Code   214  system_stm32f10x.o(.text)
    SetSysClock                              0x08000733   Thumb Code     8  system_stm32f10x.o(.text)
    .text                                    0x0800083c   Section        0  led.o(.text)
    .text                                    0x08000890   Section        0  motor.o(.text)
    .text                                    0x08000968   Section        0  key.o(.text)
    .text                                    0x08000a7c   Section        0  hc05.o(.text)
    .text                                    0x08000ce0   Section        0  usart2.o(.text)
    .text                                    0x08000f58   Section        0  delay.o(.text)
    .text                                    0x0800102c   Section        0  usart.o(.text)
    .text                                    0x0800116c   Section       64  startup_stm32f10x_hd.o(.text)
    .text                                    0x080011ac   Section        0  stm32f10x_tim.o(.text)
    TI4_Config                               0x08001653   Thumb Code   130  stm32f10x_tim.o(.text)
    TI3_Config                               0x080016e7   Thumb Code   122  stm32f10x_tim.o(.text)
    TI2_Config                               0x0800177b   Thumb Code   130  stm32f10x_tim.o(.text)
    TI1_Config                               0x0800180f   Thumb Code   108  stm32f10x_tim.o(.text)
    .text                                    0x08001fc8   Section        0  stm32f10x_gpio.o(.text)
    .text                                    0x08002324   Section        0  stm32f10x_rcc.o(.text)
    .text                                    0x080026c8   Section        0  stm32f10x_usart.o(.text)
    .text                                    0x08002ad0   Section        0  misc.o(.text)
    .text                                    0x08002bac   Section        0  stm32f10x_dma.o(.text)
    .text                                    0x08002e00   Section        2  use_no_semi_2.o(.text)
    .text                                    0x08002e04   Section        0  c89sprintf.o(.text)
    .text                                    0x08002e30   Section        0  c89vsprintf.o(.text)
    .text                                    0x08002e54   Section        0  strlen.o(.text)
    .text                                    0x08002e94   Section      128  strcmpv7m.o(.text)
    .text                                    0x08002f14   Section        0  heapauxi.o(.text)
    .text                                    0x08002f1a   Section        2  use_no_semi.o(.text)
    .text                                    0x08002f1c   Section        0  _printf_pad.o(.text)
    .text                                    0x08002f6a   Section        0  _printf_truncate.o(.text)
    .text                                    0x08002f8e   Section        0  _printf_str.o(.text)
    .text                                    0x08002fe0   Section        0  _printf_dec.o(.text)
    .text                                    0x08003058   Section        0  _printf_charcount.o(.text)
    .text                                    0x08003080   Section        0  _printf_char_common.o(.text)
    _printf_input_char                       0x08003081   Thumb Code    10  _printf_char_common.o(.text)
    .text                                    0x080030b0   Section        0  _sputc.o(.text)
    .text                                    0x080030bc   Section        0  _printf_wctomb.o(.text)
    .text                                    0x08003178   Section        0  _printf_longlong_dec.o(.text)
    .text                                    0x080031f4   Section        0  _printf_oct_int_ll.o(.text)
    _printf_longlong_oct_internal            0x080031f5   Thumb Code     0  _printf_oct_int_ll.o(.text)
    .text                                    0x08003264   Section        0  _printf_hex_int_ll_ptr.o(.text)
    _printf_hex_common                       0x08003265   Thumb Code     0  _printf_hex_int_ll_ptr.o(.text)
    .text                                    0x080032f8   Section        0  __printf_flags_ss_wp.o(.text)
    .text                                    0x08003480   Section      138  lludiv10.o(.text)
    .text                                    0x0800350a   Section        0  _printf_intcommon.o(.text)
    .text                                    0x080035bc   Section        0  _printf_fp_dec.o(.text)
    _fp_digits                               0x080035bf   Thumb Code   428  _printf_fp_dec.o(.text)
    .text                                    0x080039d6   Section        0  _printf_char.o(.text)
    .text                                    0x08003a02   Section        0  _printf_wchar.o(.text)
    .text                                    0x08003a2e   Section        0  _wcrtomb.o(.text)
    .text                                    0x08003a6e   Section       74  sys_stackheap_outer.o(.text)
    .text                                    0x08003ab8   Section       16  rt_ctype_table.o(.text)
    .text                                    0x08003ac8   Section        8  rt_locale_intlibspace.o(.text)
    .text                                    0x08003ad0   Section        0  _printf_fp_infnan.o(.text)
    .text                                    0x08003b50   Section        0  bigflt0.o(.text)
    .text                                    0x08003c2c   Section        0  exit.o(.text)
    .text                                    0x08003c38   Section        8  libspace.o(.text)
    CL$$btod_d2e                             0x08003c40   Section       62  btod.o(CL$$btod_d2e)
    CL$$btod_d2e_denorm_low                  0x08003c7e   Section       70  btod.o(CL$$btod_d2e_denorm_low)
    CL$$btod_d2e_norm_op1                    0x08003cc4   Section       96  btod.o(CL$$btod_d2e_norm_op1)
    CL$$btod_div_common                      0x08003d24   Section      824  btod.o(CL$$btod_div_common)
    CL$$btod_e2e                             0x0800405c   Section      198  btod.o(CL$$btod_e2e)
    CL$$btod_ediv                            0x08004122   Section       40  btod.o(CL$$btod_ediv)
    CL$$btod_emul                            0x0800414a   Section       40  btod.o(CL$$btod_emul)
    CL$$btod_mult_common                     0x08004172   Section      580  btod.o(CL$$btod_mult_common)
    i.__ARM_fpclassify                       0x080043b6   Section        0  fpclassify.o(i.__ARM_fpclassify)
    i._is_digit                              0x080043de   Section        0  __printf_wp.o(i._is_digit)
    locale$$code                             0x080043ec   Section       44  lc_numeric_c.o(locale$$code)
    locale$$code                             0x08004418   Section       44  lc_ctype_c.o(locale$$code)
    x$fpl$printf1                            0x08004444   Section        4  printf1.o(x$fpl$printf1)
    .constdata                               0x08004448   Section        8  _printf_wctomb.o(.constdata)
    x$fpl$usenofp                            0x08004448   Section        0  usenofp.o(x$fpl$usenofp)
    initial_mbstate                          0x08004448   Data           8  _printf_wctomb.o(.constdata)
    .constdata                               0x08004450   Section       40  _printf_hex_int_ll_ptr.o(.constdata)
    uc_hextab                                0x08004450   Data          20  _printf_hex_int_ll_ptr.o(.constdata)
    lc_hextab                                0x08004464   Data          20  _printf_hex_int_ll_ptr.o(.constdata)
    .constdata                               0x08004478   Section       17  __printf_flags_ss_wp.o(.constdata)
    maptable                                 0x08004478   Data          17  __printf_flags_ss_wp.o(.constdata)
    .constdata                               0x0800448c   Section      148  bigflt0.o(.constdata)
    tenpwrs_x                                0x0800448c   Data          60  bigflt0.o(.constdata)
    tenpwrs_i                                0x080044c8   Data          64  bigflt0.o(.constdata)
    locale$$data                             0x08004540   Section       28  lc_numeric_c.o(locale$$data)
    __lcnum_c_name                           0x08004544   Data           2  lc_numeric_c.o(locale$$data)
    __lcnum_c_start                          0x0800454c   Data           0  lc_numeric_c.o(locale$$data)
    __lcnum_c_point                          0x08004558   Data           0  lc_numeric_c.o(locale$$data)
    __lcnum_c_thousands                      0x0800455a   Data           0  lc_numeric_c.o(locale$$data)
    __lcnum_c_grouping                       0x0800455b   Data           0  lc_numeric_c.o(locale$$data)
    locale$$data                             0x0800455c   Section      272  lc_ctype_c.o(locale$$data)
    __lcnum_c_end                            0x0800455c   Data           0  lc_numeric_c.o(locale$$data)
    __lcctype_c_name                         0x08004560   Data           2  lc_ctype_c.o(locale$$data)
    __lcctype_c_start                        0x08004568   Data           0  lc_ctype_c.o(locale$$data)
    __lcctype_c_end                          0x0800466c   Data           0  lc_ctype_c.o(locale$$data)
    .data                                    0x20000000   Section       20  system_stm32f10x.o(.data)
    .data                                    0x20000014   Section        1  key.o(.data)
    key_up                                   0x20000014   Data           1  key.o(.data)
    .data                                    0x20000016   Section        2  usart2.o(.data)
    .data                                    0x20000018   Section        4  delay.o(.data)
    fac_us                                   0x20000018   Data           1  delay.o(.data)
    fac_ms                                   0x2000001a   Data           2  delay.o(.data)
    .data                                    0x2000001c   Section        6  usart.o(.data)
    .data                                    0x20000022   Section       20  stm32f10x_rcc.o(.data)
    APBAHBPrescTable                         0x20000022   Data          16  stm32f10x_rcc.o(.data)
    ADCPrescTable                            0x20000032   Data           4  stm32f10x_rcc.o(.data)
    .bss                                     0x20000038   Section      400  usart2.o(.bss)
    .bss                                     0x200001c8   Section      200  usart.o(.bss)
    .bss                                     0x20000290   Section       96  libspace.o(.bss)
    HEAP                                     0x200002f0   Section      512  startup_stm32f10x_hd.o(HEAP)
    Heap_Mem                                 0x200002f0   Data         512  startup_stm32f10x_hd.o(HEAP)
    STACK                                    0x200004f0   Section     1024  startup_stm32f10x_hd.o(STACK)
    Stack_Mem                                0x200004f0   Data        1024  startup_stm32f10x_hd.o(STACK)
    __initial_sp                             0x200008f0   Data           0  startup_stm32f10x_hd.o(STACK)

    Global Symbols

    Symbol Name                              Value     Ov Type        Size  Object(Section)

    BuildAttributes$$THM_ISAv4$P$D$K$B$S$PE$A:L22UL41UL21$X:L11$S22US41US21$IEEE1$IW$USESV6$~STKCKD$USESV7$~SHL$OTIME$ROPI$IEEEJ$EBA8$UX$STANDARDLIB$REQ8$PRES8$EABIv2 0x00000000   Number         0  anon$$obj.o ABSOLUTE
    __ARM_use_no_argv                        0x00000000   Number         0  main.o ABSOLUTE
    _printf_flags                            0x00000000   Number         0  printf_stubs.o ABSOLUTE
    _printf_return_value                     0x00000000   Number         0  printf_stubs.o ABSOLUTE
    _printf_sizespec                         0x00000000   Number         0  printf_stubs.o ABSOLUTE
    _printf_widthprec                        0x00000000   Number         0  printf_stubs.o ABSOLUTE
    __ARM_exceptions_init                     - Undefined Weak Reference
    __alloca_initialize                       - Undefined Weak Reference
    __arm_preinit_                            - Undefined Weak Reference
    __cpp_initialize__aeabi_                  - Undefined Weak Reference
    __cxa_finalize                            - Undefined Weak Reference
    __sigvec_lookup                           - Undefined Weak Reference
    _atexit_init                              - Undefined Weak Reference
    _call_atexit_fns                          - Undefined Weak Reference
    _clock_init                               - Undefined Weak Reference
    _fp_trap_init                             - Undefined Weak Reference
    _fp_trap_shutdown                         - Undefined Weak Reference
    _get_lc_collate                           - Undefined Weak Reference
    _get_lc_monetary                          - Undefined Weak Reference
    _get_lc_time                              - Undefined Weak Reference
    _getenv_init                              - Undefined Weak Reference
    _handle_redirection                       - Undefined Weak Reference
    _init_alloc                               - Undefined Weak Reference
    _init_user_alloc                          - Undefined Weak Reference
    _initio                                   - Undefined Weak Reference
    _printf_fp_hex                            - Undefined Weak Reference
    _printf_mbtowc                            - Undefined Weak Reference
    _printf_wc                                - Undefined Weak Reference
    _rand_init                                - Undefined Weak Reference
    _signal_finish                            - Undefined Weak Reference
    _signal_init                              - Undefined Weak Reference
    _terminate_alloc                          - Undefined Weak Reference
    _terminate_user_alloc                     - Undefined Weak Reference
    _terminateio                              - Undefined Weak Reference
    __Vectors_Size                           0x00000130   Number         0  startup_stm32f10x_hd.o ABSOLUTE
    __Vectors                                0x08000000   Data           4  startup_stm32f10x_hd.o(RESET)
    __Vectors_End                            0x08000130   Data           0  startup_stm32f10x_hd.o(RESET)
    __main                                   0x08000131   Thumb Code     8  __main.o(!!!main)
    __scatterload                            0x08000139   Thumb Code     0  __scatter.o(!!!scatter)
    __scatterload_rt2                        0x08000139   Thumb Code    44  __scatter.o(!!!scatter)
    __scatterload_rt2_thumb_only             0x08000139   Thumb Code     0  __scatter.o(!!!scatter)
    __scatterload_null                       0x08000147   Thumb Code     0  __scatter.o(!!!scatter)
    __scatterload_copy                       0x0800016d   Thumb Code    26  __scatter_copy.o(!!handler_copy)
    __scatterload_zeroinit                   0x08000189   Thumb Code    28  __scatter_zi.o(!!handler_zi)
    _printf_n                                0x080001a5   Thumb Code     0  _printf_n.o(.ARM.Collect$$_printf_percent$$00000001)
    _printf_percent                          0x080001a5   Thumb Code     0  _printf_percent.o(.ARM.Collect$$_printf_percent$$00000000)
    _printf_p                                0x080001ab   Thumb Code     0  _printf_p.o(.ARM.Collect$$_printf_percent$$00000002)
    _printf_f                                0x080001b1   Thumb Code     0  _printf_f.o(.ARM.Collect$$_printf_percent$$00000003)
    _printf_e                                0x080001b7   Thumb Code     0  _printf_e.o(.ARM.Collect$$_printf_percent$$00000004)
    _printf_g                                0x080001bd   Thumb Code     0  _printf_g.o(.ARM.Collect$$_printf_percent$$00000005)
    _printf_a                                0x080001c3   Thumb Code     0  _printf_a.o(.ARM.Collect$$_printf_percent$$00000006)
    _printf_ll                               0x080001c9   Thumb Code     0  _printf_ll.o(.ARM.Collect$$_printf_percent$$00000007)
    _printf_i                                0x080001d3   Thumb Code     0  _printf_i.o(.ARM.Collect$$_printf_percent$$00000008)
    _printf_d                                0x080001d9   Thumb Code     0  _printf_d.o(.ARM.Collect$$_printf_percent$$00000009)
    _printf_u                                0x080001df   Thumb Code     0  _printf_u.o(.ARM.Collect$$_printf_percent$$0000000A)
    _printf_o                                0x080001e5   Thumb Code     0  _printf_o.o(.ARM.Collect$$_printf_percent$$0000000B)
    _printf_x                                0x080001eb   Thumb Code     0  _printf_x.o(.ARM.Collect$$_printf_percent$$0000000C)
    _printf_lli                              0x080001f1   Thumb Code     0  _printf_lli.o(.ARM.Collect$$_printf_percent$$0000000D)
    _printf_lld                              0x080001f7   Thumb Code     0  _printf_lld.o(.ARM.Collect$$_printf_percent$$0000000E)
    _printf_llu                              0x080001fd   Thumb Code     0  _printf_llu.o(.ARM.Collect$$_printf_percent$$0000000F)
    _printf_llo                              0x08000203   Thumb Code     0  _printf_llo.o(.ARM.Collect$$_printf_percent$$00000010)
    _printf_llx                              0x08000209   Thumb Code     0  _printf_llx.o(.ARM.Collect$$_printf_percent$$00000011)
    _printf_l                                0x0800020f   Thumb Code     0  _printf_l.o(.ARM.Collect$$_printf_percent$$00000012)
    _printf_c                                0x08000219   Thumb Code     0  _printf_c.o(.ARM.Collect$$_printf_percent$$00000013)
    _printf_s                                0x0800021f   Thumb Code     0  _printf_s.o(.ARM.Collect$$_printf_percent$$00000014)
    _printf_lc                               0x08000225   Thumb Code     0  _printf_lc.o(.ARM.Collect$$_printf_percent$$00000015)
    _printf_ls                               0x0800022b   Thumb Code     0  _printf_ls.o(.ARM.Collect$$_printf_percent$$00000016)
    _printf_percent_end                      0x08000231   Thumb Code     0  _printf_percent_end.o(.ARM.Collect$$_printf_percent$$00000017)
    __rt_lib_init                            0x08000235   Thumb Code     0  libinit.o(.ARM.Collect$$libinit$$00000000)
    __rt_lib_init_fp_1                       0x08000237   Thumb Code     0  libinit2.o(.ARM.Collect$$libinit$$00000002)
    __rt_lib_init_heap_1                     0x08000237   Thumb Code     0  libinit2.o(.ARM.Collect$$libinit$$0000000A)
    __rt_lib_init_lc_common                  0x08000237   Thumb Code     0  libinit2.o(.ARM.Collect$$libinit$$0000000F)
    __rt_lib_init_preinit_1                  0x08000237   Thumb Code     0  libinit2.o(.ARM.Collect$$libinit$$00000004)
    __rt_lib_init_rand_1                     0x08000237   Thumb Code     0  libinit2.o(.ARM.Collect$$libinit$$0000000E)
    __rt_lib_init_user_alloc_1               0x08000237   Thumb Code     0  libinit2.o(.ARM.Collect$$libinit$$0000000C)
    __rt_lib_init_lc_collate_1               0x0800023d   Thumb Code     0  libinit2.o(.ARM.Collect$$libinit$$00000011)
    __rt_lib_init_lc_ctype_2                 0x0800023d   Thumb Code     0  libinit2.o(.ARM.Collect$$libinit$$00000012)
    __rt_lib_init_lc_ctype_1                 0x08000249   Thumb Code     0  libinit2.o(.ARM.Collect$$libinit$$00000013)
    __rt_lib_init_lc_monetary_1              0x08000249   Thumb Code     0  libinit2.o(.ARM.Collect$$libinit$$00000015)
    __rt_lib_init_lc_numeric_2               0x08000249   Thumb Code     0  libinit2.o(.ARM.Collect$$libinit$$00000016)
    __rt_lib_init_alloca_1                   0x08000253   Thumb Code     0  libinit2.o(.ARM.Collect$$libinit$$0000002E)
    __rt_lib_init_argv_1                     0x08000253   Thumb Code     0  libinit2.o(.ARM.Collect$$libinit$$0000002C)
    __rt_lib_init_atexit_1                   0x08000253   Thumb Code     0  libinit2.o(.ARM.Collect$$libinit$$0000001B)
    __rt_lib_init_clock_1                    0x08000253   Thumb Code     0  libinit2.o(.ARM.Collect$$libinit$$00000021)
    __rt_lib_init_cpp_1                      0x08000253   Thumb Code     0  libinit2.o(.ARM.Collect$$libinit$$00000032)
    __rt_lib_init_exceptions_1               0x08000253   Thumb Code     0  libinit2.o(.ARM.Collect$$libinit$$00000030)
    __rt_lib_init_fp_trap_1                  0x08000253   Thumb Code     0  libinit2.o(.ARM.Collect$$libinit$$0000001F)
    __rt_lib_init_getenv_1                   0x08000253   Thumb Code     0  libinit2.o(.ARM.Collect$$libinit$$00000023)
    __rt_lib_init_lc_numeric_1               0x08000253   Thumb Code     0  libinit2.o(.ARM.Collect$$libinit$$00000017)
    __rt_lib_init_lc_time_1                  0x08000253   Thumb Code     0  libinit2.o(.ARM.Collect$$libinit$$00000019)
    __rt_lib_init_return                     0x08000253   Thumb Code     0  libinit2.o(.ARM.Collect$$libinit$$00000033)
    __rt_lib_init_signal_1                   0x08000253   Thumb Code     0  libinit2.o(.ARM.Collect$$libinit$$0000001D)
    __rt_lib_init_stdio_1                    0x08000253   Thumb Code     0  libinit2.o(.ARM.Collect$$libinit$$00000025)
    __rt_lib_shutdown                        0x08000255   Thumb Code     0  libshutdown.o(.ARM.Collect$$libshutdown$$00000000)
    __rt_lib_shutdown_fp_trap_1              0x08000257   Thumb Code     0  libshutdown2.o(.ARM.Collect$$libshutdown$$00000006)
    __rt_lib_shutdown_heap_1                 0x08000257   Thumb Code     0  libshutdown2.o(.ARM.Collect$$libshutdown$$0000000E)
    __rt_lib_shutdown_return                 0x08000257   Thumb Code     0  libshutdown2.o(.ARM.Collect$$libshutdown$$0000000F)
    __rt_lib_shutdown_signal_1               0x08000257   Thumb Code     0  libshutdown2.o(.ARM.Collect$$libshutdown$$00000009)
    __rt_lib_shutdown_stdio_1                0x08000257   Thumb Code     0  libshutdown2.o(.ARM.Collect$$libshutdown$$00000003)
    __rt_lib_shutdown_user_alloc_1           0x08000257   Thumb Code     0  libshutdown2.o(.ARM.Collect$$libshutdown$$0000000B)
    __rt_entry                               0x08000259   Thumb Code     0  __rtentry.o(.ARM.Collect$$rtentry$$00000000)
    __rt_entry_presh_1                       0x08000259   Thumb Code     0  __rtentry2.o(.ARM.Collect$$rtentry$$00000002)
    __rt_entry_sh                            0x08000259   Thumb Code     0  __rtentry4.o(.ARM.Collect$$rtentry$$00000004)
    __rt_entry_li                            0x0800025f   Thumb Code     0  __rtentry2.o(.ARM.Collect$$rtentry$$0000000A)
    __rt_entry_postsh_1                      0x0800025f   Thumb Code     0  __rtentry2.o(.ARM.Collect$$rtentry$$00000009)
    __rt_entry_main                          0x08000263   Thumb Code     0  __rtentry2.o(.ARM.Collect$$rtentry$$0000000D)
    __rt_entry_postli_1                      0x08000263   Thumb Code     0  __rtentry2.o(.ARM.Collect$$rtentry$$0000000C)
    __rt_exit                                0x0800026b   Thumb Code     0  rtexit.o(.ARM.Collect$$rtexit$$00000000)
    __rt_exit_ls                             0x0800026d   Thumb Code     0  rtexit2.o(.ARM.Collect$$rtexit$$00000003)
    __rt_exit_prels_1                        0x0800026d   Thumb Code     0  rtexit2.o(.ARM.Collect$$rtexit$$00000002)
    __rt_exit_exit                           0x08000271   Thumb Code     0  rtexit2.o(.ARM.Collect$$rtexit$$00000004)
    run                                      0x08000279   Thumb Code    40  main.o(.text)
    back                                     0x080002a1   Thumb Code    40  main.o(.text)
    right                                    0x080002c9   Thumb Code    42  main.o(.text)
    left                                     0x080002f3   Thumb Code    42  main.o(.text)
    stop                                     0x0800031d   Thumb Code    26  main.o(.text)
    main                                     0x08000337   Thumb Code   696  main.o(.text)
    NMI_Handler                              0x08000641   Thumb Code     2  stm32f10x_it.o(.text)
    HardFault_Handler                        0x08000643   Thumb Code     4  stm32f10x_it.o(.text)
    MemManage_Handler                        0x08000647   Thumb Code     4  stm32f10x_it.o(.text)
    BusFault_Handler                         0x0800064b   Thumb Code     4  stm32f10x_it.o(.text)
    UsageFault_Handler                       0x0800064f   Thumb Code     4  stm32f10x_it.o(.text)
    SVC_Handler                              0x08000653   Thumb Code     2  stm32f10x_it.o(.text)
    DebugMon_Handler                         0x08000655   Thumb Code     2  stm32f10x_it.o(.text)
    PendSV_Handler                           0x08000657   Thumb Code     2  stm32f10x_it.o(.text)
    SysTick_Handler                          0x08000659   Thumb Code     2  stm32f10x_it.o(.text)
    SystemInit                               0x0800073b   Thumb Code    78  system_stm32f10x.o(.text)
    SystemCoreClockUpdate                    0x08000789   Thumb Code   142  system_stm32f10x.o(.text)
    LED_Init                                 0x0800083d   Thumb Code    76  led.o(.text)
    MiniBalance_Motor_Init                   0x08000891   Thumb Code    40  motor.o(.text)
    MiniBalance_PWM_Init                     0x080008b9   Thumb Code   164  motor.o(.text)
    KEY_Init                                 0x08000969   Thumb Code   104  key.o(.text)
    KEY_Scan                                 0x080009d1   Thumb Code   154  key.o(.text)
    HC05_Init                                0x08000a7d   Thumb Code   204  hc05.o(.text)
    HC05_Get_Role                            0x08000b49   Thumb Code   124  hc05.o(.text)
    HC05_Set_Cmd                             0x08000bc5   Thumb Code   128  hc05.o(.text)
    HC05_CFG_CMD                             0x08000c45   Thumb Code    94  hc05.o(.text)
    TIM4_Set                                 0x08000ce1   Thumb Code    34  usart2.o(.text)
    USART2_IRQHandler                        0x08000d03   Thumb Code    82  usart2.o(.text)
    TIM4_Init                                0x08000d55   Thumb Code    82  usart2.o(.text)
    UART_DMA_Config                          0x08000da7   Thumb Code    72  usart2.o(.text)
    USART2_Init                              0x08000def   Thumb Code   204  usart2.o(.text)
    UART_DMA_Enable                          0x08000ebb   Thumb Code    32  usart2.o(.text)
    u2_printf                                0x08000edb   Thumb Code    56  usart2.o(.text)
    TIM4_IRQHandler                          0x08000f13   Thumb Code    40  usart2.o(.text)
    delay_init                               0x08000f59   Thumb Code    50  delay.o(.text)
    delay_us                                 0x08000f8b   Thumb Code    72  delay.o(.text)
    delay_ms                                 0x08000fd3   Thumb Code    72  delay.o(.text)
    _sys_exit                                0x0800102d   Thumb Code     6  usart.o(.text)
    fputc                                    0x08001033   Thumb Code    24  usart.o(.text)
    uart_init                                0x0800104b   Thumb Code   152  usart.o(.text)
    USART1_IRQHandler                        0x080010e3   Thumb Code   122  usart.o(.text)
    Reset_Handler                            0x0800116d   Thumb Code     8  startup_stm32f10x_hd.o(.text)
    ADC1_2_IRQHandler                        0x08001187   Thumb Code     0  startup_stm32f10x_hd.o(.text)
    ADC3_IRQHandler                          0x08001187   Thumb Code     0  startup_stm32f10x_hd.o(.text)
    CAN1_RX1_IRQHandler                      0x08001187   Thumb Code     0  startup_stm32f10x_hd.o(.text)
    CAN1_SCE_IRQHandler                      0x08001187   Thumb Code     0  startup_stm32f10x_hd.o(.text)
    DMA1_Channel1_IRQHandler                 0x08001187   Thumb Code     0  startup_stm32f10x_hd.o(.text)
    DMA1_Channel2_IRQHandler                 0x08001187   Thumb Code     0  startup_stm32f10x_hd.o(.text)
    DMA1_Channel3_IRQHandler                 0x08001187   Thumb Code     0  startup_stm32f10x_hd.o(.text)
    DMA1_Channel4_IRQHandler                 0x08001187   Thumb Code     0  startup_stm32f10x_hd.o(.text)
    DMA1_Channel5_IRQHandler                 0x08001187   Thumb Code     0  startup_stm32f10x_hd.o(.text)
    DMA1_Channel6_IRQHandler                 0x08001187   Thumb Code     0  startup_stm32f10x_hd.o(.text)
    DMA1_Channel7_IRQHandler                 0x08001187   Thumb Code     0  startup_stm32f10x_hd.o(.text)
    DMA2_Channel1_IRQHandler                 0x08001187   Thumb Code     0  startup_stm32f10x_hd.o(.text)
    DMA2_Channel2_IRQHandler                 0x08001187   Thumb Code     0  startup_stm32f10x_hd.o(.text)
    DMA2_Channel3_IRQHandler                 0x08001187   Thumb Code     0  startup_stm32f10x_hd.o(.text)
    DMA2_Channel4_5_IRQHandler               0x08001187   Thumb Code     0  startup_stm32f10x_hd.o(.text)
    EXTI0_IRQHandler                         0x08001187   Thumb Code     0  startup_stm32f10x_hd.o(.text)
    EXTI15_10_IRQHandler                     0x08001187   Thumb Code     0  startup_stm32f10x_hd.o(.text)
    EXTI1_IRQHandler                         0x08001187   Thumb Code     0  startup_stm32f10x_hd.o(.text)
    EXTI2_IRQHandler                         0x08001187   Thumb Code     0  startup_stm32f10x_hd.o(.text)
    EXTI3_IRQHandler                         0x08001187   Thumb Code     0  startup_stm32f10x_hd.o(.text)
    EXTI4_IRQHandler                         0x08001187   Thumb Code     0  startup_stm32f10x_hd.o(.text)
    EXTI9_5_IRQHandler                       0x08001187   Thumb Code     0  startup_stm32f10x_hd.o(.text)
    FLASH_IRQHandler                         0x08001187   Thumb Code     0  startup_stm32f10x_hd.o(.text)
    FSMC_IRQHandler                          0x08001187   Thumb Code     0  startup_stm32f10x_hd.o(.text)
    I2C1_ER_IRQHandler                       0x08001187   Thumb Code     0  startup_stm32f10x_hd.o(.text)
    I2C1_EV_IRQHandler                       0x08001187   Thumb Code     0  startup_stm32f10x_hd.o(.text)
    I2C2_ER_IRQHandler                       0x08001187   Thumb Code     0  startup_stm32f10x_hd.o(.text)
    I2C2_EV_IRQHandler                       0x08001187   Thumb Code     0  startup_stm32f10x_hd.o(.text)
    PVD_IRQHandler                           0x08001187   Thumb Code     0  startup_stm32f10x_hd.o(.text)
    RCC_IRQHandler                           0x08001187   Thumb Code     0  startup_stm32f10x_hd.o(.text)
    RTCAlarm_IRQHandler                      0x08001187   Thumb Code     0  startup_stm32f10x_hd.o(.text)
    RTC_IRQHandler                           0x08001187   Thumb Code     0  startup_stm32f10x_hd.o(.text)
    SDIO_IRQHandler                          0x08001187   Thumb Code     0  startup_stm32f10x_hd.o(.text)
    SPI1_IRQHandler                          0x08001187   Thumb Code     0  startup_stm32f10x_hd.o(.text)
    SPI2_IRQHandler                          0x08001187   Thumb Code     0  startup_stm32f10x_hd.o(.text)
    SPI3_IRQHandler                          0x08001187   Thumb Code     0  startup_stm32f10x_hd.o(.text)
    TAMPER_IRQHandler                        0x08001187   Thumb Code     0  startup_stm32f10x_hd.o(.text)
    TIM1_BRK_IRQHandler                      0x08001187   Thumb Code     0  startup_stm32f10x_hd.o(.text)
    TIM1_CC_IRQHandler                       0x08001187   Thumb Code     0  startup_stm32f10x_hd.o(.text)
    TIM1_TRG_COM_IRQHandler                  0x08001187   Thumb Code     0  startup_stm32f10x_hd.o(.text)
    TIM1_UP_IRQHandler                       0x08001187   Thumb Code     0  startup_stm32f10x_hd.o(.text)
    TIM2_IRQHandler                          0x08001187   Thumb Code     0  startup_stm32f10x_hd.o(.text)
    TIM3_IRQHandler                          0x08001187   Thumb Code     0  startup_stm32f10x_hd.o(.text)
    TIM5_IRQHandler                          0x08001187   Thumb Code     0  startup_stm32f10x_hd.o(.text)
    TIM6_IRQHandler                          0x08001187   Thumb Code     0  startup_stm32f10x_hd.o(.text)
    TIM7_IRQHandler                          0x08001187   Thumb Code     0  startup_stm32f10x_hd.o(.text)
    TIM8_BRK_IRQHandler                      0x08001187   Thumb Code     0  startup_stm32f10x_hd.o(.text)
    TIM8_CC_IRQHandler                       0x08001187   Thumb Code     0  startup_stm32f10x_hd.o(.text)
    TIM8_TRG_COM_IRQHandler                  0x08001187   Thumb Code     0  startup_stm32f10x_hd.o(.text)
    TIM8_UP_IRQHandler                       0x08001187   Thumb Code     0  startup_stm32f10x_hd.o(.text)
    UART4_IRQHandler                         0x08001187   Thumb Code     0  startup_stm32f10x_hd.o(.text)
    UART5_IRQHandler                         0x08001187   Thumb Code     0  startup_stm32f10x_hd.o(.text)
    USART3_IRQHandler                        0x08001187   Thumb Code     0  startup_stm32f10x_hd.o(.text)
    USBWakeUp_IRQHandler                     0x08001187   Thumb Code     0  startup_stm32f10x_hd.o(.text)
    USB_HP_CAN1_TX_IRQHandler                0x08001187   Thumb Code     0  startup_stm32f10x_hd.o(.text)
    USB_LP_CAN1_RX0_IRQHandler               0x08001187   Thumb Code     0  startup_stm32f10x_hd.o(.text)
    WWDG_IRQHandler                          0x08001187   Thumb Code     0  startup_stm32f10x_hd.o(.text)
    __user_initial_stackheap                 0x08001189   Thumb Code     0  startup_stm32f10x_hd.o(.text)
    TIM_DeInit                               0x080011ad   Thumb Code   424  stm32f10x_tim.o(.text)
    TIM_TimeBaseInit                         0x08001355   Thumb Code   122  stm32f10x_tim.o(.text)
    TIM_OC1Init                              0x080013cf   Thumb Code   132  stm32f10x_tim.o(.text)
    TIM_OC2Init                              0x08001453   Thumb Code   154  stm32f10x_tim.o(.text)
    TIM_OC3Init                              0x080014ed   Thumb Code   150  stm32f10x_tim.o(.text)
    TIM_OC4Init                              0x08001583   Thumb Code   182  stm32f10x_tim.o(.text)
    TIM_SetIC4Prescaler                      0x08001639   Thumb Code    26  stm32f10x_tim.o(.text)
    TIM_SetIC3Prescaler                      0x080016d5   Thumb Code    18  stm32f10x_tim.o(.text)
    TIM_SetIC2Prescaler                      0x08001761   Thumb Code    26  stm32f10x_tim.o(.text)
    TIM_SetIC1Prescaler                      0x080017fd   Thumb Code    18  stm32f10x_tim.o(.text)
    TIM_ICInit                               0x0800187b   Thumb Code   150  stm32f10x_tim.o(.text)
    TIM_PWMIConfig                           0x08001911   Thumb Code   124  stm32f10x_tim.o(.text)
    TIM_BDTRConfig                           0x0800198d   Thumb Code    32  stm32f10x_tim.o(.text)
    TIM_TimeBaseStructInit                   0x080019ad   Thumb Code    18  stm32f10x_tim.o(.text)
    TIM_OCStructInit                         0x080019bf   Thumb Code    20  stm32f10x_tim.o(.text)
    TIM_ICStructInit                         0x080019d3   Thumb Code    18  stm32f10x_tim.o(.text)
    TIM_BDTRStructInit                       0x080019e5   Thumb Code    40  stm32f10x_tim.o(.text)
    TIM_Cmd                                  0x08001a0d   Thumb Code    24  stm32f10x_tim.o(.text)
    TIM_CtrlPWMOutputs                       0x08001a25   Thumb Code    30  stm32f10x_tim.o(.text)
    TIM_ITConfig                             0x08001a43   Thumb Code    18  stm32f10x_tim.o(.text)
    TIM_GenerateEvent                        0x08001a55   Thumb Code     4  stm32f10x_tim.o(.text)
    TIM_DMAConfig                            0x08001a59   Thumb Code    10  stm32f10x_tim.o(.text)
    TIM_DMACmd                               0x08001a63   Thumb Code    18  stm32f10x_tim.o(.text)
    TIM_InternalClockConfig                  0x08001a75   Thumb Code    12  stm32f10x_tim.o(.text)
    TIM_SelectInputTrigger                   0x08001a81   Thumb Code    18  stm32f10x_tim.o(.text)
    TIM_ITRxExternalClockConfig              0x08001a93   Thumb Code    24  stm32f10x_tim.o(.text)
    TIM_TIxExternalClockConfig               0x08001aab   Thumb Code    62  stm32f10x_tim.o(.text)
    TIM_ETRConfig                            0x08001ae9   Thumb Code    28  stm32f10x_tim.o(.text)
    TIM_ETRClockMode1Config                  0x08001b05   Thumb Code    54  stm32f10x_tim.o(.text)
    TIM_ETRClockMode2Config                  0x08001b3b   Thumb Code    32  stm32f10x_tim.o(.text)
    TIM_PrescalerConfig                      0x08001b5b   Thumb Code     6  stm32f10x_tim.o(.text)
    TIM_CounterModeConfig                    0x08001b61   Thumb Code    18  stm32f10x_tim.o(.text)
    TIM_EncoderInterfaceConfig               0x08001b73   Thumb Code    66  stm32f10x_tim.o(.text)
    TIM_ForcedOC1Config                      0x08001bb5   Thumb Code    18  stm32f10x_tim.o(.text)
    TIM_ForcedOC2Config                      0x08001bc7   Thumb Code    26  stm32f10x_tim.o(.text)
    TIM_ForcedOC3Config                      0x08001be1   Thumb Code    18  stm32f10x_tim.o(.text)
    TIM_ForcedOC4Config                      0x08001bf3   Thumb Code    26  stm32f10x_tim.o(.text)
    TIM_ARRPreloadConfig                     0x08001c0d   Thumb Code    24  stm32f10x_tim.o(.text)
    TIM_SelectCOM                            0x08001c25   Thumb Code    24  stm32f10x_tim.o(.text)
    TIM_SelectCCDMA                          0x08001c3d   Thumb Code    24  stm32f10x_tim.o(.text)
    TIM_CCPreloadControl                     0x08001c55   Thumb Code    24  stm32f10x_tim.o(.text)
    TIM_OC1PreloadConfig                     0x08001c6d   Thumb Code    18  stm32f10x_tim.o(.text)
    TIM_OC2PreloadConfig                     0x08001c7f   Thumb Code    26  stm32f10x_tim.o(.text)
    TIM_OC3PreloadConfig                     0x08001c99   Thumb Code    18  stm32f10x_tim.o(.text)
    TIM_OC4PreloadConfig                     0x08001cab   Thumb Code    26  stm32f10x_tim.o(.text)
    TIM_OC1FastConfig                        0x08001cc5   Thumb Code    18  stm32f10x_tim.o(.text)
    TIM_OC2FastConfig                        0x08001cd7   Thumb Code    26  stm32f10x_tim.o(.text)
    TIM_OC3FastConfig                        0x08001cf1   Thumb Code    18  stm32f10x_tim.o(.text)
    TIM_OC4FastConfig                        0x08001d03   Thumb Code    26  stm32f10x_tim.o(.text)
    TIM_ClearOC1Ref                          0x08001d1d   Thumb Code    18  stm32f10x_tim.o(.text)
    TIM_ClearOC2Ref                          0x08001d2f   Thumb Code    24  stm32f10x_tim.o(.text)
    TIM_ClearOC3Ref                          0x08001d47   Thumb Code    18  stm32f10x_tim.o(.text)
    TIM_ClearOC4Ref                          0x08001d59   Thumb Code    24  stm32f10x_tim.o(.text)
    TIM_OC1PolarityConfig                    0x08001d71   Thumb Code    18  stm32f10x_tim.o(.text)
    TIM_OC1NPolarityConfig                   0x08001d83   Thumb Code    18  stm32f10x_tim.o(.text)
    TIM_OC2PolarityConfig                    0x08001d95   Thumb Code    26  stm32f10x_tim.o(.text)
    TIM_OC2NPolarityConfig                   0x08001daf   Thumb Code    26  stm32f10x_tim.o(.text)
    TIM_OC3PolarityConfig                    0x08001dc9   Thumb Code    26  stm32f10x_tim.o(.text)
    TIM_OC3NPolarityConfig                   0x08001de3   Thumb Code    26  stm32f10x_tim.o(.text)
    TIM_OC4PolarityConfig                    0x08001dfd   Thumb Code    26  stm32f10x_tim.o(.text)
    TIM_CCxCmd                               0x08001e17   Thumb Code    30  stm32f10x_tim.o(.text)
    TIM_CCxNCmd                              0x08001e35   Thumb Code    30  stm32f10x_tim.o(.text)
    TIM_SelectOCxM                           0x08001e53   Thumb Code    82  stm32f10x_tim.o(.text)
    TIM_UpdateDisableConfig                  0x08001ea5   Thumb Code    24  stm32f10x_tim.o(.text)
    TIM_UpdateRequestConfig                  0x08001ebd   Thumb Code    24  stm32f10x_tim.o(.text)
    TIM_SelectHallSensor                     0x08001ed5   Thumb Code    24  stm32f10x_tim.o(.text)
    TIM_SelectOnePulseMode                   0x08001eed   Thumb Code    18  stm32f10x_tim.o(.text)
    TIM_SelectOutputTrigger                  0x08001eff   Thumb Code    18  stm32f10x_tim.o(.text)
    TIM_SelectSlaveMode                      0x08001f11   Thumb Code    18  stm32f10x_tim.o(.text)
    TIM_SelectMasterSlaveMode                0x08001f23   Thumb Code    18  stm32f10x_tim.o(.text)
    TIM_SetCounter                           0x08001f35   Thumb Code     4  stm32f10x_tim.o(.text)
    TIM_SetAutoreload                        0x08001f39   Thumb Code     4  stm32f10x_tim.o(.text)
    TIM_SetCompare1                          0x08001f3d   Thumb Code     4  stm32f10x_tim.o(.text)
    TIM_SetCompare2                          0x08001f41   Thumb Code     4  stm32f10x_tim.o(.text)
    TIM_SetCompare3                          0x08001f45   Thumb Code     4  stm32f10x_tim.o(.text)
    TIM_SetCompare4                          0x08001f49   Thumb Code     6  stm32f10x_tim.o(.text)
    TIM_SetClockDivision                     0x08001f4f   Thumb Code    18  stm32f10x_tim.o(.text)
    TIM_GetCapture1                          0x08001f61   Thumb Code     6  stm32f10x_tim.o(.text)
    TIM_GetCapture2                          0x08001f67   Thumb Code     6  stm32f10x_tim.o(.text)
    TIM_GetCapture3                          0x08001f6d   Thumb Code     6  stm32f10x_tim.o(.text)
    TIM_GetCapture4                          0x08001f73   Thumb Code     8  stm32f10x_tim.o(.text)
    TIM_GetCounter                           0x08001f7b   Thumb Code     6  stm32f10x_tim.o(.text)
    TIM_GetPrescaler                         0x08001f81   Thumb Code     6  stm32f10x_tim.o(.text)
    TIM_GetFlagStatus                        0x08001f87   Thumb Code    18  stm32f10x_tim.o(.text)
    TIM_ClearFlag                            0x08001f99   Thumb Code     6  stm32f10x_tim.o(.text)
    TIM_GetITStatus                          0x08001f9f   Thumb Code    34  stm32f10x_tim.o(.text)
    TIM_ClearITPendingBit                    0x08001fc1   Thumb Code     6  stm32f10x_tim.o(.text)
    GPIO_DeInit                              0x08001fc9   Thumb Code   172  stm32f10x_gpio.o(.text)
    GPIO_AFIODeInit                          0x08002075   Thumb Code    20  stm32f10x_gpio.o(.text)
    GPIO_Init                                0x08002089   Thumb Code   278  stm32f10x_gpio.o(.text)
    GPIO_StructInit                          0x0800219f   Thumb Code    16  stm32f10x_gpio.o(.text)
    GPIO_ReadInputDataBit                    0x080021af   Thumb Code    18  stm32f10x_gpio.o(.text)
    GPIO_ReadInputData                       0x080021c1   Thumb Code     8  stm32f10x_gpio.o(.text)
    GPIO_ReadOutputDataBit                   0x080021c9   Thumb Code    18  stm32f10x_gpio.o(.text)
    GPIO_ReadOutputData                      0x080021db   Thumb Code     8  stm32f10x_gpio.o(.text)
    GPIO_SetBits                             0x080021e3   Thumb Code     4  stm32f10x_gpio.o(.text)
    GPIO_ResetBits                           0x080021e7   Thumb Code     4  stm32f10x_gpio.o(.text)
    GPIO_WriteBit                            0x080021eb   Thumb Code    10  stm32f10x_gpio.o(.text)
    GPIO_Write                               0x080021f5   Thumb Code     4  stm32f10x_gpio.o(.text)
    GPIO_PinLockConfig                       0x080021f9   Thumb Code    18  stm32f10x_gpio.o(.text)
    GPIO_EventOutputConfig                   0x0800220b   Thumb Code    26  stm32f10x_gpio.o(.text)
    GPIO_EventOutputCmd                      0x08002225   Thumb Code     6  stm32f10x_gpio.o(.text)
    GPIO_PinRemapConfig                      0x0800222b   Thumb Code   138  stm32f10x_gpio.o(.text)
    GPIO_EXTILineConfig                      0x080022b5   Thumb Code    66  stm32f10x_gpio.o(.text)
    GPIO_ETH_MediaInterfaceConfig            0x080022f7   Thumb Code     8  stm32f10x_gpio.o(.text)
    RCC_DeInit                               0x08002325   Thumb Code    64  stm32f10x_rcc.o(.text)
    RCC_HSEConfig                            0x08002365   Thumb Code    70  stm32f10x_rcc.o(.text)
    RCC_GetFlagStatus                        0x080023ab   Thumb Code    56  stm32f10x_rcc.o(.text)
    RCC_WaitForHSEStartUp                    0x080023e3   Thumb Code    56  stm32f10x_rcc.o(.text)
    RCC_AdjustHSICalibrationValue            0x0800241b   Thumb Code    20  stm32f10x_rcc.o(.text)
    RCC_HSICmd                               0x0800242f   Thumb Code     6  stm32f10x_rcc.o(.text)
    RCC_PLLConfig                            0x08002435   Thumb Code    24  stm32f10x_rcc.o(.text)
    RCC_PLLCmd                               0x0800244d   Thumb Code     6  stm32f10x_rcc.o(.text)
    RCC_SYSCLKConfig                         0x08002453   Thumb Code    18  stm32f10x_rcc.o(.text)
    RCC_GetSYSCLKSource                      0x08002465   Thumb Code    10  stm32f10x_rcc.o(.text)
    RCC_HCLKConfig                           0x0800246f   Thumb Code    18  stm32f10x_rcc.o(.text)
    RCC_PCLK1Config                          0x08002481   Thumb Code    18  stm32f10x_rcc.o(.text)
    RCC_PCLK2Config                          0x08002493   Thumb Code    20  stm32f10x_rcc.o(.text)
    RCC_ITConfig                             0x080024a7   Thumb Code    26  stm32f10x_rcc.o(.text)
    RCC_USBCLKConfig                         0x080024c1   Thumb Code     8  stm32f10x_rcc.o(.text)
    RCC_ADCCLKConfig                         0x080024c9   Thumb Code    18  stm32f10x_rcc.o(.text)
    RCC_LSEConfig                            0x080024db   Thumb Code    50  stm32f10x_rcc.o(.text)
    RCC_LSICmd                               0x0800250d   Thumb Code     6  stm32f10x_rcc.o(.text)
    RCC_RTCCLKConfig                         0x08002513   Thumb Code    12  stm32f10x_rcc.o(.text)
    RCC_RTCCLKCmd                            0x0800251f   Thumb Code     8  stm32f10x_rcc.o(.text)
    RCC_GetClocksFreq                        0x08002527   Thumb Code   192  stm32f10x_rcc.o(.text)
    RCC_AHBPeriphClockCmd                    0x080025e7   Thumb Code    26  stm32f10x_rcc.o(.text)
    RCC_APB2PeriphClockCmd                   0x08002601   Thumb Code    26  stm32f10x_rcc.o(.text)
    RCC_APB1PeriphClockCmd                   0x0800261b   Thumb Code    26  stm32f10x_rcc.o(.text)
    RCC_APB2PeriphResetCmd                   0x08002635   Thumb Code    26  stm32f10x_rcc.o(.text)
    RCC_APB1PeriphResetCmd                   0x0800264f   Thumb Code    26  stm32f10x_rcc.o(.text)
    RCC_BackupResetCmd                       0x08002669   Thumb Code     8  stm32f10x_rcc.o(.text)
    RCC_ClockSecuritySystemCmd               0x08002671   Thumb Code     6  stm32f10x_rcc.o(.text)
    RCC_MCOConfig                            0x08002677   Thumb Code     6  stm32f10x_rcc.o(.text)
    RCC_ClearFlag                            0x0800267d   Thumb Code    14  stm32f10x_rcc.o(.text)
    RCC_GetITStatus                          0x0800268b   Thumb Code    20  stm32f10x_rcc.o(.text)
    RCC_ClearITPendingBit                    0x0800269f   Thumb Code     6  stm32f10x_rcc.o(.text)
    USART_DeInit                             0x080026c9   Thumb Code   134  stm32f10x_usart.o(.text)
    USART_Init                               0x0800274f   Thumb Code   210  stm32f10x_usart.o(.text)
    USART_StructInit                         0x08002821   Thumb Code    24  stm32f10x_usart.o(.text)
    USART_ClockInit                          0x08002839   Thumb Code    34  stm32f10x_usart.o(.text)
    USART_ClockStructInit                    0x0800285b   Thumb Code    12  stm32f10x_usart.o(.text)
    USART_Cmd                                0x08002867   Thumb Code    24  stm32f10x_usart.o(.text)
    USART_ITConfig                           0x0800287f   Thumb Code    74  stm32f10x_usart.o(.text)
    USART_DMACmd                             0x080028c9   Thumb Code    18  stm32f10x_usart.o(.text)
    USART_SetAddress                         0x080028db   Thumb Code    18  stm32f10x_usart.o(.text)
    USART_WakeUpConfig                       0x080028ed   Thumb Code    18  stm32f10x_usart.o(.text)
    USART_ReceiverWakeUpCmd                  0x080028ff   Thumb Code    24  stm32f10x_usart.o(.text)
    USART_LINBreakDetectLengthConfig         0x08002917   Thumb Code    18  stm32f10x_usart.o(.text)
    USART_LINCmd                             0x08002929   Thumb Code    24  stm32f10x_usart.o(.text)
    USART_SendData                           0x08002941   Thumb Code     8  stm32f10x_usart.o(.text)
    USART_ReceiveData                        0x08002949   Thumb Code    10  stm32f10x_usart.o(.text)
    USART_SendBreak                          0x08002953   Thumb Code    10  stm32f10x_usart.o(.text)
    USART_SetGuardTime                       0x0800295d   Thumb Code    16  stm32f10x_usart.o(.text)
    USART_SetPrescaler                       0x0800296d   Thumb Code    16  stm32f10x_usart.o(.text)
    USART_SmartCardCmd                       0x0800297d   Thumb Code    24  stm32f10x_usart.o(.text)
    USART_SmartCardNACKCmd                   0x08002995   Thumb Code    24  stm32f10x_usart.o(.text)
    USART_HalfDuplexCmd                      0x080029ad   Thumb Code    24  stm32f10x_usart.o(.text)
    USART_OverSampling8Cmd                   0x080029c5   Thumb Code    22  stm32f10x_usart.o(.text)
    USART_OneBitMethodCmd                    0x080029db   Thumb Code    24  stm32f10x_usart.o(.text)
    USART_IrDAConfig                         0x080029f3   Thumb Code    18  stm32f10x_usart.o(.text)
    USART_IrDACmd                            0x08002a05   Thumb Code    24  stm32f10x_usart.o(.text)
    USART_GetFlagStatus                      0x08002a1d   Thumb Code    26  stm32f10x_usart.o(.text)
    USART_ClearFlag                          0x08002a37   Thumb Code    18  stm32f10x_usart.o(.text)
    USART_GetITStatus                        0x08002a49   Thumb Code    84  stm32f10x_usart.o(.text)
    USART_ClearITPendingBit                  0x08002a9d   Thumb Code    52  stm32f10x_usart.o(.text)
    NVIC_PriorityGroupConfig                 0x08002ad1   Thumb Code    10  misc.o(.text)
    NVIC_Init                                0x08002adb   Thumb Code   100  misc.o(.text)
    NVIC_SetVectorTable                      0x08002b3f   Thumb Code    14  misc.o(.text)
    NVIC_SystemLPConfig                      0x08002b4d   Thumb Code    34  misc.o(.text)
    SysTick_CLKSourceConfig                  0x08002b6f   Thumb Code    40  misc.o(.text)
    DMA_DeInit                               0x08002bad   Thumb Code   324  stm32f10x_dma.o(.text)
    DMA_Init                                 0x08002cf1   Thumb Code    60  stm32f10x_dma.o(.text)
    DMA_StructInit                           0x08002d2d   Thumb Code    26  stm32f10x_dma.o(.text)
    DMA_Cmd                                  0x08002d47   Thumb Code    24  stm32f10x_dma.o(.text)
    DMA_ITConfig                             0x08002d5f   Thumb Code    18  stm32f10x_dma.o(.text)
    DMA_SetCurrDataCounter                   0x08002d71   Thumb Code     4  stm32f10x_dma.o(.text)
    DMA_GetCurrDataCounter                   0x08002d75   Thumb Code     8  stm32f10x_dma.o(.text)
    DMA_GetFlagStatus                        0x08002d7d   Thumb Code    40  stm32f10x_dma.o(.text)
    DMA_ClearFlag                            0x08002da5   Thumb Code    22  stm32f10x_dma.o(.text)
    DMA_GetITStatus                          0x08002dbb   Thumb Code    40  stm32f10x_dma.o(.text)
    DMA_ClearITPendingBit                    0x08002de3   Thumb Code    22  stm32f10x_dma.o(.text)
    __use_no_semihosting                     0x08002e01   Thumb Code     2  use_no_semi_2.o(.text)
    __c89sprintf                             0x08002e05   Thumb Code    38  c89sprintf.o(.text)
    __c89vsprintf                            0x08002e31   Thumb Code    32  c89vsprintf.o(.text)
    strlen                                   0x08002e55   Thumb Code    62  strlen.o(.text)
    strcmp                                   0x08002e95   Thumb Code   128  strcmpv7m.o(.text)
    __use_two_region_memory                  0x08002f15   Thumb Code     2  heapauxi.o(.text)
    __rt_heap_escrow$2region                 0x08002f17   Thumb Code     2  heapauxi.o(.text)
    __rt_heap_expand$2region                 0x08002f19   Thumb Code     2  heapauxi.o(.text)
    __I$use$semihosting                      0x08002f1b   Thumb Code     0  use_no_semi.o(.text)
    __use_no_semihosting_swi                 0x08002f1b   Thumb Code     2  use_no_semi.o(.text)
    _printf_pre_padding                      0x08002f1d   Thumb Code    44  _printf_pad.o(.text)
    _printf_post_padding                     0x08002f49   Thumb Code    34  _printf_pad.o(.text)
    _printf_truncate_signed                  0x08002f6b   Thumb Code    18  _printf_truncate.o(.text)
    _printf_truncate_unsigned                0x08002f7d   Thumb Code    18  _printf_truncate.o(.text)
    _printf_str                              0x08002f8f   Thumb Code    82  _printf_str.o(.text)
    _printf_int_dec                          0x08002fe1   Thumb Code   104  _printf_dec.o(.text)
    _printf_charcount                        0x08003059   Thumb Code    40  _printf_charcount.o(.text)
    _printf_char_common                      0x0800308b   Thumb Code    32  _printf_char_common.o(.text)
    _sputc                                   0x080030b1   Thumb Code    10  _sputc.o(.text)
    _printf_wctomb                           0x080030bd   Thumb Code   182  _printf_wctomb.o(.text)
    _printf_longlong_dec                     0x08003179   Thumb Code   108  _printf_longlong_dec.o(.text)
    _printf_longlong_oct                     0x080031f5   Thumb Code    68  _printf_oct_int_ll.o(.text)
    _printf_int_oct                          0x08003239   Thumb Code    24  _printf_oct_int_ll.o(.text)
    _printf_ll_oct                           0x08003251   Thumb Code    12  _printf_oct_int_ll.o(.text)
    _printf_longlong_hex                     0x08003265   Thumb Code    86  _printf_hex_int_ll_ptr.o(.text)
    _printf_int_hex                          0x080032bb   Thumb Code    28  _printf_hex_int_ll_ptr.o(.text)
    _printf_ll_hex                           0x080032d7   Thumb Code    12  _printf_hex_int_ll_ptr.o(.text)
    _printf_hex_ptr                          0x080032e3   Thumb Code    18  _printf_hex_int_ll_ptr.o(.text)
    __printf                                 0x080032f9   Thumb Code   388  __printf_flags_ss_wp.o(.text)
    _ll_udiv10                               0x08003481   Thumb Code   138  lludiv10.o(.text)
    _printf_int_common                       0x0800350b   Thumb Code   178  _printf_intcommon.o(.text)
    __lib_sel_fp_printf                      0x080035bd   Thumb Code     2  _printf_fp_dec.o(.text)
    _printf_fp_dec_real                      0x0800376b   Thumb Code   620  _printf_fp_dec.o(.text)
    _printf_cs_common                        0x080039d7   Thumb Code    20  _printf_char.o(.text)
    _printf_char                             0x080039eb   Thumb Code    16  _printf_char.o(.text)
    _printf_string                           0x080039fb   Thumb Code     8  _printf_char.o(.text)
    _printf_lcs_common                       0x08003a03   Thumb Code    20  _printf_wchar.o(.text)
    _printf_wchar                            0x08003a17   Thumb Code    16  _printf_wchar.o(.text)
    _printf_wstring                          0x08003a27   Thumb Code     8  _printf_wchar.o(.text)
    _wcrtomb                                 0x08003a2f   Thumb Code    64  _wcrtomb.o(.text)
    __user_setup_stackheap                   0x08003a6f   Thumb Code    74  sys_stackheap_outer.o(.text)
    __rt_ctype_table                         0x08003ab9   Thumb Code    16  rt_ctype_table.o(.text)
    __rt_locale                              0x08003ac9   Thumb Code     8  rt_locale_intlibspace.o(.text)
    _printf_fp_infnan                        0x08003ad1   Thumb Code   112  _printf_fp_infnan.o(.text)
    _btod_etento                             0x08003b51   Thumb Code   216  bigflt0.o(.text)
    exit                                     0x08003c2d   Thumb Code    12  exit.o(.text)
    __user_libspace                          0x08003c39   Thumb Code     8  libspace.o(.text)
    __user_perproc_libspace                  0x08003c39   Thumb Code     0  libspace.o(.text)
    __user_perthread_libspace                0x08003c39   Thumb Code     0  libspace.o(.text)
    _btod_d2e                                0x08003c41   Thumb Code    62  btod.o(CL$$btod_d2e)
    _d2e_denorm_low                          0x08003c7f   Thumb Code    70  btod.o(CL$$btod_d2e_denorm_low)
    _d2e_norm_op1                            0x08003cc5   Thumb Code    96  btod.o(CL$$btod_d2e_norm_op1)
    __btod_div_common                        0x08003d25   Thumb Code   696  btod.o(CL$$btod_div_common)
    _e2e                                     0x0800405d   Thumb Code   198  btod.o(CL$$btod_e2e)
    _btod_ediv                               0x08004123   Thumb Code    40  btod.o(CL$$btod_ediv)
    _btod_emul                               0x0800414b   Thumb Code    40  btod.o(CL$$btod_emul)
    __btod_mult_common                       0x08004173   Thumb Code   580  btod.o(CL$$btod_mult_common)
    __ARM_fpclassify                         0x080043b7   Thumb Code    40  fpclassify.o(i.__ARM_fpclassify)
    _is_digit                                0x080043df   Thumb Code    14  __printf_wp.o(i._is_digit)
    _get_lc_numeric                          0x080043ed   Thumb Code    44  lc_numeric_c.o(locale$$code)
    _get_lc_ctype                            0x08004419   Thumb Code    44  lc_ctype_c.o(locale$$code)
    _printf_fp_dec                           0x08004445   Thumb Code     4  printf1.o(x$fpl$printf1)
    __I$use$fp                               0x08004448   Number         0  usenofp.o(x$fpl$usenofp)
    Region$$Table$$Base                      0x08004520   Number         0  anon$$obj.o(Region$$Table)
    Region$$Table$$Limit                     0x08004540   Number         0  anon$$obj.o(Region$$Table)
    __ctype                                  0x08004569   Data           0  lc_ctype_c.o(locale$$data)
    SystemCoreClock                          0x20000000   Data           4  system_stm32f10x.o(.data)
    AHBPrescTable                            0x20000004   Data          16  system_stm32f10x.o(.data)
    USART2_RX_STA                            0x20000016   Data           2  usart2.o(.data)
    __stdout                                 0x2000001c   Data           4  usart.o(.data)
    USART_RX_STA                             0x20000020   Data           2  usart.o(.data)
    USART2_TX_BUF                            0x20000038   Data         200  usart2.o(.bss)
    USART2_RX_BUF                            0x20000100   Data         200  usart2.o(.bss)
    USART_RX_BUF                             0x200001c8   Data         200  usart.o(.bss)
    __libspace_start                         0x20000290   Data          96  libspace.o(.bss)
    __temporary_stack_top$libspace           0x200002f0   Data           0  libspace.o(.bss)



==============================================================================

Memory Map of the image

  Image Entry point : 0x08000131

  Load Region LR_IROM1 (Base: 0x08000000, Size: 0x000046a4, Max: 0x00040000, ABSOLUTE)

    Execution Region ER_IROM1 (Base: 0x08000000, Size: 0x0000466c, Max: 0x00040000, ABSOLUTE)

    Base Addr    Size         Type   Attr      Idx    E Section Name        Object

    0x08000000   0x00000130   Data   RO          345    RESET               startup_stm32f10x_hd.o
    0x08000130   0x00000008   Code   RO          438  * !!!main             c_w.l(__main.o)
    0x08000138   0x00000034   Code   RO          745    !!!scatter          c_w.l(__scatter.o)
    0x0800016c   0x0000001a   Code   RO          747    !!handler_copy      c_w.l(__scatter_copy.o)
    0x08000186   0x00000002   PAD
    0x08000188   0x0000001c   Code   RO          749    !!handler_zi        c_w.l(__scatter_zi.o)
    0x080001a4   0x00000000   Code   RO          524    .ARM.Collect$$_printf_percent$$00000000  c_w.l(_printf_percent.o)
    0x080001a4   0x00000006   Code   RO          513    .ARM.Collect$$_printf_percent$$00000001  c_w.l(_printf_n.o)
    0x080001aa   0x00000006   Code   RO          515    .ARM.Collect$$_printf_percent$$00000002  c_w.l(_printf_p.o)
    0x080001b0   0x00000006   Code   RO          520    .ARM.Collect$$_printf_percent$$00000003  c_w.l(_printf_f.o)
    0x080001b6   0x00000006   Code   RO          521    .ARM.Collect$$_printf_percent$$00000004  c_w.l(_printf_e.o)
    0x080001bc   0x00000006   Code   RO          522    .ARM.Collect$$_printf_percent$$00000005  c_w.l(_printf_g.o)
    0x080001c2   0x00000006   Code   RO          523    .ARM.Collect$$_printf_percent$$00000006  c_w.l(_printf_a.o)
    0x080001c8   0x0000000a   Code   RO          528    .ARM.Collect$$_printf_percent$$00000007  c_w.l(_printf_ll.o)
    0x080001d2   0x00000006   Code   RO          517    .ARM.Collect$$_printf_percent$$00000008  c_w.l(_printf_i.o)
    0x080001d8   0x00000006   Code   RO          518    .ARM.Collect$$_printf_percent$$00000009  c_w.l(_printf_d.o)
    0x080001de   0x00000006   Code   RO          519    .ARM.Collect$$_printf_percent$$0000000A  c_w.l(_printf_u.o)
    0x080001e4   0x00000006   Code   RO          516    .ARM.Collect$$_printf_percent$$0000000B  c_w.l(_printf_o.o)
    0x080001ea   0x00000006   Code   RO          514    .ARM.Collect$$_printf_percent$$0000000C  c_w.l(_printf_x.o)
    0x080001f0   0x00000006   Code   RO          525    .ARM.Collect$$_printf_percent$$0000000D  c_w.l(_printf_lli.o)
    0x080001f6   0x00000006   Code   RO          526    .ARM.Collect$$_printf_percent$$0000000E  c_w.l(_printf_lld.o)
    0x080001fc   0x00000006   Code   RO          527    .ARM.Collect$$_printf_percent$$0000000F  c_w.l(_printf_llu.o)
    0x08000202   0x00000006   Code   RO          532    .ARM.Collect$$_printf_percent$$00000010  c_w.l(_printf_llo.o)
    0x08000208   0x00000006   Code   RO          533    .ARM.Collect$$_printf_percent$$00000011  c_w.l(_printf_llx.o)
    0x0800020e   0x0000000a   Code   RO          529    .ARM.Collect$$_printf_percent$$00000012  c_w.l(_printf_l.o)
    0x08000218   0x00000006   Code   RO          511    .ARM.Collect$$_printf_percent$$00000013  c_w.l(_printf_c.o)
    0x0800021e   0x00000006   Code   RO          512    .ARM.Collect$$_printf_percent$$00000014  c_w.l(_printf_s.o)
    0x08000224   0x00000006   Code   RO          530    .ARM.Collect$$_printf_percent$$00000015  c_w.l(_printf_lc.o)
    0x0800022a   0x00000006   Code   RO          531    .ARM.Collect$$_printf_percent$$00000016  c_w.l(_printf_ls.o)
    0x08000230   0x00000004   Code   RO          563    .ARM.Collect$$_printf_percent$$00000017  c_w.l(_printf_percent_end.o)
    0x08000234   0x00000002   Code   RO          612    .ARM.Collect$$libinit$$00000000  c_w.l(libinit.o)
    0x08000236   0x00000000   Code   RO          627    .ARM.Collect$$libinit$$00000002  c_w.l(libinit2.o)
    0x08000236   0x00000000   Code   RO          629    .ARM.Collect$$libinit$$00000004  c_w.l(libinit2.o)
    0x08000236   0x00000000   Code   RO          632    .ARM.Collect$$libinit$$0000000A  c_w.l(libinit2.o)
    0x08000236   0x00000000   Code   RO          634    .ARM.Collect$$libinit$$0000000C  c_w.l(libinit2.o)
    0x08000236   0x00000000   Code   RO          636    .ARM.Collect$$libinit$$0000000E  c_w.l(libinit2.o)
    0x08000236   0x00000006   Code   RO          637    .ARM.Collect$$libinit$$0000000F  c_w.l(libinit2.o)
    0x0800023c   0x00000000   Code   RO          639    .ARM.Collect$$libinit$$00000011  c_w.l(libinit2.o)
    0x0800023c   0x0000000c   Code   RO          640    .ARM.Collect$$libinit$$00000012  c_w.l(libinit2.o)
    0x08000248   0x00000000   Code   RO          641    .ARM.Collect$$libinit$$00000013  c_w.l(libinit2.o)
    0x08000248   0x00000000   Code   RO          643    .ARM.Collect$$libinit$$00000015  c_w.l(libinit2.o)
    0x08000248   0x0000000a   Code   RO          644    .ARM.Collect$$libinit$$00000016  c_w.l(libinit2.o)
    0x08000252   0x00000000   Code   RO          645    .ARM.Collect$$libinit$$00000017  c_w.l(libinit2.o)
    0x08000252   0x00000000   Code   RO          647    .ARM.Collect$$libinit$$00000019  c_w.l(libinit2.o)
    0x08000252   0x00000000   Code   RO          649    .ARM.Collect$$libinit$$0000001B  c_w.l(libinit2.o)
    0x08000252   0x00000000   Code   RO          651    .ARM.Collect$$libinit$$0000001D  c_w.l(libinit2.o)
    0x08000252   0x00000000   Code   RO          653    .ARM.Collect$$libinit$$0000001F  c_w.l(libinit2.o)
    0x08000252   0x00000000   Code   RO          655    .ARM.Collect$$libinit$$00000021  c_w.l(libinit2.o)
    0x08000252   0x00000000   Code   RO          657    .ARM.Collect$$libinit$$00000023  c_w.l(libinit2.o)
    0x08000252   0x00000000   Code   RO          659    .ARM.Collect$$libinit$$00000025  c_w.l(libinit2.o)
    0x08000252   0x00000000   Code   RO          663    .ARM.Collect$$libinit$$0000002C  c_w.l(libinit2.o)
    0x08000252   0x00000000   Code   RO          665    .ARM.Collect$$libinit$$0000002E  c_w.l(libinit2.o)
    0x08000252   0x00000000   Code   RO          667    .ARM.Collect$$libinit$$00000030  c_w.l(libinit2.o)
    0x08000252   0x00000000   Code   RO          669    .ARM.Collect$$libinit$$00000032  c_w.l(libinit2.o)
    0x08000252   0x00000002   Code   RO          670    .ARM.Collect$$libinit$$00000033  c_w.l(libinit2.o)
    0x08000254   0x00000002   Code   RO          688    .ARM.Collect$$libshutdown$$00000000  c_w.l(libshutdown.o)
    0x08000256   0x00000000   Code   RO          699    .ARM.Collect$$libshutdown$$00000003  c_w.l(libshutdown2.o)
    0x08000256   0x00000000   Code   RO          702    .ARM.Collect$$libshutdown$$00000006  c_w.l(libshutdown2.o)
    0x08000256   0x00000000   Code   RO          705    .ARM.Collect$$libshutdown$$00000009  c_w.l(libshutdown2.o)
    0x08000256   0x00000000   Code   RO          707    .ARM.Collect$$libshutdown$$0000000B  c_w.l(libshutdown2.o)
    0x08000256   0x00000000   Code   RO          710    .ARM.Collect$$libshutdown$$0000000E  c_w.l(libshutdown2.o)
    0x08000256   0x00000002   Code   RO          711    .ARM.Collect$$libshutdown$$0000000F  c_w.l(libshutdown2.o)
    0x08000258   0x00000000   Code   RO          442    .ARM.Collect$$rtentry$$00000000  c_w.l(__rtentry.o)
    0x08000258   0x00000000   Code   RO          537    .ARM.Collect$$rtentry$$00000002  c_w.l(__rtentry2.o)
    0x08000258   0x00000006   Code   RO          549    .ARM.Collect$$rtentry$$00000004  c_w.l(__rtentry4.o)
    0x0800025e   0x00000000   Code   RO          539    .ARM.Collect$$rtentry$$00000009  c_w.l(__rtentry2.o)
    0x0800025e   0x00000004   Code   RO          540    .ARM.Collect$$rtentry$$0000000A  c_w.l(__rtentry2.o)
    0x08000262   0x00000000   Code   RO          542    .ARM.Collect$$rtentry$$0000000C  c_w.l(__rtentry2.o)
    0x08000262   0x00000008   Code   RO          543    .ARM.Collect$$rtentry$$0000000D  c_w.l(__rtentry2.o)
    0x0800026a   0x00000002   Code   RO          621    .ARM.Collect$$rtexit$$00000000  c_w.l(rtexit.o)
    0x0800026c   0x00000000   Code   RO          672    .ARM.Collect$$rtexit$$00000002  c_w.l(rtexit2.o)
    0x0800026c   0x00000004   Code   RO          673    .ARM.Collect$$rtexit$$00000003  c_w.l(rtexit2.o)
    0x08000270   0x00000006   Code   RO          674    .ARM.Collect$$rtexit$$00000004  c_w.l(rtexit2.o)
    0x08000276   0x00000002   PAD
    0x08000278   0x000003c8   Code   RO            1    .text               main.o
    0x08000640   0x0000001a   Code   RO          134    .text               stm32f10x_it.o
    0x0800065a   0x00000002   PAD
    0x0800065c   0x000001e0   Code   RO          175    .text               system_stm32f10x.o
    0x0800083c   0x00000054   Code   RO          193    .text               led.o
    0x08000890   0x000000d8   Code   RO          205    .text               motor.o
    0x08000968   0x00000114   Code   RO          217    .text               key.o
    0x08000a7c   0x00000264   Code   RO          230    .text               hc05.o
    0x08000ce0   0x00000278   Code   RO          253    .text               usart2.o
    0x08000f58   0x000000d4   Code   RO          279    .text               delay.o
    0x0800102c   0x00000140   Code   RO          310    .text               usart.o
    0x0800116c   0x00000040   Code   RO          346    .text               startup_stm32f10x_hd.o
    0x080011ac   0x00000e1a   Code   RO          350    .text               stm32f10x_tim.o
    0x08001fc6   0x00000002   PAD
    0x08001fc8   0x0000035c   Code   RO          362    .text               stm32f10x_gpio.o
    0x08002324   0x000003a4   Code   RO          374    .text               stm32f10x_rcc.o
    0x080026c8   0x00000408   Code   RO          388    .text               stm32f10x_usart.o
    0x08002ad0   0x000000dc   Code   RO          400    .text               misc.o
    0x08002bac   0x00000254   Code   RO          412    .text               stm32f10x_dma.o
    0x08002e00   0x00000002   Code   RO          426    .text               c_w.l(use_no_semi_2.o)
    0x08002e02   0x00000002   PAD
    0x08002e04   0x0000002c   Code   RO          428    .text               c_w.l(c89sprintf.o)
    0x08002e30   0x00000024   Code   RO          430    .text               c_w.l(c89vsprintf.o)
    0x08002e54   0x0000003e   Code   RO          432    .text               c_w.l(strlen.o)
    0x08002e92   0x00000002   PAD
    0x08002e94   0x00000080   Code   RO          434    .text               c_w.l(strcmpv7m.o)
    0x08002f14   0x00000006   Code   RO          436    .text               c_w.l(heapauxi.o)
    0x08002f1a   0x00000002   Code   RO          440    .text               c_w.l(use_no_semi.o)
    0x08002f1c   0x0000004e   Code   RO          445    .text               c_w.l(_printf_pad.o)
    0x08002f6a   0x00000024   Code   RO          447    .text               c_w.l(_printf_truncate.o)
    0x08002f8e   0x00000052   Code   RO          449    .text               c_w.l(_printf_str.o)
    0x08002fe0   0x00000078   Code   RO          451    .text               c_w.l(_printf_dec.o)
    0x08003058   0x00000028   Code   RO          453    .text               c_w.l(_printf_charcount.o)
    0x08003080   0x00000030   Code   RO          455    .text               c_w.l(_printf_char_common.o)
    0x080030b0   0x0000000a   Code   RO          457    .text               c_w.l(_sputc.o)
    0x080030ba   0x00000002   PAD
    0x080030bc   0x000000bc   Code   RO          459    .text               c_w.l(_printf_wctomb.o)
    0x08003178   0x0000007c   Code   RO          462    .text               c_w.l(_printf_longlong_dec.o)
    0x080031f4   0x00000070   Code   RO          468    .text               c_w.l(_printf_oct_int_ll.o)
    0x08003264   0x00000094   Code   RO          488    .text               c_w.l(_printf_hex_int_ll_ptr.o)
    0x080032f8   0x00000188   Code   RO          508    .text               c_w.l(__printf_flags_ss_wp.o)
    0x08003480   0x0000008a   Code   RO          551    .text               c_w.l(lludiv10.o)
    0x0800350a   0x000000b2   Code   RO          553    .text               c_w.l(_printf_intcommon.o)
    0x080035bc   0x0000041a   Code   RO          555    .text               c_w.l(_printf_fp_dec.o)
    0x080039d6   0x0000002c   Code   RO          559    .text               c_w.l(_printf_char.o)
    0x08003a02   0x0000002c   Code   RO          561    .text               c_w.l(_printf_wchar.o)
    0x08003a2e   0x00000040   Code   RO          564    .text               c_w.l(_wcrtomb.o)
    0x08003a6e   0x0000004a   Code   RO          566    .text               c_w.l(sys_stackheap_outer.o)
    0x08003ab8   0x00000010   Code   RO          568    .text               c_w.l(rt_ctype_table.o)
    0x08003ac8   0x00000008   Code   RO          573    .text               c_w.l(rt_locale_intlibspace.o)
    0x08003ad0   0x00000080   Code   RO          575    .text               c_w.l(_printf_fp_infnan.o)
    0x08003b50   0x000000dc   Code   RO          577    .text               c_w.l(bigflt0.o)
    0x08003c2c   0x0000000c   Code   RO          605    .text               c_w.l(exit.o)
    0x08003c38   0x00000008   Code   RO          618    .text               c_w.l(libspace.o)
    0x08003c40   0x0000003e   Code   RO          580    CL$$btod_d2e        c_w.l(btod.o)
    0x08003c7e   0x00000046   Code   RO          582    CL$$btod_d2e_denorm_low  c_w.l(btod.o)
    0x08003cc4   0x00000060   Code   RO          581    CL$$btod_d2e_norm_op1  c_w.l(btod.o)
    0x08003d24   0x00000338   Code   RO          590    CL$$btod_div_common  c_w.l(btod.o)
    0x0800405c   0x000000c6   Code   RO          587    CL$$btod_e2e        c_w.l(btod.o)
    0x08004122   0x00000028   Code   RO          584    CL$$btod_ediv       c_w.l(btod.o)
    0x0800414a   0x00000028   Code   RO          583    CL$$btod_emul       c_w.l(btod.o)
    0x08004172   0x00000244   Code   RO          589    CL$$btod_mult_common  c_w.l(btod.o)
    0x080043b6   0x00000028   Code   RO          616    i.__ARM_fpclassify  m_ws.l(fpclassify.o)
    0x080043de   0x0000000e   Code   RO          501    i._is_digit         c_w.l(__printf_wp.o)
    0x080043ec   0x0000002c   Code   RO          603    locale$$code        c_w.l(lc_numeric_c.o)
    0x08004418   0x0000002c   Code   RO          624    locale$$code        c_w.l(lc_ctype_c.o)
    0x08004444   0x00000004   Code   RO          534    x$fpl$printf1       fz_ws.l(printf1.o)
    0x08004448   0x00000000   Code   RO          615    x$fpl$usenofp       fz_ws.l(usenofp.o)
    0x08004448   0x00000008   Data   RO          460    .constdata          c_w.l(_printf_wctomb.o)
    0x08004450   0x00000028   Data   RO          489    .constdata          c_w.l(_printf_hex_int_ll_ptr.o)
    0x08004478   0x00000011   Data   RO          509    .constdata          c_w.l(__printf_flags_ss_wp.o)
    0x08004489   0x00000003   PAD
    0x0800448c   0x00000094   Data   RO          578    .constdata          c_w.l(bigflt0.o)
    0x08004520   0x00000020   Data   RO          743    Region$$Table       anon$$obj.o
    0x08004540   0x0000001c   Data   RO          602    locale$$data        c_w.l(lc_numeric_c.o)
    0x0800455c   0x00000110   Data   RO          623    locale$$data        c_w.l(lc_ctype_c.o)


    Execution Region RW_IRAM1 (Base: 0x20000000, Size: 0x000008f0, Max: 0x0000c000, ABSOLUTE)

    Base Addr    Size         Type   Attr      Idx    E Section Name        Object

    0x20000000   0x00000014   Data   RW          176    .data               system_stm32f10x.o
    0x20000014   0x00000001   Data   RW          218    .data               key.o
    0x20000015   0x00000001   PAD
    0x20000016   0x00000002   Data   RW          255    .data               usart2.o
    0x20000018   0x00000004   Data   RW          280    .data               delay.o
    0x2000001c   0x00000006   Data   RW          312    .data               usart.o
    0x20000022   0x00000014   Data   RW          375    .data               stm32f10x_rcc.o
    0x20000036   0x00000002   PAD
    0x20000038   0x00000190   Zero   RW          254    .bss                usart2.o
    0x200001c8   0x000000c8   Zero   RW          311    .bss                usart.o
    0x20000290   0x00000060   Zero   RW          619    .bss                c_w.l(libspace.o)
    0x200002f0   0x00000200   Zero   RW          344    HEAP                startup_stm32f10x_hd.o
    0x200004f0   0x00000400   Zero   RW          343    STACK               startup_stm32f10x_hd.o


==============================================================================

Image component sizes


      Code (inc. data)   RO Data    RW Data    ZI Data      Debug   Object Name

       212         18          0          4          0        987   delay.o
       612         62          0          0          0       2040   hc05.o
       276         18          0          1          0        820   key.o
        84          8          0          0          0        479   led.o
       968         82          0          0          0     264048   main.o
       220         22          0          0          0       1761   misc.o
       216         12          0          0          0        918   motor.o
        64         26        304          0       1536        776   startup_stm32f10x_hd.o
       596          8          0          0          0       4290   stm32f10x_dma.o
       860         38          0          0          0       5609   stm32f10x_gpio.o
        26          0          0          0          0       1162   stm32f10x_it.o
       932         36          0         20          0       8764   stm32f10x_rcc.o
      3610         88          0          0          0      22092   stm32f10x_tim.o
      1032         22          0          0          0       8332   stm32f10x_usart.o
         0          0          0          0          0         32   sys.o
       480         38          0         20          0       1683   system_stm32f10x.o
       320         16          0          6        200       3094   usart.o
       632         30          0          2        400       3553   usart2.o

    ----------------------------------------------------------------------
     11144        524        336         56       2136     330440   Object Totals
         0          0         32          0          0          0   (incl. Generated)
         4          0          0          3          0          0   (incl. Padding)

    ----------------------------------------------------------------------

      Code (inc. data)   RO Data    RW Data    ZI Data      Debug   Library Member Name

         8          0          0          0          0         68   __main.o
       392          4         17          0          0         92   __printf_flags_ss_wp.o
        14          0          0          0          0         68   __printf_wp.o
         0          0          0          0          0          0   __rtentry.o
        12          0          0          0          0          0   __rtentry2.o
         6          0          0          0          0          0   __rtentry4.o
        52          8          0          0          0          0   __scatter.o
        26          0          0          0          0          0   __scatter_copy.o
        28          0          0          0          0          0   __scatter_zi.o
         6          0          0          0          0          0   _printf_a.o
         6          0          0          0          0          0   _printf_c.o
        44          0          0          0          0        108   _printf_char.o
        48          6          0          0          0         96   _printf_char_common.o
        40          0          0          0          0         68   _printf_charcount.o
         6          0          0          0          0          0   _printf_d.o
       120         16          0          0          0         92   _printf_dec.o
         6          0          0          0          0          0   _printf_e.o
         6          0          0          0          0          0   _printf_f.o
      1050          0          0          0          0        216   _printf_fp_dec.o
       128         16          0          0          0         84   _printf_fp_infnan.o
         6          0          0          0          0          0   _printf_g.o
       148          4         40          0          0        160   _printf_hex_int_ll_ptr.o
         6          0          0          0          0          0   _printf_i.o
       178          0          0          0          0         88   _printf_intcommon.o
        10          0          0          0          0          0   _printf_l.o
         6          0          0          0          0          0   _printf_lc.o
        10          0          0          0          0          0   _printf_ll.o
         6          0          0          0          0          0   _printf_lld.o
         6          0          0          0          0          0   _printf_lli.o
         6          0          0          0          0          0   _printf_llo.o
         6          0          0          0          0          0   _printf_llu.o
         6          0          0          0          0          0   _printf_llx.o
       124         16          0          0          0         92   _printf_longlong_dec.o
         6          0          0          0          0          0   _printf_ls.o
         6          0          0          0          0          0   _printf_n.o
         6          0          0          0          0          0   _printf_o.o
       112          8          0          0          0        124   _printf_oct_int_ll.o
         6          0          0          0          0          0   _printf_p.o
        78          0          0          0          0        108   _printf_pad.o
         0          0          0          0          0          0   _printf_percent.o
         4          0          0          0          0          0   _printf_percent_end.o
         6          0          0          0          0          0   _printf_s.o
        82          0          0          0          0         80   _printf_str.o
        36          0          0          0          0         84   _printf_truncate.o
         6          0          0          0          0          0   _printf_u.o
        44          0          0          0          0        108   _printf_wchar.o
       188          6          8          0          0         92   _printf_wctomb.o
         6          0          0          0          0          0   _printf_x.o
        10          0          0          0          0         68   _sputc.o
        64          0          0          0          0         92   _wcrtomb.o
       220          4        148          0          0         96   bigflt0.o
      1910        128          0          0          0        672   btod.o
        44          6          0          0          0         84   c89sprintf.o
        36          4          0          0          0         76   c89vsprintf.o
        12          0          0          0          0         72   exit.o
         6          0          0          0          0        152   heapauxi.o
        44         10        272          0          0         76   lc_ctype_c.o
        44         10         28          0          0         76   lc_numeric_c.o
         2          0          0          0          0          0   libinit.o
        30          0          0          0          0          0   libinit2.o
         2          0          0          0          0          0   libshutdown.o
         2          0          0          0          0          0   libshutdown2.o
         8          4          0          0         96         68   libspace.o
       138          0          0          0          0         80   lludiv10.o
        16          4          0          0          0         76   rt_ctype_table.o
         8          4          0          0          0         68   rt_locale_intlibspace.o
         2          0          0          0          0          0   rtexit.o
        10          0          0          0          0          0   rtexit2.o
       128          0          0          0          0         68   strcmpv7m.o
        62          0          0          0          0         76   strlen.o
        74          0          0          0          0         80   sys_stackheap_outer.o
         2          0          0          0          0         68   use_no_semi.o
         2          0          0          0          0         68   use_no_semi_2.o
         4          0          0          0          0         68   printf1.o
         0          0          0          0          0          0   usenofp.o
        40          0          0          0          0         68   fpclassify.o

    ----------------------------------------------------------------------
      6032        258        516          0         96       4080   Library Totals
        10          0          3          0          0          0   (incl. Padding)

    ----------------------------------------------------------------------

      Code (inc. data)   RO Data    RW Data    ZI Data      Debug   Library Name

      5978        258        513          0         96       3944   c_w.l
         4          0          0          0          0         68   fz_ws.l
        40          0          0          0          0         68   m_ws.l

    ----------------------------------------------------------------------
      6032        258        516          0         96       4080   Library Totals

    ----------------------------------------------------------------------

==============================================================================


      Code (inc. data)   RO Data    RW Data    ZI Data      Debug   

     17176        782        852         56       2232     330980   Grand Totals
     17176        782        852         56       2232     330980   ELF Image Totals
     17176        782        852         56          0          0   ROM Totals

==============================================================================

    Total RO  Size (Code + RO Data)                18028 (  17.61kB)
    Total RW  Size (RW Data + ZI Data)              2288 (   2.23kB)
    Total ROM Size (Code + RO Data + RW Data)      18084 (  17.66kB)

==============================================================================

