<html>
<body>
<pre>
<h1>礦ision Build Log</h1>
<h2>Tool Versions:</h2>
IDE-Version: μVision V5.14.0.0
Copyright (C) 2015 ARM Ltd and ARM Germany GmbH. All rights reserved.
License Information: 1 1, 1, LIC=DSN01-CYFRL-VJA6J-U6VNA-H9EMQ-KYG0W
 
Tool Versions:
Toolchain:       MDK-ARM Professional  Version: 5.14.0.0
Toolchain Path:  C:\Keil_v5\ARM\ARMCC\Bin
C Compiler:      Armcc.exe V5.05 update 1 (build 106)
Assembler:       Armasm.exe V5.05 update 1 (build 106)
Linker/Locator:  ArmLink.exe V5.05 update 1 (build 106)
Library Manager: ArmAr.exe V5.05 update 1 (build 106)
Hex Converter:   FromElf.exe V5.05 update 1 (build 106)
CPU DLL:         SARMCM3.DLL V5.14.0.0
Dialog DLL:      DARMSTM.DLL V1.65.0.0
Target DLL:      Segger\JL2CM3.dll V2.99.13.0
Dialog DLL:        TARMSTM.DLL   
 
<h2>Project:</h2>
C:\Users\Kkoutianwu\Desktop\小车车\小车车\USER\USART.uvprojx
Project File Date:  01/14/2019

<h2>Output:</h2>
Rebuild target 'Target 1'
compiling main.c...
compiling stm32f10x_it.c...
compiling system_stm32f10x.c...
compiling led.c...
compiling motor.c...
compiling key.c...
compiling encoder.c...
compiling PID.c...
compiling timer.c...
..\HARDWARE\KEY\timer.c(65): warning:  #223-D: function "delay_us" declared implicitly
         delay_us(15);  
..\HARDWARE\KEY\timer.c(77): warning:  #940-D: missing return statement at end of non-void function "Read_Distane"
  }
..\HARDWARE\KEY\timer.c: 2 warnings, 0 errors
compiling UART3.c...
compiling delay.c...
compiling sys.c...
compiling usart.c...
compiling core_cm3.c...
assembling startup_stm32f10x_hd.s...
compiling stm32f10x_tim.c...
compiling stm32f10x_gpio.c...
compiling stm32f10x_rcc.c...
compiling stm32f10x_usart.c...
compiling misc.c...
linking...
Program Size: Code=16172 RO-data=392 RW-data=176 ZI-data=2128  
FromELF: creating hex file...
"..\OBJ\USART.axf" - 0 Error(s), 2 Warning(s).

<h2>Collection of Component include folders:</h2>
  C:\Users\Kkoutianwu\Desktop\小车车\小车车\USER\RTE
  C:\Keil_v5\ARM\PACK\Keil\STM32F1xx_DFP\1.0.5\Device\Include

<h2>Collection of Component Files used:</h2>
</pre>
</body>
</html>
